Random seed = 687437838
/p/work/rditljtd/automl_zero/baseline_qd.db3
evol_id:73464
SQLite Version: 3.4.0

Creating database for run.
/p/work/rditljtd/automl_zero/baseline_qd.db3
Running evolution experiment (on the T_search tasks)...
indivs=200, elapsed_secs=0, mean=0.500000, stdev=0.000000, best fit=0.500000, best_overall=0.500000, mean_diversity=0.000000,
indivs=10298, elapsed_secs=93, mean=0.500992, stdev=0.009451, best fit=0.567200, best_overall=0.567200, mean_diversity=0.233583,
indivs=20396, elapsed_secs=215, mean=0.500385, stdev=0.009024, best fit=0.582100, best_overall=0.582100, mean_diversity=0.096460,
indivs=30494, elapsed_secs=330, mean=0.500821, stdev=0.008169, best fit=0.582100, best_overall=0.582100, mean_diversity=0.078374,
indivs=40592, elapsed_secs=466, mean=0.500820, stdev=0.008169, best fit=0.582100, best_overall=0.582100, mean_diversity=0.059638,
indivs=50690, elapsed_secs=598, mean=0.491206, stdev=0.070678, best fit=0.582100, best_overall=0.582100, mean_diversity=0.259972,
indivs=60788, elapsed_secs=720, mean=0.496382, stdev=0.041298, best fit=0.582100, best_overall=0.582100, mean_diversity=0.237381,
indivs=70886, elapsed_secs=841, mean=0.495512, stdev=0.050502, best fit=0.582100, best_overall=0.582100, mean_diversity=0.121600,
indivs=80984, elapsed_secs=971, mean=0.501863, stdev=0.010643, best fit=0.582100, best_overall=0.582100, mean_diversity=0.209400,
indivs=91082, elapsed_secs=1084, mean=0.464178, stdev=0.124215, best fit=0.582100, best_overall=0.582100, mean_diversity=0.412714,
indivs=101180, elapsed_secs=1188, mean=0.498290, stdev=0.014634, best fit=0.582100, best_overall=0.582100, mean_diversity=0.203010,
indivs=111278, elapsed_secs=1323, mean=0.501420, stdev=0.009211, best fit=0.582100, best_overall=0.582100, mean_diversity=0.223663,
indivs=121376, elapsed_secs=1440, mean=0.558422, stdev=0.081195, best fit=0.669200, best_overall=0.669200, mean_diversity=0.442216,
indivs=131474, elapsed_secs=1545, mean=0.541170, stdev=0.071383, best fit=0.669200, best_overall=0.669200, mean_diversity=0.175883,
indivs=141572, elapsed_secs=1654, mean=0.523924, stdev=0.058455, best fit=0.669200, best_overall=0.669200, mean_diversity=0.178472,
indivs=151670, elapsed_secs=1752, mean=0.569717, stdev=0.083300, best fit=0.669200, best_overall=0.669200, mean_diversity=0.241119,
indivs=161768, elapsed_secs=1860, mean=0.586598, stdev=0.085786, best fit=0.669700, best_overall=0.669700, mean_diversity=0.072903,
indivs=171866, elapsed_secs=1949, mean=0.573392, stdev=0.101283, best fit=0.671000, best_overall=0.671000, mean_diversity=0.391589,
indivs=181964, elapsed_secs=2058, mean=0.589220, stdev=0.102574, best fit=0.671400, best_overall=0.671400, mean_diversity=0.119654,
indivs=192062, elapsed_secs=2169, mean=0.514750, stdev=0.048639, best fit=0.671400, best_overall=0.671400, mean_diversity=0.222671,
indivs=202160, elapsed_secs=2253, mean=0.512670, stdev=0.072403, best fit=0.671400, best_overall=0.671400, mean_diversity=0.128761,
indivs=212258, elapsed_secs=2365, mean=0.508441, stdev=0.036795, best fit=0.671400, best_overall=0.671400, mean_diversity=0.140701,
indivs=222356, elapsed_secs=2473, mean=0.554856, stdev=0.078152, best fit=0.671400, best_overall=0.671400, mean_diversity=0.262103,
indivs=232454, elapsed_secs=2578, mean=0.525981, stdev=0.061866, best fit=0.671400, best_overall=0.671400, mean_diversity=0.251937,
indivs=242552, elapsed_secs=2702, mean=0.517894, stdev=0.053221, best fit=0.671400, best_overall=0.671400, mean_diversity=0.249299,
indivs=252650, elapsed_secs=2814, mean=0.506267, stdev=0.033556, best fit=0.671400, best_overall=0.671400, mean_diversity=0.202130,
indivs=262748, elapsed_secs=2925, mean=0.569467, stdev=0.083371, best fit=0.671900, best_overall=0.671900, mean_diversity=0.180139,
indivs=272846, elapsed_secs=3065, mean=0.591139, stdev=0.084124, best fit=0.671900, best_overall=0.671900, mean_diversity=0.283935,
indivs=282944, elapsed_secs=3201, mean=0.520001, stdev=0.054891, best fit=0.671900, best_overall=0.671900, mean_diversity=0.316642,
indivs=293042, elapsed_secs=3328, mean=0.584944, stdev=0.085617, best fit=0.671900, best_overall=0.671900, mean_diversity=0.038136,
indivs=303140, elapsed_secs=3447, mean=0.539106, stdev=0.073161, best fit=0.671900, best_overall=0.671900, mean_diversity=0.108262,
indivs=313238, elapsed_secs=3571, mean=0.528243, stdev=0.063851, best fit=0.671900, best_overall=0.671900, mean_diversity=0.200137,
indivs=323336, elapsed_secs=3695, mean=0.588379, stdev=0.087550, best fit=0.671900, best_overall=0.671900, mean_diversity=0.099430,
indivs=333434, elapsed_secs=3844, mean=0.522862, stdev=0.059031, best fit=0.671900, best_overall=0.671900, mean_diversity=0.325546,
indivs=343532, elapsed_secs=3957, mean=0.520218, stdev=0.054625, best fit=0.671900, best_overall=0.671900, mean_diversity=0.277509,
indivs=353630, elapsed_secs=4092, mean=0.505634, stdev=0.029274, best fit=0.671900, best_overall=0.671900, mean_diversity=0.115105,
indivs=363728, elapsed_secs=4233, mean=0.546718, stdev=0.076442, best fit=0.671900, best_overall=0.671900, mean_diversity=0.168019,
indivs=373826, elapsed_secs=4393, mean=0.589511, stdev=0.084483, best fit=0.671900, best_overall=0.671900, mean_diversity=0.243216,
indivs=383924, elapsed_secs=4526, mean=0.510140, stdev=0.040149, best fit=0.671900, best_overall=0.671900, mean_diversity=0.212003,
indivs=394022, elapsed_secs=4658, mean=0.605460, stdev=0.079813, best fit=0.671900, best_overall=0.671900, mean_diversity=0.101478,
indivs=404120, elapsed_secs=4805, mean=0.498387, stdev=0.055475, best fit=0.671900, best_overall=0.671900, mean_diversity=0.113709,
indivs=414218, elapsed_secs=4942, mean=0.506561, stdev=0.066804, best fit=0.671900, best_overall=0.671900, mean_diversity=0.142496,
indivs=424316, elapsed_secs=5093, mean=0.512290, stdev=0.043337, best fit=0.671900, best_overall=0.671900, mean_diversity=0.109362,
indivs=434414, elapsed_secs=5244, mean=0.589327, stdev=0.093200, best fit=0.671900, best_overall=0.671900, mean_diversity=0.174491,
indivs=444512, elapsed_secs=5382, mean=0.574609, stdev=0.083479, best fit=0.671900, best_overall=0.671900, mean_diversity=0.123806,
indivs=454610, elapsed_secs=5520, mean=0.518566, stdev=0.052798, best fit=0.671900, best_overall=0.671900, mean_diversity=0.244496,
indivs=464708, elapsed_secs=5661, mean=0.596387, stdev=0.083736, best fit=0.671900, best_overall=0.671900, mean_diversity=0.183612,
indivs=474806, elapsed_secs=5789, mean=0.579301, stdev=0.102356, best fit=0.671900, best_overall=0.671900, mean_diversity=0.203270,
indivs=484904, elapsed_secs=5903, mean=0.546842, stdev=0.138458, best fit=0.671900, best_overall=0.671900, mean_diversity=0.353647,
indivs=495002, elapsed_secs=6047, mean=0.579809, stdev=0.105425, best fit=0.671900, best_overall=0.671900, mean_diversity=0.059456,
indivs=505100, elapsed_secs=6163, mean=0.501510, stdev=0.017185, best fit=0.671900, best_overall=0.671900, mean_diversity=0.160847,
indivs=515198, elapsed_secs=6293, mean=0.537118, stdev=0.070041, best fit=0.671900, best_overall=0.671900, mean_diversity=0.271757,
indivs=525296, elapsed_secs=6423, mean=0.540794, stdev=0.092389, best fit=0.671900, best_overall=0.671900, mean_diversity=0.193782,
indivs=535394, elapsed_secs=6589, mean=0.582256, stdev=0.101861, best fit=0.671900, best_overall=0.671900, mean_diversity=0.135790,
indivs=545492, elapsed_secs=6718, mean=0.610984, stdev=0.114851, best fit=0.671900, best_overall=0.671900, mean_diversity=0.058538,
indivs=555590, elapsed_secs=6882, mean=0.553036, stdev=0.087834, best fit=0.672000, best_overall=0.672000, mean_diversity=0.262623,
indivs=565688, elapsed_secs=7046, mean=0.609651, stdev=0.099837, best fit=0.672000, best_overall=0.672000, mean_diversity=0.159652,
indivs=575786, elapsed_secs=7223, mean=0.500987, stdev=0.017634, best fit=0.672000, best_overall=0.672000, mean_diversity=0.232951,
indivs=585884, elapsed_secs=7421, mean=0.501206, stdev=0.017540, best fit=0.672000, best_overall=0.672000, mean_diversity=0.131564,
indivs=595982, elapsed_secs=7596, mean=0.496778, stdev=0.053360, best fit=0.672000, best_overall=0.672000, mean_diversity=0.037055,
indivs=606080, elapsed_secs=7787, mean=0.609340, stdev=0.081080, best fit=0.672100, best_overall=0.672100, mean_diversity=0.165341,
indivs=616178, elapsed_secs=7976, mean=0.531205, stdev=0.064265, best fit=0.672400, best_overall=0.672400, mean_diversity=0.211497,
indivs=626276, elapsed_secs=8187, mean=0.513241, stdev=0.054081, best fit=0.672400, best_overall=0.672400, mean_diversity=0.176972,
indivs=636374, elapsed_secs=8366, mean=0.583844, stdev=0.085108, best fit=0.672400, best_overall=0.672400, mean_diversity=0.176433,
indivs=646472, elapsed_secs=8566, mean=0.505098, stdev=0.028990, best fit=0.672400, best_overall=0.672400, mean_diversity=0.106340,
indivs=656570, elapsed_secs=8787, mean=0.577083, stdev=0.142567, best fit=0.672400, best_overall=0.672400, mean_diversity=0.157961,
indivs=666668, elapsed_secs=9016, mean=0.564761, stdev=0.116493, best fit=0.672400, best_overall=0.672400, mean_diversity=0.188929,
indivs=676766, elapsed_secs=9217, mean=0.595544, stdev=0.101882, best fit=0.672400, best_overall=0.672400, mean_diversity=0.218558,
indivs=686864, elapsed_secs=9443, mean=0.555273, stdev=0.114006, best fit=0.672400, best_overall=0.672400, mean_diversity=0.276856,
indivs=696962, elapsed_secs=9627, mean=0.495469, stdev=0.052992, best fit=0.672400, best_overall=0.672400, mean_diversity=0.228397,
indivs=707060, elapsed_secs=9818, mean=0.532361, stdev=0.068202, best fit=0.672400, best_overall=0.672400, mean_diversity=0.218391,
indivs=717158, elapsed_secs=10034, mean=0.539815, stdev=0.147715, best fit=0.672400, best_overall=0.672400, mean_diversity=0.277969,
indivs=727256, elapsed_secs=10249, mean=0.550848, stdev=0.123444, best fit=0.672400, best_overall=0.672400, mean_diversity=0.359214,
indivs=737354, elapsed_secs=10508, mean=0.501724, stdev=0.017154, best fit=0.672400, best_overall=0.672400, mean_diversity=0.177243,
indivs=747452, elapsed_secs=10695, mean=0.539125, stdev=0.076824, best fit=0.672400, best_overall=0.672400, mean_diversity=0.283207,
indivs=757550, elapsed_secs=10885, mean=0.541432, stdev=0.094296, best fit=0.672400, best_overall=0.672400, mean_diversity=0.296168,
indivs=767648, elapsed_secs=11087, mean=0.575578, stdev=0.103807, best fit=0.672400, best_overall=0.672400, mean_diversity=0.165570,
indivs=777746, elapsed_secs=11288, mean=0.578098, stdev=0.100982, best fit=0.672400, best_overall=0.672400, mean_diversity=0.271358,
indivs=787844, elapsed_secs=11494, mean=0.517712, stdev=0.053696, best fit=0.672400, best_overall=0.672400, mean_diversity=0.207881,
indivs=797942, elapsed_secs=11692, mean=0.587558, stdev=0.078299, best fit=0.672400, best_overall=0.672400, mean_diversity=0.134091,
indivs=808040, elapsed_secs=11882, mean=0.572024, stdev=0.090478, best fit=0.672400, best_overall=0.672400, mean_diversity=0.323245,
indivs=818138, elapsed_secs=12088, mean=0.615183, stdev=0.079337, best fit=0.672400, best_overall=0.672400, mean_diversity=0.251140,
indivs=828236, elapsed_secs=12287, mean=0.577481, stdev=0.131157, best fit=0.672400, best_overall=0.672400, mean_diversity=0.327818,
indivs=838334, elapsed_secs=12490, mean=0.575840, stdev=0.084699, best fit=0.672400, best_overall=0.672400, mean_diversity=0.284631,
indivs=848432, elapsed_secs=12696, mean=0.501724, stdev=0.017154, best fit=0.672400, best_overall=0.672400, mean_diversity=0.105013,
indivs=858530, elapsed_secs=12901, mean=0.594420, stdev=0.084090, best fit=0.672400, best_overall=0.672400, mean_diversity=0.274424,
indivs=868628, elapsed_secs=13111, mean=0.579153, stdev=0.102449, best fit=0.672400, best_overall=0.672400, mean_diversity=0.095281,
indivs=878726, elapsed_secs=13288, mean=0.517393, stdev=0.077080, best fit=0.672400, best_overall=0.672400, mean_diversity=0.245275,
indivs=888824, elapsed_secs=13473, mean=0.541400, stdev=0.093572, best fit=0.672400, best_overall=0.672400, mean_diversity=0.348216,
indivs=898922, elapsed_secs=13708, mean=0.524496, stdev=0.060973, best fit=0.672800, best_overall=0.672800, mean_diversity=0.210280,
indivs=909020, elapsed_secs=13883, mean=0.579164, stdev=0.086259, best fit=0.672800, best_overall=0.672800, mean_diversity=0.154601,
indivs=919118, elapsed_secs=14130, mean=0.487728, stdev=0.082146, best fit=0.672800, best_overall=0.672800, mean_diversity=0.079746,
indivs=929216, elapsed_secs=14313, mean=0.539383, stdev=0.073444, best fit=0.672800, best_overall=0.672800, mean_diversity=0.089512,
indivs=939314, elapsed_secs=14526, mean=0.563665, stdev=0.081057, best fit=0.672800, best_overall=0.672800, mean_diversity=0.242016,
indivs=949412, elapsed_secs=14710, mean=0.585233, stdev=0.142145, best fit=0.672800, best_overall=0.672800, mean_diversity=0.082128,
indivs=959510, elapsed_secs=14924, mean=0.545304, stdev=0.074914, best fit=0.672800, best_overall=0.672800, mean_diversity=0.298431,
indivs=969608, elapsed_secs=15149, mean=0.540018, stdev=0.072095, best fit=0.672800, best_overall=0.672800, mean_diversity=0.387461,
indivs=979706, elapsed_secs=15333, mean=0.505231, stdev=0.132726, best fit=0.672800, best_overall=0.672800, mean_diversity=0.166290,
indivs=989804, elapsed_secs=15540, mean=0.560214, stdev=0.079740, best fit=0.672800, best_overall=0.672800, mean_diversity=0.309752,
indivs=999902, elapsed_secs=15749, mean=0.586385, stdev=0.164864, best fit=0.672800, best_overall=0.672800, mean_diversity=0.329623,
indivs=1010000, elapsed_secs=15939, mean=0.503415, stdev=0.023917, best fit=0.672800, best_overall=0.672800, mean_diversity=0.111436,
indivs=1020098, elapsed_secs=16121, mean=0.596266, stdev=0.101596, best fit=0.672800, best_overall=0.672800, mean_diversity=0.160892,
indivs=1030196, elapsed_secs=16362, mean=0.509882, stdev=0.147333, best fit=0.672800, best_overall=0.672800, mean_diversity=0.231043,
indivs=1040294, elapsed_secs=16576, mean=0.539701, stdev=0.091581, best fit=0.672800, best_overall=0.672800, mean_diversity=0.377647,
indivs=1050392, elapsed_secs=16803, mean=0.486983, stdev=0.087399, best fit=0.672800, best_overall=0.672800, mean_diversity=0.303222,
indivs=1060490, elapsed_secs=16997, mean=0.595872, stdev=0.083963, best fit=0.672800, best_overall=0.672800, mean_diversity=0.264706,
indivs=1070588, elapsed_secs=17166, mean=0.570223, stdev=0.100840, best fit=0.672800, best_overall=0.672800, mean_diversity=0.131047,
indivs=1080686, elapsed_secs=17368, mean=0.536698, stdev=0.067979, best fit=0.672800, best_overall=0.672800, mean_diversity=0.321907,
indivs=1090784, elapsed_secs=17590, mean=0.589451, stdev=0.131028, best fit=0.672800, best_overall=0.672800, mean_diversity=0.155130,
indivs=1100882, elapsed_secs=17776, mean=0.561152, stdev=0.101120, best fit=0.672800, best_overall=0.672800, mean_diversity=0.220524,
indivs=1110980, elapsed_secs=17976, mean=0.524231, stdev=0.100713, best fit=0.672800, best_overall=0.672800, mean_diversity=0.428777,
indivs=1121078, elapsed_secs=18201, mean=0.534916, stdev=0.094495, best fit=0.672800, best_overall=0.672800, mean_diversity=0.427739,
indivs=1131176, elapsed_secs=18397, mean=0.513459, stdev=0.045783, best fit=0.672800, best_overall=0.672800, mean_diversity=0.163886,
indivs=1141274, elapsed_secs=18572, mean=0.517281, stdev=0.126252, best fit=0.672800, best_overall=0.672800, mean_diversity=0.348172,
indivs=1151372, elapsed_secs=18768, mean=0.501728, stdev=0.017193, best fit=0.672800, best_overall=0.672800, mean_diversity=0.140412,
indivs=1161470, elapsed_secs=18972, mean=0.552617, stdev=0.097565, best fit=0.672800, best_overall=0.672800, mean_diversity=0.120836,
indivs=1171568, elapsed_secs=19179, mean=0.601604, stdev=0.100977, best fit=0.672800, best_overall=0.672800, mean_diversity=0.219041,
indivs=1181666, elapsed_secs=19405, mean=0.610477, stdev=0.098536, best fit=0.672800, best_overall=0.672800, mean_diversity=0.073899,
indivs=1191764, elapsed_secs=19580, mean=0.560603, stdev=0.098932, best fit=0.672800, best_overall=0.672800, mean_diversity=0.242941,
indivs=1201862, elapsed_secs=19805, mean=0.579400, stdev=0.082483, best fit=0.672800, best_overall=0.672800, mean_diversity=0.191732,
indivs=1211960, elapsed_secs=20014, mean=0.577090, stdev=0.084379, best fit=0.673400, best_overall=0.673400, mean_diversity=0.240519,
indivs=1222058, elapsed_secs=20224, mean=0.621302, stdev=0.076125, best fit=0.673400, best_overall=0.673400, mean_diversity=0.056055,
indivs=1232156, elapsed_secs=20449, mean=0.557372, stdev=0.080141, best fit=0.673400, best_overall=0.673400, mean_diversity=0.213687,
indivs=1242254, elapsed_secs=20668, mean=0.496734, stdev=0.052821, best fit=0.673400, best_overall=0.673400, mean_diversity=0.052388,
indivs=1252352, elapsed_secs=20884, mean=0.491913, stdev=0.058985, best fit=0.673400, best_overall=0.673400, mean_diversity=0.116467,
Experiment done. Retrieving candidate algorithm.
Search fitness for candidate algorithm = 0.673400
Evaluating candidate algorithm from experiment (on T_select tasks)... 
Select fitness for candidate algorithm = 0.668000
Select fitness is the best so far. 

Final evaluation of best algorithm (on unseen tasks)...
Final evaluation fitness (on unseen data) = 0.665850
Algorithm found: 
def Setup():
  s4 = 0.428467
  v5 = gaussian(-0.238626, 0.465176, n_features)
  v5 = gaussian(-0.448982, 46.5, n_features)
def Predict():
  v7 = maximum(v4, v2)
  v8 = dot(m0, v4)
  s4 = dot(v5, v3)
  v7 = dot(m0, v2)
  s1 = dot(v3, v2)
  s1 = dot(v0, v5)
  s2 = dot(v0, v3)
def Learn():
  v2 = heaviside(v4, 1.0)
  v1 = v7 + v1
  m0 = outer(v1, v7)
  s2 = s2 * s2
  v5 = v1 + v5
  v4 = v7 * v8
  s3 = s2 + s1
  v1 = s0 * v0

