Random seed = 697775815
/p/work/rditljtd/automl_zero/baseline_qd.db3
evol_id:48656
SQLite Version: 3.4.0

Creating database for run.
/p/work/rditljtd/automl_zero/baseline_qd.db3
Running evolution experiment (on the T_search tasks)...
indivs=200, elapsed_secs=0, mean=0.500000, stdev=0.000000, best fit=0.500000, best_overall=0.500000, mean_diversity=0.000000,
indivs=10298, elapsed_secs=114, mean=0.500649, stdev=0.006457, best fit=0.564900, best_overall=0.564900, mean_diversity=0.235398,
indivs=20396, elapsed_secs=206, mean=0.500075, stdev=0.012529, best fit=0.564900, best_overall=0.564900, mean_diversity=0.418893,
indivs=30494, elapsed_secs=332, mean=0.486452, stdev=0.080388, best fit=0.566100, best_overall=0.566100, mean_diversity=0.080320,
indivs=40592, elapsed_secs=446, mean=0.500751, stdev=0.007472, best fit=0.575100, best_overall=0.575100, mean_diversity=0.331053,
indivs=50690, elapsed_secs=538, mean=0.501996, stdev=0.009085, best fit=0.575100, best_overall=0.575100, mean_diversity=0.247801,
indivs=60788, elapsed_secs=634, mean=0.501497, stdev=0.008900, best fit=0.576700, best_overall=0.576700, mean_diversity=0.184424,
indivs=70886, elapsed_secs=718, mean=0.500764, stdev=0.008021, best fit=0.576700, best_overall=0.576700, mean_diversity=0.304201,
indivs=80984, elapsed_secs=796, mean=0.501070, stdev=0.009065, best fit=0.576700, best_overall=0.576700, mean_diversity=0.088748,
indivs=91082, elapsed_secs=871, mean=0.500664, stdev=0.007710, best fit=0.576700, best_overall=0.576700, mean_diversity=0.315760,
indivs=101180, elapsed_secs=963, mean=0.505610, stdev=0.016723, best fit=0.576700, best_overall=0.576700, mean_diversity=0.135485,
indivs=111278, elapsed_secs=1084, mean=0.495824, stdev=0.050421, best fit=0.576700, best_overall=0.576700, mean_diversity=0.250035,
indivs=121376, elapsed_secs=1217, mean=0.495763, stdev=0.050407, best fit=0.576700, best_overall=0.576700, mean_diversity=0.117492,
indivs=131474, elapsed_secs=1346, mean=0.500793, stdev=0.007633, best fit=0.576700, best_overall=0.576700, mean_diversity=0.155765,
indivs=141572, elapsed_secs=1452, mean=0.496903, stdev=0.051106, best fit=0.576700, best_overall=0.576700, mean_diversity=0.225356,
indivs=151670, elapsed_secs=1559, mean=0.497914, stdev=0.037423, best fit=0.577900, best_overall=0.577900, mean_diversity=0.183611,
indivs=161768, elapsed_secs=1624, mean=0.500310, stdev=0.011591, best fit=0.577900, best_overall=0.577900, mean_diversity=0.339126,
indivs=171866, elapsed_secs=1704, mean=0.500870, stdev=0.007821, best fit=0.577900, best_overall=0.577900, mean_diversity=0.163678,
indivs=181964, elapsed_secs=1804, mean=0.502052, stdev=0.011796, best fit=0.577900, best_overall=0.577900, mean_diversity=0.183160,
indivs=192062, elapsed_secs=1897, mean=0.500779, stdev=0.007751, best fit=0.577900, best_overall=0.577900, mean_diversity=0.126170,
indivs=202160, elapsed_secs=1994, mean=0.499893, stdev=0.012038, best fit=0.577900, best_overall=0.577900, mean_diversity=0.278780,
indivs=212258, elapsed_secs=2117, mean=0.506767, stdev=0.018867, best fit=0.590200, best_overall=0.590200, mean_diversity=0.191489,
indivs=222356, elapsed_secs=2230, mean=0.512071, stdev=0.057990, best fit=0.590200, best_overall=0.590200, mean_diversity=0.182992,
indivs=232454, elapsed_secs=2329, mean=0.501231, stdev=0.009522, best fit=0.590200, best_overall=0.590200, mean_diversity=0.124470,
indivs=242552, elapsed_secs=2451, mean=0.494648, stdev=0.057302, best fit=0.590200, best_overall=0.590200, mean_diversity=0.268129,
indivs=252650, elapsed_secs=2582, mean=0.503625, stdev=0.013443, best fit=0.590800, best_overall=0.590800, mean_diversity=0.267352,
indivs=262748, elapsed_secs=2699, mean=0.491321, stdev=0.071034, best fit=0.590800, best_overall=0.590800, mean_diversity=0.117944,
indivs=272846, elapsed_secs=2779, mean=0.500993, stdev=0.009880, best fit=0.599300, best_overall=0.599300, mean_diversity=0.089194,
indivs=282944, elapsed_secs=2905, mean=0.501274, stdev=0.011146, best fit=0.599300, best_overall=0.599300, mean_diversity=0.236024,
indivs=293042, elapsed_secs=3017, mean=0.502222, stdev=0.013011, best fit=0.599300, best_overall=0.599300, mean_diversity=0.259049,
indivs=303140, elapsed_secs=3176, mean=0.498690, stdev=0.052740, best fit=0.605800, best_overall=0.605800, mean_diversity=0.212250,
indivs=313238, elapsed_secs=3283, mean=0.516677, stdev=0.037874, best fit=0.605800, best_overall=0.605800, mean_diversity=0.123050,
indivs=323336, elapsed_secs=3393, mean=0.502144, stdev=0.012195, best fit=0.605800, best_overall=0.605800, mean_diversity=0.317917,
indivs=333434, elapsed_secs=3524, mean=0.501058, stdev=0.010527, best fit=0.605800, best_overall=0.605800, mean_diversity=0.096754,
indivs=343532, elapsed_secs=3655, mean=0.482636, stdev=0.096825, best fit=0.605800, best_overall=0.605800, mean_diversity=0.223191,
indivs=353630, elapsed_secs=3755, mean=0.512925, stdev=0.027412, best fit=0.605800, best_overall=0.605800, mean_diversity=0.246539,
indivs=363728, elapsed_secs=3873, mean=0.516438, stdev=0.028115, best fit=0.605800, best_overall=0.605800, mean_diversity=0.161787,
indivs=373826, elapsed_secs=3996, mean=0.486028, stdev=0.080792, best fit=0.605800, best_overall=0.605800, mean_diversity=0.263750,
indivs=383924, elapsed_secs=4102, mean=0.501058, stdev=0.010527, best fit=0.605800, best_overall=0.605800, mean_diversity=0.372112,
indivs=394022, elapsed_secs=4237, mean=0.500623, stdev=0.011422, best fit=0.605800, best_overall=0.605800, mean_diversity=0.103977,
indivs=404120, elapsed_secs=4352, mean=0.502840, stdev=0.016795, best fit=0.605800, best_overall=0.605800, mean_diversity=0.181581,
indivs=414218, elapsed_secs=4482, mean=0.496722, stdev=0.020429, best fit=0.606200, best_overall=0.606200, mean_diversity=0.445901,
indivs=424316, elapsed_secs=4653, mean=0.503459, stdev=0.055466, best fit=0.606200, best_overall=0.606200, mean_diversity=0.205182,
indivs=434414, elapsed_secs=4794, mean=0.501062, stdev=0.010567, best fit=0.606200, best_overall=0.606200, mean_diversity=0.187628,
indivs=444512, elapsed_secs=4925, mean=0.499824, stdev=0.012705, best fit=0.606200, best_overall=0.606200, mean_diversity=0.324379,
indivs=454610, elapsed_secs=5068, mean=0.498084, stdev=0.051834, best fit=0.606200, best_overall=0.606200, mean_diversity=0.212956,
indivs=464708, elapsed_secs=5202, mean=0.496620, stdev=0.051462, best fit=0.606200, best_overall=0.606200, mean_diversity=0.160961,
indivs=474806, elapsed_secs=5327, mean=0.506904, stdev=0.018045, best fit=0.606200, best_overall=0.606200, mean_diversity=0.063557,
indivs=484904, elapsed_secs=5453, mean=0.500816, stdev=0.010853, best fit=0.606200, best_overall=0.606200, mean_diversity=0.126731,
indivs=495002, elapsed_secs=5641, mean=0.515563, stdev=0.029342, best fit=0.606200, best_overall=0.606200, mean_diversity=0.093047,
indivs=505100, elapsed_secs=5772, mean=0.492746, stdev=0.071801, best fit=0.606200, best_overall=0.606200, mean_diversity=0.185493,
indivs=515198, elapsed_secs=5904, mean=0.506978, stdev=0.020261, best fit=0.606200, best_overall=0.606200, mean_diversity=0.154832,
indivs=525296, elapsed_secs=6036, mean=0.491053, stdev=0.070942, best fit=0.606200, best_overall=0.606200, mean_diversity=0.103627,
indivs=535394, elapsed_secs=6176, mean=0.486062, stdev=0.086131, best fit=0.606200, best_overall=0.606200, mean_diversity=0.232320,
indivs=545492, elapsed_secs=6319, mean=0.504849, stdev=0.016706, best fit=0.606200, best_overall=0.606200, mean_diversity=0.303231,
indivs=555590, elapsed_secs=6457, mean=0.491200, stdev=0.070964, best fit=0.606200, best_overall=0.606200, mean_diversity=0.107776,
indivs=565688, elapsed_secs=6577, mean=0.475072, stdev=0.109677, best fit=0.606200, best_overall=0.606200, mean_diversity=0.164614,
indivs=575786, elapsed_secs=6725, mean=0.502170, stdev=0.013404, best fit=0.606200, best_overall=0.606200, mean_diversity=0.397552,
indivs=585884, elapsed_secs=6841, mean=0.496106, stdev=0.050969, best fit=0.606200, best_overall=0.606200, mean_diversity=0.257407,
indivs=595982, elapsed_secs=6977, mean=0.504019, stdev=0.015771, best fit=0.606200, best_overall=0.606200, mean_diversity=0.162380,
indivs=606080, elapsed_secs=7106, mean=0.515896, stdev=0.029284, best fit=0.606200, best_overall=0.606200, mean_diversity=0.117894,
indivs=616178, elapsed_secs=7254, mean=0.504878, stdev=0.017479, best fit=0.606200, best_overall=0.606200, mean_diversity=0.255038,
indivs=626276, elapsed_secs=7399, mean=0.501998, stdev=0.012522, best fit=0.606200, best_overall=0.606200, mean_diversity=0.256273,
indivs=636374, elapsed_secs=7530, mean=0.504644, stdev=0.017605, best fit=0.606200, best_overall=0.606200, mean_diversity=0.209884,
indivs=646472, elapsed_secs=7705, mean=0.506251, stdev=0.019681, best fit=0.606200, best_overall=0.606200, mean_diversity=0.362202,
indivs=656570, elapsed_secs=7827, mean=0.502436, stdev=0.013006, best fit=0.606200, best_overall=0.606200, mean_diversity=0.296327,
indivs=666668, elapsed_secs=7984, mean=0.490427, stdev=0.071048, best fit=0.606200, best_overall=0.606200, mean_diversity=0.078111,
indivs=676766, elapsed_secs=8116, mean=0.502395, stdev=0.012847, best fit=0.606200, best_overall=0.606200, mean_diversity=0.200064,
indivs=686864, elapsed_secs=8245, mean=0.507479, stdev=0.021955, best fit=0.606200, best_overall=0.606200, mean_diversity=0.174317,
indivs=696962, elapsed_secs=8393, mean=0.502051, stdev=0.012701, best fit=0.606200, best_overall=0.606200, mean_diversity=0.185100,
indivs=707060, elapsed_secs=8504, mean=0.500535, stdev=0.011844, best fit=0.606200, best_overall=0.606200, mean_diversity=0.256220,
indivs=717158, elapsed_secs=8642, mean=0.469782, stdev=0.119357, best fit=0.606200, best_overall=0.606200, mean_diversity=0.086341,
indivs=727256, elapsed_secs=8769, mean=0.512993, stdev=0.025638, best fit=0.606200, best_overall=0.606200, mean_diversity=0.116741,
indivs=737354, elapsed_secs=8900, mean=0.504897, stdev=0.018025, best fit=0.606200, best_overall=0.606200, mean_diversity=0.259327,
indivs=747452, elapsed_secs=9020, mean=0.508029, stdev=0.024484, best fit=0.606200, best_overall=0.606200, mean_diversity=0.266937,
indivs=757550, elapsed_secs=9165, mean=0.514521, stdev=0.025184, best fit=0.606200, best_overall=0.606200, mean_diversity=0.302906,
indivs=767648, elapsed_secs=9302, mean=0.471619, stdev=0.119700, best fit=0.606200, best_overall=0.606200, mean_diversity=0.139246,
indivs=777746, elapsed_secs=9448, mean=0.503167, stdev=0.014705, best fit=0.606200, best_overall=0.606200, mean_diversity=0.319716,
indivs=787844, elapsed_secs=9582, mean=0.501062, stdev=0.010567, best fit=0.606200, best_overall=0.606200, mean_diversity=0.132826,
indivs=797942, elapsed_secs=9706, mean=0.503797, stdev=0.018030, best fit=0.606200, best_overall=0.606200, mean_diversity=0.381765,
indivs=808040, elapsed_secs=9836, mean=0.515277, stdev=0.037008, best fit=0.606200, best_overall=0.606200, mean_diversity=0.146006,
indivs=818138, elapsed_secs=9964, mean=0.506752, stdev=0.020037, best fit=0.606200, best_overall=0.606200, mean_diversity=0.315166,
indivs=828236, elapsed_secs=10076, mean=0.517887, stdev=0.024706, best fit=0.606200, best_overall=0.606200, mean_diversity=0.070107,
indivs=838334, elapsed_secs=10184, mean=0.500741, stdev=0.053514, best fit=0.606200, best_overall=0.606200, mean_diversity=0.321163,
indivs=848432, elapsed_secs=10342, mean=0.516695, stdev=0.025452, best fit=0.606200, best_overall=0.606200, mean_diversity=0.104640,
indivs=858530, elapsed_secs=10514, mean=0.492512, stdev=0.071573, best fit=0.606200, best_overall=0.606200, mean_diversity=0.266317,
indivs=868628, elapsed_secs=10670, mean=0.504339, stdev=0.015758, best fit=0.606200, best_overall=0.606200, mean_diversity=0.486797,
indivs=878726, elapsed_secs=10796, mean=0.500098, stdev=0.019144, best fit=0.606200, best_overall=0.606200, mean_diversity=0.279707,
indivs=888824, elapsed_secs=10943, mean=0.505712, stdev=0.018589, best fit=0.606200, best_overall=0.606200, mean_diversity=0.202691,
indivs=898922, elapsed_secs=11076, mean=0.500965, stdev=0.012640, best fit=0.606200, best_overall=0.606200, mean_diversity=0.222477,
indivs=909020, elapsed_secs=11223, mean=0.500486, stdev=0.012072, best fit=0.606200, best_overall=0.606200, mean_diversity=0.122026,
indivs=919118, elapsed_secs=11353, mean=0.502696, stdev=0.013436, best fit=0.606200, best_overall=0.606200, mean_diversity=0.299351,
indivs=929216, elapsed_secs=11522, mean=0.504965, stdev=0.016099, best fit=0.606200, best_overall=0.606200, mean_diversity=0.215748,
indivs=939314, elapsed_secs=11631, mean=0.501062, stdev=0.010567, best fit=0.606200, best_overall=0.606200, mean_diversity=0.084133,
indivs=949412, elapsed_secs=11783, mean=0.492035, stdev=0.071324, best fit=0.606200, best_overall=0.606200, mean_diversity=0.146541,
indivs=959510, elapsed_secs=11930, mean=0.501541, stdev=0.014636, best fit=0.606200, best_overall=0.606200, mean_diversity=0.119967,
indivs=969608, elapsed_secs=12042, mean=0.501062, stdev=0.010567, best fit=0.606200, best_overall=0.606200, mean_diversity=0.303322,
indivs=979706, elapsed_secs=12186, mean=0.501548, stdev=0.011161, best fit=0.606200, best_overall=0.606200, mean_diversity=0.315124,
indivs=989804, elapsed_secs=12326, mean=0.508409, stdev=0.020258, best fit=0.606200, best_overall=0.606200, mean_diversity=0.314526,
indivs=999902, elapsed_secs=12458, mean=0.496645, stdev=0.053010, best fit=0.606200, best_overall=0.606200, mean_diversity=0.203038,
indivs=1010000, elapsed_secs=12613, mean=0.514376, stdev=0.031791, best fit=0.606200, best_overall=0.606200, mean_diversity=0.115526,
indivs=1020098, elapsed_secs=12782, mean=0.496062, stdev=0.050963, best fit=0.606200, best_overall=0.606200, mean_diversity=0.267903,
indivs=1030196, elapsed_secs=12891, mean=0.501615, stdev=0.011827, best fit=0.606200, best_overall=0.606200, mean_diversity=0.102411,
indivs=1040294, elapsed_secs=13013, mean=0.501760, stdev=0.013924, best fit=0.606200, best_overall=0.606200, mean_diversity=0.280746,
indivs=1050392, elapsed_secs=13174, mean=0.501197, stdev=0.010580, best fit=0.606200, best_overall=0.606200, mean_diversity=0.123345,
indivs=1060490, elapsed_secs=13350, mean=0.501062, stdev=0.010567, best fit=0.606200, best_overall=0.606200, mean_diversity=0.237221,
indivs=1070588, elapsed_secs=13487, mean=0.496191, stdev=0.052088, best fit=0.606200, best_overall=0.606200, mean_diversity=0.294570,
indivs=1080686, elapsed_secs=13614, mean=0.503925, stdev=0.015840, best fit=0.606200, best_overall=0.606200, mean_diversity=0.272668,
indivs=1090784, elapsed_secs=13759, mean=0.506061, stdev=0.018788, best fit=0.606200, best_overall=0.606200, mean_diversity=0.191571,
indivs=1100882, elapsed_secs=13869, mean=0.515302, stdev=0.026783, best fit=0.606200, best_overall=0.606200, mean_diversity=0.278811,
indivs=1110980, elapsed_secs=13989, mean=0.502234, stdev=0.014438, best fit=0.606200, best_overall=0.606200, mean_diversity=0.236498,
indivs=1121078, elapsed_secs=14144, mean=0.509965, stdev=0.021146, best fit=0.606200, best_overall=0.606200, mean_diversity=0.117814,
indivs=1131176, elapsed_secs=14244, mean=0.501100, stdev=0.010823, best fit=0.606200, best_overall=0.606200, mean_diversity=0.087474,
indivs=1141274, elapsed_secs=14371, mean=0.502494, stdev=0.013398, best fit=0.606200, best_overall=0.606200, mean_diversity=0.178610,
indivs=1151372, elapsed_secs=14484, mean=0.501784, stdev=0.012280, best fit=0.606200, best_overall=0.606200, mean_diversity=0.150151,
indivs=1161470, elapsed_secs=14602, mean=0.508384, stdev=0.020064, best fit=0.606200, best_overall=0.606200, mean_diversity=0.350255,
indivs=1171568, elapsed_secs=14737, mean=0.500809, stdev=0.010887, best fit=0.606200, best_overall=0.606200, mean_diversity=0.271423,
indivs=1181666, elapsed_secs=14850, mean=0.502218, stdev=0.020765, best fit=0.606200, best_overall=0.606200, mean_diversity=0.238292,
indivs=1191764, elapsed_secs=14994, mean=0.510051, stdev=0.021722, best fit=0.606200, best_overall=0.606200, mean_diversity=0.105195,
indivs=1201862, elapsed_secs=15119, mean=0.506446, stdev=0.017683, best fit=0.606200, best_overall=0.606200, mean_diversity=0.107265,
indivs=1211960, elapsed_secs=15280, mean=0.501062, stdev=0.010567, best fit=0.606200, best_overall=0.606200, mean_diversity=0.079216,
indivs=1222058, elapsed_secs=15378, mean=0.501835, stdev=0.011727, best fit=0.606200, best_overall=0.606200, mean_diversity=0.311222,
indivs=1232156, elapsed_secs=15501, mean=0.501354, stdev=0.011431, best fit=0.606200, best_overall=0.606200, mean_diversity=0.510242,
indivs=1242254, elapsed_secs=15686, mean=0.507378, stdev=0.019331, best fit=0.606200, best_overall=0.606200, mean_diversity=0.181130,
indivs=1252352, elapsed_secs=15843, mean=0.500968, stdev=0.010810, best fit=0.606200, best_overall=0.606200, mean_diversity=0.093875,
Experiment done. Retrieving candidate algorithm.
Search fitness for candidate algorithm = 0.606200
Evaluating candidate algorithm from experiment (on T_select tasks)... 
Select fitness for candidate algorithm = 0.564000
Select fitness is the best so far. 

Final evaluation of best algorithm (on unseen tasks)...
Final evaluation fitness (on unseen data) = 0.504130
Algorithm found: 
def Setup():
  s1 = 0.317721
  v2 = gaussian(-0.498488, 0.739137, n_features)
  m0 = gaussian(-0.175075, 0.700675, (n_features, n_features))
def Predict():
  v6 = dot(m1, v2)
  s1 = dot(v3, v0)
  s4 = s3 + s4
  v6 = maximum(v5, v6)
  v4 = dot(m0, v2)
def Learn():
  v3 = v2 * v0
  s3 = s3 - s1
  v7 = v4 * v7

