Random seed = 697087273
/p/work/rditljtd/automl_zero/baseline_qd.db3
evol_id:97273
SQLite Version: 3.4.0

Creating database for run.
/p/work/rditljtd/automl_zero/baseline_qd.db3
Running evolution experiment (on the T_search tasks)...
indivs=200, elapsed_secs=0, mean=0.500000, stdev=0.000000, best fit=0.500000, best_overall=0.500000, mean_diversity=0.000000,
indivs=10298, elapsed_secs=113, mean=0.497287, stdev=0.051472, best fit=0.571200, best_overall=0.571200, mean_diversity=0.359969,
indivs=20396, elapsed_secs=217, mean=0.500691, stdev=0.011598, best fit=0.571200, best_overall=0.571200, mean_diversity=0.120090,
indivs=30494, elapsed_secs=322, mean=0.497400, stdev=0.015313, best fit=0.571200, best_overall=0.571200, mean_diversity=0.377174,
indivs=40592, elapsed_secs=430, mean=0.501004, stdev=0.007673, best fit=0.571200, best_overall=0.571200, mean_diversity=0.286261,
indivs=50690, elapsed_secs=509, mean=0.501510, stdev=0.011165, best fit=0.590100, best_overall=0.590100, mean_diversity=0.303544,
indivs=60788, elapsed_secs=605, mean=0.500900, stdev=0.008965, best fit=0.590100, best_overall=0.590100, mean_diversity=0.156800,
indivs=70886, elapsed_secs=712, mean=0.490901, stdev=0.070699, best fit=0.590100, best_overall=0.590100, mean_diversity=0.083836,
indivs=80984, elapsed_secs=825, mean=0.499406, stdev=0.012856, best fit=0.590100, best_overall=0.590100, mean_diversity=0.341132,
indivs=91082, elapsed_secs=951, mean=0.499751, stdev=0.012052, best fit=0.590100, best_overall=0.590100, mean_diversity=0.181207,
indivs=101180, elapsed_secs=1063, mean=0.490910, stdev=0.070700, best fit=0.590100, best_overall=0.590100, mean_diversity=0.148724,
indivs=111278, elapsed_secs=1196, mean=0.501882, stdev=0.011293, best fit=0.590100, best_overall=0.590100, mean_diversity=0.107880,
indivs=121376, elapsed_secs=1303, mean=0.500767, stdev=0.009160, best fit=0.590100, best_overall=0.590100, mean_diversity=0.223828,
indivs=131474, elapsed_secs=1383, mean=0.500113, stdev=0.018154, best fit=0.590100, best_overall=0.590100, mean_diversity=0.176206,
indivs=141572, elapsed_secs=1511, mean=0.500901, stdev=0.008965, best fit=0.590100, best_overall=0.590100, mean_diversity=0.439677,
indivs=151670, elapsed_secs=1623, mean=0.500620, stdev=0.012831, best fit=0.590100, best_overall=0.590100, mean_diversity=0.179907,
indivs=161768, elapsed_secs=1751, mean=0.500877, stdev=0.008970, best fit=0.590100, best_overall=0.590100, mean_diversity=0.092728,
indivs=171866, elapsed_secs=1848, mean=0.500901, stdev=0.008965, best fit=0.590100, best_overall=0.590100, mean_diversity=0.095333,
indivs=181964, elapsed_secs=1949, mean=0.501218, stdev=0.009473, best fit=0.590100, best_overall=0.590100, mean_diversity=0.205377,
indivs=192062, elapsed_secs=2025, mean=0.500610, stdev=0.011967, best fit=0.590100, best_overall=0.590100, mean_diversity=0.239379,
indivs=202160, elapsed_secs=2129, mean=0.494401, stdev=0.052677, best fit=0.590100, best_overall=0.590100, mean_diversity=0.271915,
indivs=212258, elapsed_secs=2206, mean=0.500894, stdev=0.012326, best fit=0.590100, best_overall=0.590100, mean_diversity=0.295959,
indivs=222356, elapsed_secs=2298, mean=0.495724, stdev=0.020752, best fit=0.590100, best_overall=0.590100, mean_diversity=0.173511,
indivs=232454, elapsed_secs=2391, mean=0.500901, stdev=0.008965, best fit=0.590100, best_overall=0.590100, mean_diversity=0.452624,
indivs=242552, elapsed_secs=2483, mean=0.495878, stdev=0.051220, best fit=0.590100, best_overall=0.590100, mean_diversity=0.434726,
indivs=252650, elapsed_secs=2592, mean=0.500904, stdev=0.008965, best fit=0.590100, best_overall=0.590100, mean_diversity=0.071815,
indivs=262748, elapsed_secs=2705, mean=0.500619, stdev=0.013610, best fit=0.590100, best_overall=0.590100, mean_diversity=0.243669,
indivs=272846, elapsed_secs=2830, mean=0.500901, stdev=0.008965, best fit=0.590100, best_overall=0.590100, mean_diversity=0.247061,
indivs=282944, elapsed_secs=2960, mean=0.501337, stdev=0.010048, best fit=0.590100, best_overall=0.590100, mean_diversity=0.148533,
indivs=293042, elapsed_secs=3058, mean=0.495148, stdev=0.051240, best fit=0.590100, best_overall=0.590100, mean_diversity=0.269715,
indivs=303140, elapsed_secs=3165, mean=0.500953, stdev=0.009482, best fit=0.595300, best_overall=0.595300, mean_diversity=0.126678,
indivs=313238, elapsed_secs=3275, mean=0.501296, stdev=0.012168, best fit=0.595300, best_overall=0.595300, mean_diversity=0.201827,
indivs=323336, elapsed_secs=3396, mean=0.500953, stdev=0.009482, best fit=0.595300, best_overall=0.595300, mean_diversity=0.212656,
indivs=333434, elapsed_secs=3511, mean=0.500953, stdev=0.009482, best fit=0.595300, best_overall=0.595300, mean_diversity=0.118719,
indivs=343532, elapsed_secs=3609, mean=0.501349, stdev=0.018367, best fit=0.595300, best_overall=0.595300, mean_diversity=0.238720,
indivs=353630, elapsed_secs=3805, mean=0.486662, stdev=0.087545, best fit=0.595300, best_overall=0.595300, mean_diversity=0.333677,
indivs=363728, elapsed_secs=3909, mean=0.501612, stdev=0.010697, best fit=0.595300, best_overall=0.595300, mean_diversity=0.097413,
indivs=373826, elapsed_secs=4034, mean=0.500511, stdev=0.012107, best fit=0.595300, best_overall=0.595300, mean_diversity=0.228556,
indivs=383924, elapsed_secs=4169, mean=0.500961, stdev=0.009482, best fit=0.595300, best_overall=0.595300, mean_diversity=0.115272,
indivs=394022, elapsed_secs=4276, mean=0.500953, stdev=0.009482, best fit=0.595300, best_overall=0.595300, mean_diversity=0.206871,
indivs=404120, elapsed_secs=4398, mean=0.500953, stdev=0.009482, best fit=0.595300, best_overall=0.595300, mean_diversity=0.151098,
indivs=414218, elapsed_secs=4503, mean=0.501551, stdev=0.017591, best fit=0.595300, best_overall=0.595300, mean_diversity=0.237034,
indivs=424316, elapsed_secs=4645, mean=0.490872, stdev=0.071442, best fit=0.595300, best_overall=0.595300, mean_diversity=0.373027,
indivs=434414, elapsed_secs=4781, mean=0.500953, stdev=0.009482, best fit=0.595300, best_overall=0.595300, mean_diversity=0.421736,
indivs=444512, elapsed_secs=4898, mean=0.491789, stdev=0.071103, best fit=0.595300, best_overall=0.595300, mean_diversity=0.224914,
indivs=454610, elapsed_secs=5016, mean=0.500953, stdev=0.009482, best fit=0.595300, best_overall=0.595300, mean_diversity=0.126197,
indivs=464708, elapsed_secs=5135, mean=0.501272, stdev=0.011961, best fit=0.595300, best_overall=0.595300, mean_diversity=0.470684,
indivs=474806, elapsed_secs=5232, mean=0.500444, stdev=0.009875, best fit=0.595300, best_overall=0.595300, mean_diversity=0.193054,
indivs=484904, elapsed_secs=5348, mean=0.501096, stdev=0.012025, best fit=0.595300, best_overall=0.595300, mean_diversity=0.188197,
indivs=495002, elapsed_secs=5447, mean=0.497901, stdev=0.052595, best fit=0.595300, best_overall=0.595300, mean_diversity=0.388161,
indivs=505100, elapsed_secs=5581, mean=0.499755, stdev=0.013943, best fit=0.595300, best_overall=0.595300, mean_diversity=0.076126,
indivs=515198, elapsed_secs=5716, mean=0.500953, stdev=0.009482, best fit=0.595300, best_overall=0.595300, mean_diversity=0.235357,
indivs=525296, elapsed_secs=5851, mean=0.500534, stdev=0.010848, best fit=0.595300, best_overall=0.595300, mean_diversity=0.311748,
indivs=535394, elapsed_secs=5977, mean=0.496267, stdev=0.051123, best fit=0.595300, best_overall=0.595300, mean_diversity=0.059363,
indivs=545492, elapsed_secs=6081, mean=0.500953, stdev=0.009482, best fit=0.595300, best_overall=0.595300, mean_diversity=0.098134,
indivs=555590, elapsed_secs=6195, mean=0.502321, stdev=0.018214, best fit=0.595300, best_overall=0.595300, mean_diversity=0.157500,
indivs=565688, elapsed_secs=6305, mean=0.500936, stdev=0.009484, best fit=0.595300, best_overall=0.595300, mean_diversity=0.206514,
indivs=575786, elapsed_secs=6393, mean=0.499393, stdev=0.016661, best fit=0.595300, best_overall=0.595300, mean_diversity=0.216174,
indivs=585884, elapsed_secs=6505, mean=0.495875, stdev=0.050875, best fit=0.595300, best_overall=0.595300, mean_diversity=0.384191,
indivs=595982, elapsed_secs=6628, mean=0.500953, stdev=0.009482, best fit=0.595300, best_overall=0.595300, mean_diversity=0.121570,
indivs=606080, elapsed_secs=6744, mean=0.502133, stdev=0.011462, best fit=0.595300, best_overall=0.595300, mean_diversity=0.235220,
indivs=616178, elapsed_secs=6862, mean=0.501351, stdev=0.010228, best fit=0.595300, best_overall=0.595300, mean_diversity=0.300644,
indivs=626276, elapsed_secs=6983, mean=0.500794, stdev=0.012197, best fit=0.595300, best_overall=0.595300, mean_diversity=0.290543,
indivs=636374, elapsed_secs=7097, mean=0.490958, stdev=0.070775, best fit=0.595300, best_overall=0.595300, mean_diversity=0.083187,
indivs=646472, elapsed_secs=7189, mean=0.495953, stdev=0.050739, best fit=0.595300, best_overall=0.595300, mean_diversity=0.110409,
indivs=656570, elapsed_secs=7301, mean=0.501605, stdev=0.012970, best fit=0.595300, best_overall=0.595300, mean_diversity=0.167891,
indivs=666668, elapsed_secs=7406, mean=0.496062, stdev=0.050955, best fit=0.595300, best_overall=0.595300, mean_diversity=0.329125,
indivs=676766, elapsed_secs=7565, mean=0.494091, stdev=0.053082, best fit=0.595300, best_overall=0.595300, mean_diversity=0.234004,
indivs=686864, elapsed_secs=7688, mean=0.500953, stdev=0.009482, best fit=0.595300, best_overall=0.595300, mean_diversity=0.450968,
indivs=696962, elapsed_secs=7875, mean=0.500927, stdev=0.009488, best fit=0.595300, best_overall=0.595300, mean_diversity=0.341676,
indivs=707060, elapsed_secs=7986, mean=0.500511, stdev=0.013050, best fit=0.596000, best_overall=0.596000, mean_diversity=0.221483,
indivs=717158, elapsed_secs=8092, mean=0.500960, stdev=0.009552, best fit=0.596000, best_overall=0.596000, mean_diversity=0.121808,
indivs=727256, elapsed_secs=8200, mean=0.500343, stdev=0.011393, best fit=0.596000, best_overall=0.596000, mean_diversity=0.355727,
indivs=737354, elapsed_secs=8296, mean=0.500915, stdev=0.010398, best fit=0.596000, best_overall=0.596000, mean_diversity=0.293090,
indivs=747452, elapsed_secs=8402, mean=0.500898, stdev=0.009578, best fit=0.596000, best_overall=0.596000, mean_diversity=0.199453,
indivs=757550, elapsed_secs=8495, mean=0.500996, stdev=0.009910, best fit=0.599600, best_overall=0.599600, mean_diversity=0.263417,
indivs=767648, elapsed_secs=8605, mean=0.501393, stdev=0.010019, best fit=0.599600, best_overall=0.599600, mean_diversity=0.136740,
indivs=777746, elapsed_secs=8707, mean=0.501216, stdev=0.010793, best fit=0.599600, best_overall=0.599600, mean_diversity=0.071923,
indivs=787844, elapsed_secs=8820, mean=0.500634, stdev=0.014931, best fit=0.599600, best_overall=0.599600, mean_diversity=0.222034,
indivs=797942, elapsed_secs=8916, mean=0.500535, stdev=0.016501, best fit=0.599600, best_overall=0.599600, mean_diversity=0.093321,
indivs=808040, elapsed_secs=9061, mean=0.501402, stdev=0.014367, best fit=0.599600, best_overall=0.599600, mean_diversity=0.201839,
indivs=818138, elapsed_secs=9172, mean=0.499581, stdev=0.018020, best fit=0.599600, best_overall=0.599600, mean_diversity=0.064863,
indivs=828236, elapsed_secs=9291, mean=0.500675, stdev=0.010443, best fit=0.599600, best_overall=0.599600, mean_diversity=0.108724,
indivs=838334, elapsed_secs=9424, mean=0.502359, stdev=0.013338, best fit=0.599600, best_overall=0.599600, mean_diversity=0.262284,
indivs=848432, elapsed_secs=9576, mean=0.500443, stdev=0.011474, best fit=0.599600, best_overall=0.599600, mean_diversity=0.236949,
indivs=858530, elapsed_secs=9669, mean=0.501192, stdev=0.011366, best fit=0.599600, best_overall=0.599600, mean_diversity=0.198279,
indivs=868628, elapsed_secs=9767, mean=0.499993, stdev=0.024874, best fit=0.599600, best_overall=0.599600, mean_diversity=0.092727,
indivs=878726, elapsed_secs=9870, mean=0.502588, stdev=0.018703, best fit=0.599600, best_overall=0.599600, mean_diversity=0.161880,
indivs=888824, elapsed_secs=9992, mean=0.500999, stdev=0.013469, best fit=0.599600, best_overall=0.599600, mean_diversity=0.240043,
indivs=898922, elapsed_secs=10103, mean=0.500852, stdev=0.010210, best fit=0.599600, best_overall=0.599600, mean_diversity=0.182194,
indivs=909020, elapsed_secs=10205, mean=0.500798, stdev=0.012109, best fit=0.599600, best_overall=0.599600, mean_diversity=0.255878,
indivs=919118, elapsed_secs=10321, mean=0.501676, stdev=0.018114, best fit=0.599600, best_overall=0.599600, mean_diversity=0.248412,
indivs=929216, elapsed_secs=10456, mean=0.503590, stdev=0.010850, best fit=0.599600, best_overall=0.599600, mean_diversity=0.375492,
indivs=939314, elapsed_secs=10585, mean=0.495905, stdev=0.051696, best fit=0.599600, best_overall=0.599600, mean_diversity=0.354937,
indivs=949412, elapsed_secs=10693, mean=0.500997, stdev=0.009910, best fit=0.599600, best_overall=0.599600, mean_diversity=0.109527,
indivs=959510, elapsed_secs=10803, mean=0.501345, stdev=0.013166, best fit=0.599600, best_overall=0.599600, mean_diversity=0.269323,
indivs=969608, elapsed_secs=10919, mean=0.500996, stdev=0.009910, best fit=0.599600, best_overall=0.599600, mean_diversity=0.263912,
indivs=979706, elapsed_secs=11021, mean=0.502769, stdev=0.012024, best fit=0.599600, best_overall=0.599600, mean_diversity=0.170652,
indivs=989804, elapsed_secs=11165, mean=0.507582, stdev=0.033063, best fit=0.651700, best_overall=0.651700, mean_diversity=0.201983,
indivs=999902, elapsed_secs=11298, mean=0.553365, stdev=0.079477, best fit=0.669800, best_overall=0.669800, mean_diversity=0.053705,
indivs=1010000, elapsed_secs=11470, mean=0.534871, stdev=0.089159, best fit=0.669800, best_overall=0.669800, mean_diversity=0.256565,
indivs=1020098, elapsed_secs=11630, mean=0.594385, stdev=0.129383, best fit=0.671300, best_overall=0.671300, mean_diversity=0.126615,
indivs=1030196, elapsed_secs=11850, mean=0.583314, stdev=0.127197, best fit=0.671300, best_overall=0.671300, mean_diversity=0.153224,
indivs=1040294, elapsed_secs=12095, mean=0.547185, stdev=0.125280, best fit=0.671300, best_overall=0.671300, mean_diversity=0.326834,
indivs=1050392, elapsed_secs=12311, mean=0.561782, stdev=0.128657, best fit=0.671300, best_overall=0.671300, mean_diversity=0.103975,
indivs=1060490, elapsed_secs=12513, mean=0.572870, stdev=0.117738, best fit=0.671500, best_overall=0.671500, mean_diversity=0.118386,
indivs=1070588, elapsed_secs=12749, mean=0.620547, stdev=0.112074, best fit=0.671500, best_overall=0.671500, mean_diversity=0.059901,
indivs=1080686, elapsed_secs=12971, mean=0.510218, stdev=0.168857, best fit=0.671500, best_overall=0.671500, mean_diversity=0.315710,
indivs=1090784, elapsed_secs=13174, mean=0.508480, stdev=0.102759, best fit=0.671500, best_overall=0.671500, mean_diversity=0.419035,
indivs=1100882, elapsed_secs=13387, mean=0.597763, stdev=0.101518, best fit=0.671500, best_overall=0.671500, mean_diversity=0.243350,
indivs=1110980, elapsed_secs=13609, mean=0.573149, stdev=0.116766, best fit=0.671500, best_overall=0.671500, mean_diversity=0.328617,
indivs=1121078, elapsed_secs=13817, mean=0.527929, stdev=0.062464, best fit=0.671500, best_overall=0.671500, mean_diversity=0.345119,
indivs=1131176, elapsed_secs=14046, mean=0.514525, stdev=0.075808, best fit=0.671500, best_overall=0.671500, mean_diversity=0.434406,
indivs=1141274, elapsed_secs=14261, mean=0.547357, stdev=0.075435, best fit=0.671500, best_overall=0.671500, mean_diversity=0.501024,
indivs=1151372, elapsed_secs=14485, mean=0.607687, stdev=0.075820, best fit=0.671800, best_overall=0.671800, mean_diversity=0.122290,
indivs=1161470, elapsed_secs=14718, mean=0.558392, stdev=0.073958, best fit=0.671800, best_overall=0.671800, mean_diversity=0.287645,
indivs=1171568, elapsed_secs=14976, mean=0.497927, stdev=0.055663, best fit=0.671800, best_overall=0.671800, mean_diversity=0.083612,
indivs=1181666, elapsed_secs=15209, mean=0.530431, stdev=0.064944, best fit=0.671800, best_overall=0.671800, mean_diversity=0.303857,
indivs=1191764, elapsed_secs=15424, mean=0.527149, stdev=0.085276, best fit=0.671800, best_overall=0.671800, mean_diversity=0.232626,
indivs=1201862, elapsed_secs=15617, mean=0.500061, stdev=0.058139, best fit=0.671800, best_overall=0.671800, mean_diversity=0.123148,
indivs=1211960, elapsed_secs=15857, mean=0.488488, stdev=0.086514, best fit=0.671800, best_overall=0.671800, mean_diversity=0.107205,
indivs=1222058, elapsed_secs=16096, mean=0.491718, stdev=0.072295, best fit=0.671800, best_overall=0.671800, mean_diversity=0.177592,
indivs=1232156, elapsed_secs=16347, mean=0.599646, stdev=0.101332, best fit=0.671800, best_overall=0.671800, mean_diversity=0.259722,
indivs=1242254, elapsed_secs=16603, mean=0.533147, stdev=0.088225, best fit=0.671800, best_overall=0.671800, mean_diversity=0.234255,
indivs=1252352, elapsed_secs=16855, mean=0.569423, stdev=0.114665, best fit=0.671800, best_overall=0.671800, mean_diversity=0.283522,
Experiment done. Retrieving candidate algorithm.
Search fitness for candidate algorithm = 0.671800
Evaluating candidate algorithm from experiment (on T_select tasks)... 
Select fitness for candidate algorithm = 0.667700
Select fitness is the best so far. 

Final evaluation of best algorithm (on unseen tasks)...
Final evaluation fitness (on unseen data) = 0.665340
Algorithm found: 
def Setup():
  s4 = gaussian(0.548203, 0.468396)
  v4 = gaussian(-0.152948, 25.6535, n_features)
  v3 = gaussian(-0.337106, 0.285571, n_features)
def Predict():
  v6 = maximum(v4, v7)
  v4 = v2 + v4
  v7 = maximum(v1, v1)
  s4 = dot(v7, v4)
  s1 = dot(v0, v4)
  v2 = dot(m1, v7)
  s2 = dot(v1, v8)
  s3 = s2 + s1
  v6 = dot(m0, v6)
def Learn():
  v8 = heaviside(v3, 1.0)
  s1 = s0 - s4
  s1 = s3 - s2
  m0 = outer(v0, v1)
  v2 = v3 * v6
  v7 = s4 * v3
  m0 = m0 + m1
  v1 = s1 * v8
  v2 = s0 * v0

