Random seed = 698586811
/p/work/rditljtd/automl_zero/baseline_qd.db3
evol_id:78080
SQLite Version: 3.4.0

Creating database for run.
/p/work/rditljtd/automl_zero/baseline_qd.db3
Running evolution experiment (on the T_search tasks)...
indivs=200, elapsed_secs=0, mean=0.500000, stdev=0.000000, best fit=0.500000, best_overall=0.500000, mean_diversity=0.000000,
indivs=10298, elapsed_secs=161, mean=0.495161, stdev=0.050821, best fit=0.556800, best_overall=0.556800, mean_diversity=0.371495,
indivs=20396, elapsed_secs=299, mean=0.505334, stdev=0.056649, best fit=0.592700, best_overall=0.592700, mean_diversity=0.225236,
indivs=30494, elapsed_secs=411, mean=0.503491, stdev=0.014132, best fit=0.592700, best_overall=0.592700, mean_diversity=0.145180,
indivs=40592, elapsed_secs=529, mean=0.497891, stdev=0.051804, best fit=0.595600, best_overall=0.595600, mean_diversity=0.174357,
indivs=50690, elapsed_secs=644, mean=0.504116, stdev=0.015006, best fit=0.595600, best_overall=0.595600, mean_diversity=0.162139,
indivs=60788, elapsed_secs=741, mean=0.510322, stdev=0.021643, best fit=0.595600, best_overall=0.595600, mean_diversity=0.292565,
indivs=70886, elapsed_secs=851, mean=0.505446, stdev=0.017991, best fit=0.595600, best_overall=0.595600, mean_diversity=0.164296,
indivs=80984, elapsed_secs=963, mean=0.504933, stdev=0.019747, best fit=0.595600, best_overall=0.595600, mean_diversity=0.080386,
indivs=91082, elapsed_secs=1067, mean=0.492425, stdev=0.073109, best fit=0.595600, best_overall=0.595600, mean_diversity=0.144225,
indivs=101180, elapsed_secs=1164, mean=0.505742, stdev=0.017723, best fit=0.595600, best_overall=0.595600, mean_diversity=0.127605,
indivs=111278, elapsed_secs=1284, mean=0.481482, stdev=0.098888, best fit=0.598500, best_overall=0.598500, mean_diversity=0.190891,
indivs=121376, elapsed_secs=1392, mean=0.505892, stdev=0.017754, best fit=0.598500, best_overall=0.598500, mean_diversity=0.283181,
indivs=131474, elapsed_secs=1534, mean=0.500985, stdev=0.009801, best fit=0.598500, best_overall=0.598500, mean_diversity=0.577226,
indivs=141572, elapsed_secs=1634, mean=0.505478, stdev=0.016152, best fit=0.598500, best_overall=0.598500, mean_diversity=0.268442,
indivs=151670, elapsed_secs=1744, mean=0.476719, stdev=0.110040, best fit=0.598500, best_overall=0.598500, mean_diversity=0.082109,
indivs=161768, elapsed_secs=1851, mean=0.499496, stdev=0.053383, best fit=0.598500, best_overall=0.598500, mean_diversity=0.286250,
indivs=171866, elapsed_secs=1952, mean=0.501993, stdev=0.012093, best fit=0.598500, best_overall=0.598500, mean_diversity=0.224050,
indivs=181964, elapsed_secs=2050, mean=0.503724, stdev=0.014942, best fit=0.598500, best_overall=0.598500, mean_diversity=0.222785,
indivs=192062, elapsed_secs=2177, mean=0.501647, stdev=0.010217, best fit=0.598500, best_overall=0.598500, mean_diversity=0.099796,
indivs=202160, elapsed_secs=2280, mean=0.499833, stdev=0.012781, best fit=0.598500, best_overall=0.598500, mean_diversity=0.290103,
indivs=212258, elapsed_secs=2364, mean=0.500985, stdev=0.009801, best fit=0.598500, best_overall=0.598500, mean_diversity=0.074286,
indivs=222356, elapsed_secs=2478, mean=0.506605, stdev=0.019356, best fit=0.598500, best_overall=0.598500, mean_diversity=0.117062,
indivs=232454, elapsed_secs=2576, mean=0.502911, stdev=0.017314, best fit=0.598500, best_overall=0.598500, mean_diversity=0.255040,
indivs=242552, elapsed_secs=2681, mean=0.502040, stdev=0.017407, best fit=0.598500, best_overall=0.598500, mean_diversity=0.301504,
indivs=252650, elapsed_secs=2778, mean=0.500985, stdev=0.009801, best fit=0.598500, best_overall=0.598500, mean_diversity=0.168772,
indivs=262748, elapsed_secs=2893, mean=0.489882, stdev=0.071384, best fit=0.598500, best_overall=0.598500, mean_diversity=0.156792,
indivs=272846, elapsed_secs=3017, mean=0.500989, stdev=0.009800, best fit=0.598500, best_overall=0.598500, mean_diversity=0.108765,
indivs=282944, elapsed_secs=3142, mean=0.500512, stdev=0.011779, best fit=0.598500, best_overall=0.598500, mean_diversity=0.210055,
indivs=293042, elapsed_secs=3237, mean=0.503549, stdev=0.014910, best fit=0.598500, best_overall=0.598500, mean_diversity=0.220297,
indivs=303140, elapsed_secs=3368, mean=0.495985, stdev=0.050803, best fit=0.598500, best_overall=0.598500, mean_diversity=0.129644,
indivs=313238, elapsed_secs=3470, mean=0.513856, stdev=0.024156, best fit=0.598500, best_overall=0.598500, mean_diversity=0.335842,
indivs=323336, elapsed_secs=3597, mean=0.500363, stdev=0.011069, best fit=0.598500, best_overall=0.598500, mean_diversity=0.222984,
indivs=333434, elapsed_secs=3722, mean=0.504660, stdev=0.020818, best fit=0.598500, best_overall=0.598500, mean_diversity=0.179119,
indivs=343532, elapsed_secs=3817, mean=0.503058, stdev=0.014210, best fit=0.598500, best_overall=0.598500, mean_diversity=0.192180,
indivs=353630, elapsed_secs=3930, mean=0.508873, stdev=0.020585, best fit=0.598500, best_overall=0.598500, mean_diversity=0.241258,
indivs=363728, elapsed_secs=4045, mean=0.503069, stdev=0.016286, best fit=0.598500, best_overall=0.598500, mean_diversity=0.112451,
indivs=373826, elapsed_secs=4147, mean=0.500985, stdev=0.009801, best fit=0.598500, best_overall=0.598500, mean_diversity=0.156852,
indivs=383924, elapsed_secs=4232, mean=0.506064, stdev=0.018468, best fit=0.598500, best_overall=0.598500, mean_diversity=0.218199,
indivs=394022, elapsed_secs=4347, mean=0.501608, stdev=0.011543, best fit=0.598500, best_overall=0.598500, mean_diversity=0.119148,
indivs=404120, elapsed_secs=4460, mean=0.498092, stdev=0.053138, best fit=0.598500, best_overall=0.598500, mean_diversity=0.162679,
indivs=414218, elapsed_secs=4565, mean=0.495985, stdev=0.050803, best fit=0.598500, best_overall=0.598500, mean_diversity=0.237295,
indivs=424316, elapsed_secs=4682, mean=0.500985, stdev=0.009801, best fit=0.598500, best_overall=0.598500, mean_diversity=0.472011,
indivs=434414, elapsed_secs=4784, mean=0.510085, stdev=0.020272, best fit=0.598500, best_overall=0.598500, mean_diversity=0.318730,
indivs=444512, elapsed_secs=4906, mean=0.500053, stdev=0.010927, best fit=0.598500, best_overall=0.598500, mean_diversity=0.125892,
indivs=454610, elapsed_secs=5021, mean=0.488818, stdev=0.087241, best fit=0.598500, best_overall=0.598500, mean_diversity=0.135866,
indivs=464708, elapsed_secs=5132, mean=0.491498, stdev=0.088376, best fit=0.598500, best_overall=0.598500, mean_diversity=0.289964,
indivs=474806, elapsed_secs=5242, mean=0.491395, stdev=0.071526, best fit=0.598500, best_overall=0.598500, mean_diversity=0.223722,
indivs=484904, elapsed_secs=5348, mean=0.488337, stdev=0.087214, best fit=0.598500, best_overall=0.598500, mean_diversity=0.279860,
indivs=495002, elapsed_secs=5476, mean=0.495818, stdev=0.051499, best fit=0.598500, best_overall=0.598500, mean_diversity=0.099537,
indivs=505100, elapsed_secs=5599, mean=0.518035, stdev=0.029032, best fit=0.598500, best_overall=0.598500, mean_diversity=0.226540,
indivs=515198, elapsed_secs=5698, mean=0.503936, stdev=0.015119, best fit=0.598500, best_overall=0.598500, mean_diversity=0.304846,
indivs=525296, elapsed_secs=5811, mean=0.502504, stdev=0.013098, best fit=0.598500, best_overall=0.598500, mean_diversity=0.388418,
indivs=535394, elapsed_secs=5945, mean=0.505724, stdev=0.019014, best fit=0.598500, best_overall=0.598500, mean_diversity=0.299530,
indivs=545492, elapsed_secs=6045, mean=0.507481, stdev=0.021438, best fit=0.598500, best_overall=0.598500, mean_diversity=0.282337,
indivs=555590, elapsed_secs=6177, mean=0.503109, stdev=0.014004, best fit=0.598500, best_overall=0.598500, mean_diversity=0.227204,
indivs=565688, elapsed_secs=6279, mean=0.503199, stdev=0.015283, best fit=0.598500, best_overall=0.598500, mean_diversity=0.359600,
indivs=575786, elapsed_secs=6374, mean=0.501604, stdev=0.010799, best fit=0.598500, best_overall=0.598500, mean_diversity=0.310130,
indivs=585884, elapsed_secs=6509, mean=0.501004, stdev=0.009990, best fit=0.600400, best_overall=0.600400, mean_diversity=0.191696,
indivs=595982, elapsed_secs=6628, mean=0.499830, stdev=0.052837, best fit=0.600400, best_overall=0.600400, mean_diversity=0.322263,
indivs=606080, elapsed_secs=6736, mean=0.522931, stdev=0.032994, best fit=0.600400, best_overall=0.600400, mean_diversity=0.099325,
indivs=616178, elapsed_secs=6844, mean=0.501004, stdev=0.009990, best fit=0.600400, best_overall=0.600400, mean_diversity=0.131009,
indivs=626276, elapsed_secs=6958, mean=0.501004, stdev=0.009990, best fit=0.600400, best_overall=0.600400, mean_diversity=0.349677,
indivs=636374, elapsed_secs=7066, mean=0.501004, stdev=0.009990, best fit=0.600400, best_overall=0.600400, mean_diversity=0.297258,
indivs=646472, elapsed_secs=7167, mean=0.502108, stdev=0.012495, best fit=0.600400, best_overall=0.600400, mean_diversity=0.248112,
indivs=656570, elapsed_secs=7284, mean=0.501394, stdev=0.010680, best fit=0.600400, best_overall=0.600400, mean_diversity=0.293538,
indivs=666668, elapsed_secs=7389, mean=0.503061, stdev=0.014145, best fit=0.600400, best_overall=0.600400, mean_diversity=0.334424,
indivs=676766, elapsed_secs=7526, mean=0.518063, stdev=0.059298, best fit=0.600400, best_overall=0.600400, mean_diversity=0.150324,
indivs=686864, elapsed_secs=7631, mean=0.500477, stdev=0.011329, best fit=0.600400, best_overall=0.600400, mean_diversity=0.146266,
indivs=696962, elapsed_secs=7732, mean=0.504525, stdev=0.018064, best fit=0.600400, best_overall=0.600400, mean_diversity=0.228820,
indivs=707060, elapsed_secs=7811, mean=0.494710, stdev=0.073694, best fit=0.600400, best_overall=0.600400, mean_diversity=0.322673,
indivs=717158, elapsed_secs=7896, mean=0.500945, stdev=0.010013, best fit=0.600400, best_overall=0.600400, mean_diversity=0.214000,
indivs=727256, elapsed_secs=7997, mean=0.470546, stdev=0.119515, best fit=0.600400, best_overall=0.600400, mean_diversity=0.106346,
indivs=737354, elapsed_secs=8106, mean=0.503274, stdev=0.015429, best fit=0.600400, best_overall=0.600400, mean_diversity=0.246724,
indivs=747452, elapsed_secs=8206, mean=0.500995, stdev=0.009991, best fit=0.600400, best_overall=0.600400, mean_diversity=0.233060,
indivs=757550, elapsed_secs=8286, mean=0.511065, stdev=0.023639, best fit=0.600400, best_overall=0.600400, mean_diversity=0.327411,
indivs=767648, elapsed_secs=8399, mean=0.496143, stdev=0.050863, best fit=0.600400, best_overall=0.600400, mean_diversity=0.094141,
indivs=777746, elapsed_secs=8496, mean=0.500487, stdev=0.011443, best fit=0.600400, best_overall=0.600400, mean_diversity=0.173026,
indivs=787844, elapsed_secs=8595, mean=0.500816, stdev=0.010182, best fit=0.600400, best_overall=0.600400, mean_diversity=0.212689,
indivs=797942, elapsed_secs=8710, mean=0.507761, stdev=0.021014, best fit=0.600400, best_overall=0.600400, mean_diversity=0.315470,
indivs=808040, elapsed_secs=8819, mean=0.499588, stdev=0.052760, best fit=0.600400, best_overall=0.600400, mean_diversity=0.368526,
indivs=818138, elapsed_secs=8924, mean=0.505264, stdev=0.017172, best fit=0.600400, best_overall=0.600400, mean_diversity=0.246771,
indivs=828236, elapsed_secs=9033, mean=0.501004, stdev=0.009990, best fit=0.600400, best_overall=0.600400, mean_diversity=0.116452,
indivs=838334, elapsed_secs=9174, mean=0.504184, stdev=0.025591, best fit=0.600400, best_overall=0.600400, mean_diversity=0.283404,
indivs=848432, elapsed_secs=9295, mean=0.512759, stdev=0.026034, best fit=0.600400, best_overall=0.600400, mean_diversity=0.048220,
indivs=858530, elapsed_secs=9403, mean=0.505038, stdev=0.016229, best fit=0.600400, best_overall=0.600400, mean_diversity=0.237579,
indivs=868628, elapsed_secs=9519, mean=0.499801, stdev=0.053124, best fit=0.600400, best_overall=0.600400, mean_diversity=0.349706,
indivs=878726, elapsed_secs=9628, mean=0.501004, stdev=0.009990, best fit=0.600400, best_overall=0.600400, mean_diversity=0.221576,
indivs=888824, elapsed_secs=9745, mean=0.504102, stdev=0.015263, best fit=0.600400, best_overall=0.600400, mean_diversity=0.176023,
indivs=898922, elapsed_secs=9863, mean=0.501577, stdev=0.011432, best fit=0.600400, best_overall=0.600400, mean_diversity=0.164586,
indivs=909020, elapsed_secs=9985, mean=0.493886, stdev=0.056595, best fit=0.600400, best_overall=0.600400, mean_diversity=0.111505,
indivs=919118, elapsed_secs=10120, mean=0.505673, stdev=0.018670, best fit=0.600400, best_overall=0.600400, mean_diversity=0.231152,
indivs=929216, elapsed_secs=10216, mean=0.503521, stdev=0.017530, best fit=0.600400, best_overall=0.600400, mean_diversity=0.312800,
indivs=939314, elapsed_secs=10325, mean=0.501792, stdev=0.012798, best fit=0.600400, best_overall=0.600400, mean_diversity=0.266047,
indivs=949412, elapsed_secs=10439, mean=0.501598, stdev=0.011576, best fit=0.600400, best_overall=0.600400, mean_diversity=0.303077,
indivs=959510, elapsed_secs=10528, mean=0.500475, stdev=0.011338, best fit=0.600400, best_overall=0.600400, mean_diversity=0.101944,
indivs=969608, elapsed_secs=10638, mean=0.503344, stdev=0.013417, best fit=0.600400, best_overall=0.600400, mean_diversity=0.423424,
indivs=979706, elapsed_secs=10746, mean=0.515056, stdev=0.025427, best fit=0.600400, best_overall=0.600400, mean_diversity=0.121614,
indivs=989804, elapsed_secs=10854, mean=0.498618, stdev=0.052069, best fit=0.600400, best_overall=0.600400, mean_diversity=0.171670,
indivs=999902, elapsed_secs=10967, mean=0.503763, stdev=0.015108, best fit=0.600400, best_overall=0.600400, mean_diversity=0.129618,
indivs=1010000, elapsed_secs=11091, mean=0.503582, stdev=0.016469, best fit=0.600400, best_overall=0.600400, mean_diversity=0.327821,
indivs=1020098, elapsed_secs=11189, mean=0.500725, stdev=0.010395, best fit=0.600400, best_overall=0.600400, mean_diversity=0.110602,
indivs=1030196, elapsed_secs=11342, mean=0.472761, stdev=0.120196, best fit=0.600400, best_overall=0.600400, mean_diversity=0.290619,
indivs=1040294, elapsed_secs=11462, mean=0.500428, stdev=0.011567, best fit=0.600400, best_overall=0.600400, mean_diversity=0.187190,
indivs=1050392, elapsed_secs=11579, mean=0.503176, stdev=0.014391, best fit=0.600400, best_overall=0.600400, mean_diversity=0.306833,
indivs=1060490, elapsed_secs=11665, mean=0.497578, stdev=0.051562, best fit=0.600400, best_overall=0.600400, mean_diversity=0.351415,
indivs=1070588, elapsed_secs=11789, mean=0.466025, stdev=0.128244, best fit=0.600400, best_overall=0.600400, mean_diversity=0.300984,
indivs=1080686, elapsed_secs=11908, mean=0.502147, stdev=0.012048, best fit=0.600400, best_overall=0.600400, mean_diversity=0.216140,
indivs=1090784, elapsed_secs=12019, mean=0.511335, stdev=0.024921, best fit=0.600400, best_overall=0.600400, mean_diversity=0.317939,
indivs=1100882, elapsed_secs=12140, mean=0.492625, stdev=0.071506, best fit=0.600400, best_overall=0.600400, mean_diversity=0.398679,
indivs=1110980, elapsed_secs=12228, mean=0.505762, stdev=0.018243, best fit=0.600400, best_overall=0.600400, mean_diversity=0.152892,
indivs=1121078, elapsed_secs=12326, mean=0.509364, stdev=0.025679, best fit=0.600400, best_overall=0.600400, mean_diversity=0.310937,
indivs=1131176, elapsed_secs=12420, mean=0.508631, stdev=0.021749, best fit=0.600400, best_overall=0.600400, mean_diversity=0.268952,
indivs=1141274, elapsed_secs=12516, mean=0.580146, stdev=0.073114, best fit=0.668800, best_overall=0.668800, mean_diversity=0.219963,
indivs=1151372, elapsed_secs=12682, mean=0.593703, stdev=0.082599, best fit=0.669100, best_overall=0.669100, mean_diversity=0.223892,
indivs=1161470, elapsed_secs=12859, mean=0.505286, stdev=0.104349, best fit=0.669200, best_overall=0.669200, mean_diversity=0.199747,
indivs=1171568, elapsed_secs=13015, mean=0.530295, stdev=0.064888, best fit=0.669200, best_overall=0.669200, mean_diversity=0.393262,
indivs=1181666, elapsed_secs=13174, mean=0.518763, stdev=0.052762, best fit=0.669200, best_overall=0.669200, mean_diversity=0.215624,
indivs=1191764, elapsed_secs=13313, mean=0.517462, stdev=0.097831, best fit=0.669200, best_overall=0.669200, mean_diversity=0.158407,
indivs=1201862, elapsed_secs=13471, mean=0.559547, stdev=0.099005, best fit=0.669200, best_overall=0.669200, mean_diversity=0.287954,
indivs=1211960, elapsed_secs=13643, mean=0.605372, stdev=0.081045, best fit=0.669200, best_overall=0.669200, mean_diversity=0.112616,
indivs=1222058, elapsed_secs=13796, mean=0.508005, stdev=0.037035, best fit=0.669200, best_overall=0.669200, mean_diversity=0.156353,
indivs=1232156, elapsed_secs=13965, mean=0.549095, stdev=0.076416, best fit=0.669300, best_overall=0.669300, mean_diversity=0.253018,
indivs=1242254, elapsed_secs=14134, mean=0.576017, stdev=0.102233, best fit=0.669300, best_overall=0.669300, mean_diversity=0.089934,
indivs=1252352, elapsed_secs=14301, mean=0.598919, stdev=0.083873, best fit=0.669300, best_overall=0.669300, mean_diversity=0.101283,
Experiment done. Retrieving candidate algorithm.
Search fitness for candidate algorithm = 0.669300
Evaluating candidate algorithm from experiment (on T_select tasks)... 
Select fitness for candidate algorithm = 0.668500
Select fitness is the best so far. 

Final evaluation of best algorithm (on unseen tasks)...
Final evaluation fitness (on unseen data) = 0.665160
Algorithm found: 
def Setup():
  s3 = uniform(0.355077, -0.738253)
  v3 = uniform(0.836946, -0.913914, n_features)
  s4 = 0.564381
  s2 = uniform(0.409923, 0.660725)
  m1 = uniform(-0.30755, -0.576234, (n_features, n_features))
  v8 = gaussian(0.556189, 1.57933, n_features)
def Predict():
  s1 = dot(v5, v0)
def Learn():
  s4 = s1 + s3
  v5 = v5 + v8
  s3 = s4 - s3
  m0 = outer(v2, v7)
  s2 = s2 - s3
  m1 = m1 + m0
  s4 = s0 + s3
  v8 = s0 * v0

