Random seed = 3550157031
/p/work/rditljtd/automl_zero/baseline_qdupdate.db3
evol_id:68631
SQLite Version: 3.4.0

Creating database for run.
/p/work/rditljtd/automl_zero/baseline_qdupdate.db3
Random seed = 4018067787
/p/work/rditljtd/automl_zero/baseline_qdupdate.db3
evol_id:5280
SQLite Version: 3.4.0

Creating database for run.
/p/work/rditljtd/automl_zero/baseline_qdupdate.db3
Running evolution experiment (on the T_search tasks)...
indivs=200, elapsed_secs=1, mean=0.500000, stdev=0.000000, best fit=0.500000, best_overall=0.500000, mean_diversity=0.000000,
indivs=10298, elapsed_secs=234, mean=0.495523, stdev=0.050203, best fit=0.562700, best_overall=0.562700, mean_diversity=0.188795,
indivs=20396, elapsed_secs=518, mean=0.485512, stdev=0.085680, best fit=0.566400, best_overall=0.566400, mean_diversity=0.193599,
indivs=30494, elapsed_secs=823, mean=0.489533, stdev=0.071788, best fit=0.575800, best_overall=0.575800, mean_diversity=0.357826,
indivs=40592, elapsed_secs=1169, mean=0.490860, stdev=0.070627, best fit=0.584700, best_overall=0.584700, mean_diversity=0.178426,
indivs=50690, elapsed_secs=1518, mean=0.490847, stdev=0.070626, best fit=0.584700, best_overall=0.584700, mean_diversity=0.159200,
indivs=60788, elapsed_secs=1857, mean=0.493144, stdev=0.071552, best fit=0.584700, best_overall=0.584700, mean_diversity=0.342734,
indivs=70886, elapsed_secs=2203, mean=0.474583, stdev=0.109447, best fit=0.584700, best_overall=0.584700, mean_diversity=0.444448,
indivs=80984, elapsed_secs=2552, mean=0.478781, stdev=0.100724, best fit=0.584700, best_overall=0.584700, mean_diversity=0.248774,
indivs=91082, elapsed_secs=2881, mean=0.495847, stdev=0.050542, best fit=0.584700, best_overall=0.584700, mean_diversity=0.134016,
indivs=101180, elapsed_secs=3247, mean=0.456201, stdev=0.137145, best fit=0.584700, best_overall=0.584700, mean_diversity=0.294438,
indivs=111278, elapsed_secs=3586, mean=0.480166, stdev=0.098532, best fit=0.584700, best_overall=0.584700, mean_diversity=0.097484,
indivs=121376, elapsed_secs=3929, mean=0.500214, stdev=0.008774, best fit=0.584700, best_overall=0.584700, mean_diversity=0.317891,
indivs=131474, elapsed_secs=4269, mean=0.460583, stdev=0.136107, best fit=0.584700, best_overall=0.584700, mean_diversity=0.119148,
indivs=141572, elapsed_secs=4642, mean=0.474156, stdev=0.099743, best fit=0.584700, best_overall=0.584700, mean_diversity=0.206502,
indivs=151670, elapsed_secs=4996, mean=0.495945, stdev=0.050867, best fit=0.584700, best_overall=0.584700, mean_diversity=0.130301,
indivs=161768, elapsed_secs=5374, mean=0.490257, stdev=0.070697, best fit=0.584700, best_overall=0.584700, mean_diversity=0.192617,
indivs=171866, elapsed_secs=5731, mean=0.469280, stdev=0.119605, best fit=0.584700, best_overall=0.584700, mean_diversity=0.192907,
indivs=181964, elapsed_secs=6070, mean=0.491966, stdev=0.061772, best fit=0.584700, best_overall=0.584700, mean_diversity=0.185197,
indivs=192062, elapsed_secs=6425, mean=0.497800, stdev=0.015164, best fit=0.584700, best_overall=0.584700, mean_diversity=0.263897,
indivs=202160, elapsed_secs=6781, mean=0.495575, stdev=0.050592, best fit=0.584700, best_overall=0.584700, mean_diversity=0.164602,
indivs=212258, elapsed_secs=7132, mean=0.475121, stdev=0.109473, best fit=0.584700, best_overall=0.584700, mean_diversity=0.326380,
indivs=222356, elapsed_secs=7495, mean=0.485683, stdev=0.085830, best fit=0.584700, best_overall=0.584700, mean_diversity=0.185486,
indivs=232454, elapsed_secs=7835, mean=0.493730, stdev=0.054165, best fit=0.584700, best_overall=0.584700, mean_diversity=0.142178,
indivs=242552, elapsed_secs=8191, mean=0.495568, stdev=0.060382, best fit=0.584700, best_overall=0.584700, mean_diversity=0.108607,
indivs=252650, elapsed_secs=8522, mean=0.500785, stdev=0.008456, best fit=0.584700, best_overall=0.584700, mean_diversity=0.193256,
indivs=262748, elapsed_secs=8871, mean=0.472536, stdev=0.120067, best fit=0.584700, best_overall=0.584700, mean_diversity=0.352655,
indivs=272846, elapsed_secs=9222, mean=0.485214, stdev=0.082328, best fit=0.584700, best_overall=0.584700, mean_diversity=0.146803,
indivs=282944, elapsed_secs=9565, mean=0.494695, stdev=0.054103, best fit=0.584700, best_overall=0.584700, mean_diversity=0.115435,
indivs=293042, elapsed_secs=9902, mean=0.477245, stdev=0.111734, best fit=0.584700, best_overall=0.584700, mean_diversity=0.109958,
indivs=303140, elapsed_secs=10236, mean=0.500940, stdev=0.077378, best fit=0.595200, best_overall=0.595200, mean_diversity=0.193135,
indivs=313238, elapsed_secs=10580, mean=0.494902, stdev=0.072798, best fit=0.608300, best_overall=0.608300, mean_diversity=0.212576,
indivs=323336, elapsed_secs=10921, mean=0.506166, stdev=0.201858, best fit=0.669100, best_overall=0.669100, mean_diversity=0.141662,
indivs=333434, elapsed_secs=11276, mean=0.481534, stdev=0.099901, best fit=0.669100, best_overall=0.669100, mean_diversity=0.221766,
indivs=343532, elapsed_secs=11610, mean=0.527864, stdev=0.086363, best fit=0.669100, best_overall=0.669100, mean_diversity=0.197421,
indivs=353630, elapsed_secs=11968, mean=0.486689, stdev=0.087228, best fit=0.669100, best_overall=0.669100, mean_diversity=0.493901,
indivs=363728, elapsed_secs=12323, mean=0.522077, stdev=0.151578, best fit=0.669100, best_overall=0.669100, mean_diversity=0.282500,
indivs=373826, elapsed_secs=12674, mean=0.494740, stdev=0.095162, best fit=0.669100, best_overall=0.669100, mean_diversity=0.227143,
indivs=383924, elapsed_secs=13017, mean=0.482744, stdev=0.095332, best fit=0.669100, best_overall=0.669100, mean_diversity=0.279771,
indivs=394022, elapsed_secs=13363, mean=0.551234, stdev=0.117694, best fit=0.669100, best_overall=0.669100, mean_diversity=0.283036,
indivs=404120, elapsed_secs=13713, mean=0.501691, stdev=0.016825, best fit=0.669100, best_overall=0.669100, mean_diversity=0.255530,
indivs=414218, elapsed_secs=14074, mean=0.521058, stdev=0.143556, best fit=0.669200, best_overall=0.669200, mean_diversity=0.292115,
indivs=424316, elapsed_secs=14429, mean=0.491634, stdev=0.072224, best fit=0.669200, best_overall=0.669200, mean_diversity=0.144750,
indivs=434414, elapsed_secs=14769, mean=0.486087, stdev=0.104708, best fit=0.669200, best_overall=0.669200, mean_diversity=0.185312,
indivs=444512, elapsed_secs=15107, mean=0.500533, stdev=0.019695, best fit=0.669200, best_overall=0.669200, mean_diversity=0.179137,
indivs=454610, elapsed_secs=15454, mean=0.472944, stdev=0.116872, best fit=0.669200, best_overall=0.669200, mean_diversity=0.202921,
indivs=464708, elapsed_secs=15803, mean=0.473379, stdev=0.121909, best fit=0.669200, best_overall=0.669200, mean_diversity=0.147995,
indivs=474806, elapsed_secs=16155, mean=0.476745, stdev=0.110661, best fit=0.669200, best_overall=0.669200, mean_diversity=0.170056,
indivs=484904, elapsed_secs=16516, mean=0.491702, stdev=0.092582, best fit=0.669200, best_overall=0.669200, mean_diversity=0.170594,
indivs=495002, elapsed_secs=16894, mean=0.545162, stdev=0.116290, best fit=0.683800, best_overall=0.683800, mean_diversity=0.249484,
indivs=505100, elapsed_secs=17271, mean=0.591810, stdev=0.120834, best fit=0.684300, best_overall=0.684300, mean_diversity=0.228381,
indivs=515198, elapsed_secs=17656, mean=0.531704, stdev=0.134549, best fit=0.684300, best_overall=0.684300, mean_diversity=0.191765,
indivs=525296, elapsed_secs=18038, mean=0.574928, stdev=0.146970, best fit=0.684300, best_overall=0.684300, mean_diversity=0.256956,
indivs=535394, elapsed_secs=18426, mean=0.490807, stdev=0.128031, best fit=0.684300, best_overall=0.684300, mean_diversity=0.379318,
indivs=545492, elapsed_secs=18801, mean=0.549587, stdev=0.081110, best fit=0.684300, best_overall=0.684300, mean_diversity=0.371485,
indivs=555590, elapsed_secs=19171, mean=0.488562, stdev=0.089681, best fit=0.684300, best_overall=0.684300, mean_diversity=0.212295,
indivs=565688, elapsed_secs=19534, mean=0.590256, stdev=0.108279, best fit=0.684300, best_overall=0.684300, mean_diversity=0.272589,
indivs=575786, elapsed_secs=19902, mean=0.543001, stdev=0.077474, best fit=0.684300, best_overall=0.684300, mean_diversity=0.546524,
indivs=585884, elapsed_secs=20269, mean=0.496371, stdev=0.053555, best fit=0.688400, best_overall=0.688400, mean_diversity=0.151632,
indivs=595982, elapsed_secs=20608, mean=0.543667, stdev=0.126101, best fit=0.694500, best_overall=0.694500, mean_diversity=0.270937,
indivs=606080, elapsed_secs=20916, mean=0.573642, stdev=0.119559, best fit=0.695900, best_overall=0.695900, mean_diversity=0.080109,
indivs=616178, elapsed_secs=21225, mean=0.496961, stdev=0.053615, best fit=0.695900, best_overall=0.695900, mean_diversity=0.166133,
indivs=626276, elapsed_secs=21555, mean=0.502760, stdev=0.154824, best fit=0.695900, best_overall=0.695900, mean_diversity=0.208232,
indivs=636374, elapsed_secs=21854, mean=0.543397, stdev=0.127140, best fit=0.695900, best_overall=0.695900, mean_diversity=0.197288,
indivs=646472, elapsed_secs=22169, mean=0.531457, stdev=0.086470, best fit=0.695900, best_overall=0.695900, mean_diversity=0.282639,
indivs=656570, elapsed_secs=22459, mean=0.513467, stdev=0.075152, best fit=0.695900, best_overall=0.695900, mean_diversity=0.253582,
indivs=666668, elapsed_secs=22764, mean=0.518430, stdev=0.079136, best fit=0.695900, best_overall=0.695900, mean_diversity=0.132570,
indivs=676766, elapsed_secs=23064, mean=0.504589, stdev=0.085987, best fit=0.695900, best_overall=0.695900, mean_diversity=0.280327,
indivs=686864, elapsed_secs=23374, mean=0.495618, stdev=0.113481, best fit=0.695900, best_overall=0.695900, mean_diversity=0.432350,
indivs=696962, elapsed_secs=23707, mean=0.504301, stdev=0.128948, best fit=0.695900, best_overall=0.695900, mean_diversity=0.273512,
indivs=707060, elapsed_secs=24011, mean=0.497363, stdev=0.098895, best fit=0.695900, best_overall=0.695900, mean_diversity=0.213129,
indivs=717158, elapsed_secs=24326, mean=0.473874, stdev=0.122733, best fit=0.695900, best_overall=0.695900, mean_diversity=0.441779,
indivs=727256, elapsed_secs=24654, mean=0.500605, stdev=0.091805, best fit=0.695900, best_overall=0.695900, mean_diversity=0.203705,
indivs=737354, elapsed_secs=24965, mean=0.555065, stdev=0.115070, best fit=0.695900, best_overall=0.695900, mean_diversity=0.178374,
indivs=747452, elapsed_secs=25289, mean=0.484149, stdev=0.104532, best fit=0.695900, best_overall=0.695900, mean_diversity=0.183069,
indivs=757550, elapsed_secs=25608, mean=0.533473, stdev=0.120170, best fit=0.695900, best_overall=0.695900, mean_diversity=0.371589,
indivs=767648, elapsed_secs=25925, mean=0.484414, stdev=0.119068, best fit=0.695900, best_overall=0.695900, mean_diversity=0.300358,
indivs=777746, elapsed_secs=26255, mean=0.467819, stdev=0.130234, best fit=0.695900, best_overall=0.695900, mean_diversity=0.277895,
indivs=787844, elapsed_secs=26584, mean=0.496825, stdev=0.053610, best fit=0.695900, best_overall=0.695900, mean_diversity=0.141937,
indivs=797942, elapsed_secs=26907, mean=0.496528, stdev=0.053765, best fit=0.695900, best_overall=0.695900, mean_diversity=0.248081,
indivs=808040, elapsed_secs=27230, mean=0.499627, stdev=0.132270, best fit=0.695900, best_overall=0.695900, mean_diversity=0.341258,
indivs=818138, elapsed_secs=27540, mean=0.531583, stdev=0.089719, best fit=0.695900, best_overall=0.695900, mean_diversity=0.318994,
indivs=828236, elapsed_secs=27871, mean=0.537552, stdev=0.100220, best fit=0.695900, best_overall=0.695900, mean_diversity=0.231854,
indivs=838334, elapsed_secs=28185, mean=0.480975, stdev=0.102590, best fit=0.695900, best_overall=0.695900, mean_diversity=0.245750,
indivs=848432, elapsed_secs=28494, mean=0.489954, stdev=0.109359, best fit=0.695900, best_overall=0.695900, mean_diversity=0.389154,
indivs=858530, elapsed_secs=28796, mean=0.501828, stdev=0.019548, best fit=0.695900, best_overall=0.695900, mean_diversity=0.171786,
indivs=868628, elapsed_secs=29118, mean=0.491973, stdev=0.072956, best fit=0.695900, best_overall=0.695900, mean_diversity=0.369549,
indivs=878726, elapsed_secs=29435, mean=0.515945, stdev=0.046992, best fit=0.695900, best_overall=0.695900, mean_diversity=0.153199,
indivs=888824, elapsed_secs=29753, mean=0.503670, stdev=0.025750, best fit=0.695900, best_overall=0.695900, mean_diversity=0.296106,
indivs=898922, elapsed_secs=30096, mean=0.493553, stdev=0.078295, best fit=0.695900, best_overall=0.695900, mean_diversity=0.154817,
indivs=909020, elapsed_secs=30410, mean=0.578528, stdev=0.086294, best fit=0.695900, best_overall=0.695900, mean_diversity=0.265172,
indivs=919118, elapsed_secs=30733, mean=0.495780, stdev=0.078062, best fit=0.695900, best_overall=0.695900, mean_diversity=0.216040,
indivs=929216, elapsed_secs=31049, mean=0.532813, stdev=0.091400, best fit=0.695900, best_overall=0.695900, mean_diversity=0.331246,
indivs=939314, elapsed_secs=31397, mean=0.502799, stdev=0.035046, best fit=0.695900, best_overall=0.695900, mean_diversity=0.278587,
indivs=949412, elapsed_secs=31742, mean=0.496955, stdev=0.053614, best fit=0.695900, best_overall=0.695900, mean_diversity=0.174074,
indivs=959510, elapsed_secs=32068, mean=0.466959, stdev=0.129584, best fit=0.695900, best_overall=0.695900, mean_diversity=0.157312,
indivs=969608, elapsed_secs=32388, mean=0.468336, stdev=0.154116, best fit=0.695900, best_overall=0.695900, mean_diversity=0.349409,
indivs=979706, elapsed_secs=32704, mean=0.418648, stdev=0.205008, best fit=0.695900, best_overall=0.695900, mean_diversity=0.387087,
indivs=989804, elapsed_secs=33009, mean=0.502924, stdev=0.086001, best fit=0.695900, best_overall=0.695900, mean_diversity=0.260773,
indivs=999902, elapsed_secs=33318, mean=0.483841, stdev=0.102356, best fit=0.695900, best_overall=0.695900, mean_diversity=0.124669,
indivs=1010000, elapsed_secs=33636, mean=0.573844, stdev=0.095401, best fit=0.695900, best_overall=0.695900, mean_diversity=0.158009,
indivs=1020098, elapsed_secs=33947, mean=0.498657, stdev=0.056897, best fit=0.695900, best_overall=0.695900, mean_diversity=0.139808,
indivs=1030196, elapsed_secs=34284, mean=0.535922, stdev=0.087572, best fit=0.695900, best_overall=0.695900, mean_diversity=0.139894,
indivs=1040294, elapsed_secs=34602, mean=0.479801, stdev=0.111192, best fit=0.695900, best_overall=0.695900, mean_diversity=0.187417,
indivs=1050392, elapsed_secs=34913, mean=0.581947, stdev=0.107572, best fit=0.695900, best_overall=0.695900, mean_diversity=0.196679,
indivs=1060490, elapsed_secs=35229, mean=0.491959, stdev=0.072932, best fit=0.695900, best_overall=0.695900, mean_diversity=0.075400,
indivs=1070588, elapsed_secs=35542, mean=0.534135, stdev=0.069196, best fit=0.695900, best_overall=0.695900, mean_diversity=0.238235,
indivs=1080686, elapsed_secs=35851, mean=0.541885, stdev=0.111668, best fit=0.695900, best_overall=0.695900, mean_diversity=0.291483,
indivs=1090784, elapsed_secs=36171, mean=0.541550, stdev=0.098629, best fit=0.695900, best_overall=0.695900, mean_diversity=0.196069,
indivs=1100882, elapsed_secs=36484, mean=0.490186, stdev=0.169419, best fit=0.695900, best_overall=0.695900, mean_diversity=0.277186,
indivs=1110980, elapsed_secs=36788, mean=0.482027, stdev=0.100382, best fit=0.695900, best_overall=0.695900, mean_diversity=0.325467,
indivs=1121078, elapsed_secs=37108, mean=0.485680, stdev=0.104375, best fit=0.695900, best_overall=0.695900, mean_diversity=0.121704,
indivs=1131176, elapsed_secs=37424, mean=0.554522, stdev=0.135350, best fit=0.695900, best_overall=0.695900, mean_diversity=0.129487,
indivs=1141274, elapsed_secs=37727, mean=0.500018, stdev=0.083098, best fit=0.695900, best_overall=0.695900, mean_diversity=0.282512,
indivs=1151372, elapsed_secs=38048, mean=0.532452, stdev=0.121409, best fit=0.695900, best_overall=0.695900, mean_diversity=0.332114,
indivs=1161470, elapsed_secs=38347, mean=0.513326, stdev=0.046414, best fit=0.695900, best_overall=0.695900, mean_diversity=0.368220,
indivs=1171568, elapsed_secs=38665, mean=0.496790, stdev=0.078689, best fit=0.695900, best_overall=0.695900, mean_diversity=0.094521,
indivs=1181666, elapsed_secs=38995, mean=0.450236, stdev=0.155401, best fit=0.695900, best_overall=0.695900, mean_diversity=0.373397,
indivs=1191764, elapsed_secs=39306, mean=0.501326, stdev=0.019976, best fit=0.695900, best_overall=0.695900, mean_diversity=0.133567,
indivs=1201862, elapsed_secs=39624, mean=0.493851, stdev=0.075555, best fit=0.695900, best_overall=0.695900, mean_diversity=0.289883,
indivs=1211960, elapsed_secs=39950, mean=0.508589, stdev=0.032295, best fit=0.695900, best_overall=0.695900, mean_diversity=0.170026,
indivs=1222058, elapsed_secs=40261, mean=0.483514, stdev=0.102397, best fit=0.695900, best_overall=0.695900, mean_diversity=0.151977,
indivs=1232156, elapsed_secs=40565, mean=0.500541, stdev=0.059969, best fit=0.695900, best_overall=0.695900, mean_diversity=0.293614,
indivs=1242254, elapsed_secs=40875, mean=0.522908, stdev=0.085402, best fit=0.695900, best_overall=0.695900, mean_diversity=0.383733,
indivs=1252352, elapsed_secs=41186, mean=0.513881, stdev=0.047683, best fit=0.695900, best_overall=0.695900, mean_diversity=0.334646,
indivs=1262450, elapsed_secs=41501, mean=0.507748, stdev=0.035301, best fit=0.695900, best_overall=0.695900, mean_diversity=0.248871,
indivs=1272548, elapsed_secs=41810, mean=0.554515, stdev=0.074415, best fit=0.695900, best_overall=0.695900, mean_diversity=0.266848,
indivs=1282646, elapsed_secs=42116, mean=0.544310, stdev=0.134596, best fit=0.695900, best_overall=0.695900, mean_diversity=0.251180,
Experiment done. Retrieving candidate algorithm.
Search fitness for candidate algorithm = 0.695900
Evaluating candidate algorithm from experiment (on T_select tasks)... 
Select fitness for candidate algorithm = 0.691100
Select fitness is the best so far. 

Final evaluation of best algorithm (on unseen tasks)...
Final evaluation fitness (on unseen data) = 0.683890
Algorithm found: 
def Setup():
  m1 = uniform(-0.497482, 0.735235, (n_features, n_features))
  v2 = uniform(0.541782, -0.938607, n_features)
  v8 = uniform(0.696401, 0.85895, n_features)
  v1 = uniform(-0.487535, 2.57798, n_features)
def Predict():
  s1 = dot(v4, v0)
  v6 = dot(m1, v6)
  s1 = s4 + s1
  v5 = dot(m1, v6)
  s2 = dot(v0, v3)
  v5 = v1 + v7
  s4 = dot(v1, v1)
  v7 = maximum(v8, v3)
def Learn():
  s2 = s3 - s4
  s4 = s0 - s1
  s1 = s4 * s1
  v4 = v8 + v4
  m1 = m1 + m1
  v6 = v1 + v0
  s3 = s1 - s4
  s4 = s3 * s4
  m1 = outer(v6, v6)
  v7 = s1 * v3
  m0 = m0 + m1
  v2 = v8 + v5
  v8 = s1 * v0
  s2 = s2 - s0
  v2 = v0 * v7
  s4 = s2 * s2

