Random seed = 3562554421
/p/work/rditljtd/automl_zero/baseline_qdupdate.db3
evol_id:14065
SQLite Version: 3.4.0

Creating database for run.
/p/work/rditljtd/automl_zero/baseline_qdupdate.db3
Random seed = 4012679409
/p/work/rditljtd/automl_zero/baseline_qdupdate.db3
evol_id:12545
SQLite Version: 3.4.0

Creating database for run.
/p/work/rditljtd/automl_zero/baseline_qdupdate.db3
Running evolution experiment (on the T_search tasks)...
indivs=200, elapsed_secs=1, mean=0.500000, stdev=0.000000, best fit=0.500000, best_overall=0.500000, mean_diversity=0.000000,
indivs=10298, elapsed_secs=209, mean=0.500576, stdev=0.005731, best fit=0.557600, best_overall=0.557600, mean_diversity=0.183551,
indivs=20396, elapsed_secs=431, mean=0.492474, stdev=0.072074, best fit=0.569200, best_overall=0.569200, mean_diversity=0.473383,
indivs=30494, elapsed_secs=651, mean=0.497645, stdev=0.051607, best fit=0.577200, best_overall=0.577200, mean_diversity=0.232795,
indivs=40592, elapsed_secs=897, mean=0.494614, stdev=0.050769, best fit=0.577200, best_overall=0.577200, mean_diversity=0.262479,
indivs=50690, elapsed_secs=1111, mean=0.490772, stdev=0.070530, best fit=0.577200, best_overall=0.577200, mean_diversity=0.264243,
indivs=60788, elapsed_secs=1295, mean=0.500772, stdev=0.007681, best fit=0.577200, best_overall=0.577200, mean_diversity=0.191235,
indivs=70886, elapsed_secs=1536, mean=0.481048, stdev=0.098538, best fit=0.577200, best_overall=0.577200, mean_diversity=0.209026,
indivs=80984, elapsed_secs=1743, mean=0.470772, stdev=0.119186, best fit=0.577200, best_overall=0.577200, mean_diversity=0.189178,
indivs=91082, elapsed_secs=1938, mean=0.501334, stdev=0.009455, best fit=0.577200, best_overall=0.577200, mean_diversity=0.348037,
indivs=101180, elapsed_secs=2106, mean=0.500768, stdev=0.007682, best fit=0.577200, best_overall=0.577200, mean_diversity=0.200225,
indivs=111278, elapsed_secs=2323, mean=0.500183, stdev=0.008267, best fit=0.577200, best_overall=0.577200, mean_diversity=0.086764,
indivs=121376, elapsed_secs=2538, mean=0.496312, stdev=0.050746, best fit=0.577200, best_overall=0.577200, mean_diversity=0.291319,
indivs=131474, elapsed_secs=2751, mean=0.500168, stdev=0.009767, best fit=0.577200, best_overall=0.577200, mean_diversity=0.230452,
indivs=141572, elapsed_secs=2979, mean=0.501058, stdev=0.008164, best fit=0.577200, best_overall=0.577200, mean_diversity=0.201215,
indivs=151670, elapsed_secs=3174, mean=0.485604, stdev=0.086044, best fit=0.577200, best_overall=0.577200, mean_diversity=0.163218,
indivs=161768, elapsed_secs=3396, mean=0.496778, stdev=0.051653, best fit=0.577200, best_overall=0.577200, mean_diversity=0.220907,
indivs=171866, elapsed_secs=3640, mean=0.496082, stdev=0.050536, best fit=0.577200, best_overall=0.577200, mean_diversity=0.194450,
indivs=181964, elapsed_secs=3873, mean=0.516078, stdev=0.058693, best fit=0.577200, best_overall=0.577200, mean_diversity=0.110297,
indivs=192062, elapsed_secs=4087, mean=0.487467, stdev=0.086955, best fit=0.577200, best_overall=0.577200, mean_diversity=0.453386,
indivs=202160, elapsed_secs=4329, mean=0.495737, stdev=0.050413, best fit=0.577200, best_overall=0.577200, mean_diversity=0.202667,
indivs=212258, elapsed_secs=4592, mean=0.500896, stdev=0.007767, best fit=0.577200, best_overall=0.577200, mean_diversity=0.101615,
indivs=222356, elapsed_secs=4804, mean=0.508685, stdev=0.024889, best fit=0.577200, best_overall=0.577200, mean_diversity=0.179351,
indivs=232454, elapsed_secs=5040, mean=0.500772, stdev=0.007681, best fit=0.577200, best_overall=0.577200, mean_diversity=0.158509,
indivs=242552, elapsed_secs=5295, mean=0.500792, stdev=0.007682, best fit=0.577200, best_overall=0.577200, mean_diversity=0.416127,
indivs=252650, elapsed_secs=5493, mean=0.500185, stdev=0.010280, best fit=0.577200, best_overall=0.577200, mean_diversity=0.202147,
indivs=262748, elapsed_secs=5700, mean=0.495769, stdev=0.050415, best fit=0.577200, best_overall=0.577200, mean_diversity=0.173054,
indivs=272846, elapsed_secs=5953, mean=0.485245, stdev=0.085847, best fit=0.577200, best_overall=0.577200, mean_diversity=0.299979,
indivs=282944, elapsed_secs=6094, mean=0.503050, stdev=0.012988, best fit=0.577200, best_overall=0.577200, mean_diversity=0.173121,
indivs=293042, elapsed_secs=6263, mean=0.496641, stdev=0.050988, best fit=0.577200, best_overall=0.577200, mean_diversity=0.165778,
indivs=303140, elapsed_secs=6514, mean=0.500196, stdev=0.009630, best fit=0.577200, best_overall=0.577200, mean_diversity=0.047565,
indivs=313238, elapsed_secs=6763, mean=0.492362, stdev=0.071555, best fit=0.577200, best_overall=0.577200, mean_diversity=0.465482,
indivs=323336, elapsed_secs=7015, mean=0.490770, stdev=0.070529, best fit=0.577200, best_overall=0.577200, mean_diversity=0.158995,
indivs=333434, elapsed_secs=7167, mean=0.497130, stdev=0.051195, best fit=0.577200, best_overall=0.577200, mean_diversity=0.109409,
indivs=343532, elapsed_secs=7337, mean=0.499880, stdev=0.053652, best fit=0.577200, best_overall=0.577200, mean_diversity=0.266359,
indivs=353630, elapsed_secs=7546, mean=0.486802, stdev=0.094335, best fit=0.577200, best_overall=0.577200, mean_diversity=0.325014,
indivs=363728, elapsed_secs=7768, mean=0.505608, stdev=0.036540, best fit=0.577200, best_overall=0.577200, mean_diversity=0.341871,
indivs=373826, elapsed_secs=8025, mean=0.515212, stdev=0.026451, best fit=0.577200, best_overall=0.577200, mean_diversity=0.057786,
indivs=383924, elapsed_secs=8257, mean=0.489016, stdev=0.087383, best fit=0.577200, best_overall=0.577200, mean_diversity=0.301701,
indivs=394022, elapsed_secs=8459, mean=0.494480, stdev=0.050855, best fit=0.577200, best_overall=0.577200, mean_diversity=0.358054,
indivs=404120, elapsed_secs=8629, mean=0.490124, stdev=0.070680, best fit=0.577200, best_overall=0.577200, mean_diversity=0.110550,
indivs=414218, elapsed_secs=8839, mean=0.508258, stdev=0.020671, best fit=0.577200, best_overall=0.577200, mean_diversity=0.220585,
indivs=424316, elapsed_secs=9023, mean=0.492124, stdev=0.071194, best fit=0.577200, best_overall=0.577200, mean_diversity=0.235694,
indivs=434414, elapsed_secs=9246, mean=0.496544, stdev=0.051036, best fit=0.577200, best_overall=0.577200, mean_diversity=0.224819,
indivs=444512, elapsed_secs=9469, mean=0.485829, stdev=0.085785, best fit=0.577200, best_overall=0.577200, mean_diversity=0.349916,
indivs=454610, elapsed_secs=9700, mean=0.450756, stdev=0.150448, best fit=0.577200, best_overall=0.577200, mean_diversity=0.161841,
indivs=464708, elapsed_secs=9981, mean=0.492574, stdev=0.080123, best fit=0.669000, best_overall=0.669000, mean_diversity=0.441595,
indivs=474806, elapsed_secs=10315, mean=0.530485, stdev=0.155545, best fit=0.669300, best_overall=0.669300, mean_diversity=0.238222,
indivs=484904, elapsed_secs=10649, mean=0.562240, stdev=0.114770, best fit=0.669300, best_overall=0.669300, mean_diversity=0.414890,
indivs=495002, elapsed_secs=10994, mean=0.546915, stdev=0.125802, best fit=0.669300, best_overall=0.669300, mean_diversity=0.289654,
indivs=505100, elapsed_secs=11325, mean=0.562266, stdev=0.141336, best fit=0.669300, best_overall=0.669300, mean_diversity=0.169222,
indivs=515198, elapsed_secs=11669, mean=0.498829, stdev=0.077140, best fit=0.669300, best_overall=0.669300, mean_diversity=0.221049,
indivs=525296, elapsed_secs=11987, mean=0.480072, stdev=0.113839, best fit=0.669300, best_overall=0.669300, mean_diversity=0.268912,
indivs=535394, elapsed_secs=12300, mean=0.515612, stdev=0.178379, best fit=0.669300, best_overall=0.669300, mean_diversity=0.107767,
indivs=545492, elapsed_secs=12629, mean=0.580773, stdev=0.184351, best fit=0.669300, best_overall=0.669300, mean_diversity=0.114577,
indivs=555590, elapsed_secs=12981, mean=0.480650, stdev=0.114087, best fit=0.669300, best_overall=0.669300, mean_diversity=0.348207,
indivs=565688, elapsed_secs=13329, mean=0.505422, stdev=0.193462, best fit=0.669300, best_overall=0.669300, mean_diversity=0.336736,
indivs=575786, elapsed_secs=13660, mean=0.496942, stdev=0.127262, best fit=0.669300, best_overall=0.669300, mean_diversity=0.230036,
indivs=585884, elapsed_secs=13992, mean=0.587841, stdev=0.084703, best fit=0.669300, best_overall=0.669300, mean_diversity=0.250630,
indivs=595982, elapsed_secs=14327, mean=0.510687, stdev=0.178313, best fit=0.669300, best_overall=0.669300, mean_diversity=0.345177,
indivs=606080, elapsed_secs=14667, mean=0.542093, stdev=0.091737, best fit=0.669400, best_overall=0.669400, mean_diversity=0.216913,
indivs=616178, elapsed_secs=14984, mean=0.470946, stdev=0.136776, best fit=0.669400, best_overall=0.669400, mean_diversity=0.355820,
indivs=626276, elapsed_secs=15308, mean=0.480044, stdev=0.107140, best fit=0.669400, best_overall=0.669400, mean_diversity=0.177287,
indivs=636374, elapsed_secs=15639, mean=0.495007, stdev=0.095852, best fit=0.669400, best_overall=0.669400, mean_diversity=0.378763,
indivs=646472, elapsed_secs=15942, mean=0.463263, stdev=0.150401, best fit=0.669400, best_overall=0.669400, mean_diversity=0.194327,
indivs=656570, elapsed_secs=16265, mean=0.523424, stdev=0.097990, best fit=0.669400, best_overall=0.669400, mean_diversity=0.343423,
indivs=666668, elapsed_secs=16589, mean=0.481607, stdev=0.141504, best fit=0.669400, best_overall=0.669400, mean_diversity=0.123407,
indivs=676766, elapsed_secs=16911, mean=0.496698, stdev=0.096346, best fit=0.669400, best_overall=0.669400, mean_diversity=0.103420,
indivs=686864, elapsed_secs=17251, mean=0.528722, stdev=0.155593, best fit=0.673100, best_overall=0.673100, mean_diversity=0.180454,
indivs=696962, elapsed_secs=17571, mean=0.598399, stdev=0.130166, best fit=0.673100, best_overall=0.673100, mean_diversity=0.159855,
indivs=707060, elapsed_secs=17934, mean=0.501093, stdev=0.104970, best fit=0.673100, best_overall=0.673100, mean_diversity=0.503573,
indivs=717158, elapsed_secs=18284, mean=0.466920, stdev=0.130827, best fit=0.673100, best_overall=0.673100, mean_diversity=0.078825,
indivs=727256, elapsed_secs=18658, mean=0.527843, stdev=0.089027, best fit=0.673100, best_overall=0.673100, mean_diversity=0.355799,
indivs=737354, elapsed_secs=18999, mean=0.581910, stdev=0.175232, best fit=0.673400, best_overall=0.673400, mean_diversity=0.127137,
indivs=747452, elapsed_secs=19331, mean=0.467726, stdev=0.132603, best fit=0.673400, best_overall=0.673400, mean_diversity=0.146434,
indivs=757550, elapsed_secs=19648, mean=0.531175, stdev=0.194259, best fit=0.673400, best_overall=0.673400, mean_diversity=0.194673,
indivs=767648, elapsed_secs=19993, mean=0.516110, stdev=0.051397, best fit=0.673400, best_overall=0.673400, mean_diversity=0.346482,
indivs=777746, elapsed_secs=20327, mean=0.535157, stdev=0.088372, best fit=0.673400, best_overall=0.673400, mean_diversity=0.358852,
indivs=787844, elapsed_secs=20684, mean=0.490056, stdev=0.122387, best fit=0.674100, best_overall=0.674100, mean_diversity=0.177796,
indivs=797942, elapsed_secs=21032, mean=0.460712, stdev=0.130675, best fit=0.674100, best_overall=0.674100, mean_diversity=0.140417,
indivs=808040, elapsed_secs=21364, mean=0.520719, stdev=0.114396, best fit=0.674100, best_overall=0.674100, mean_diversity=0.267316,
indivs=818138, elapsed_secs=21703, mean=0.512019, stdev=0.123669, best fit=0.674100, best_overall=0.674100, mean_diversity=0.252847,
indivs=828236, elapsed_secs=22013, mean=0.485338, stdev=0.200021, best fit=0.674100, best_overall=0.674100, mean_diversity=0.211025,
indivs=838334, elapsed_secs=22354, mean=0.558955, stdev=0.163815, best fit=0.674100, best_overall=0.674100, mean_diversity=0.181907,
indivs=848432, elapsed_secs=22684, mean=0.592654, stdev=0.099159, best fit=0.674100, best_overall=0.674100, mean_diversity=0.058662,
indivs=858530, elapsed_secs=23011, mean=0.487931, stdev=0.121082, best fit=0.674100, best_overall=0.674100, mean_diversity=0.208840,
indivs=868628, elapsed_secs=23346, mean=0.467747, stdev=0.125749, best fit=0.674100, best_overall=0.674100, mean_diversity=0.101885,
indivs=878726, elapsed_secs=23686, mean=0.564206, stdev=0.200320, best fit=0.675300, best_overall=0.675300, mean_diversity=0.186828,
indivs=888824, elapsed_secs=24003, mean=0.539076, stdev=0.155835, best fit=0.675800, best_overall=0.675800, mean_diversity=0.126417,
indivs=898922, elapsed_secs=24350, mean=0.561333, stdev=0.191331, best fit=0.675800, best_overall=0.675800, mean_diversity=0.137549,
indivs=909020, elapsed_secs=24706, mean=0.528910, stdev=0.119112, best fit=0.675800, best_overall=0.675800, mean_diversity=0.304760,
indivs=919118, elapsed_secs=25056, mean=0.485346, stdev=0.118628, best fit=0.675800, best_overall=0.675800, mean_diversity=0.141184,
indivs=929216, elapsed_secs=25392, mean=0.563695, stdev=0.099884, best fit=0.675800, best_overall=0.675800, mean_diversity=0.190043,
indivs=939314, elapsed_secs=25718, mean=0.534833, stdev=0.130159, best fit=0.675800, best_overall=0.675800, mean_diversity=0.194657,
indivs=949412, elapsed_secs=26081, mean=0.494891, stdev=0.079171, best fit=0.675800, best_overall=0.675800, mean_diversity=0.114244,
indivs=959510, elapsed_secs=26408, mean=0.476453, stdev=0.146254, best fit=0.675800, best_overall=0.675800, mean_diversity=0.214718,
indivs=969608, elapsed_secs=26748, mean=0.526429, stdev=0.130210, best fit=0.675800, best_overall=0.675800, mean_diversity=0.457007,
indivs=979706, elapsed_secs=27112, mean=0.530676, stdev=0.139538, best fit=0.675800, best_overall=0.675800, mean_diversity=0.161812,
indivs=989804, elapsed_secs=27440, mean=0.558365, stdev=0.160053, best fit=0.676100, best_overall=0.676100, mean_diversity=0.153082,
indivs=999902, elapsed_secs=27780, mean=0.595627, stdev=0.119616, best fit=0.676100, best_overall=0.676100, mean_diversity=0.224097,
indivs=1010000, elapsed_secs=28114, mean=0.519856, stdev=0.123591, best fit=0.676100, best_overall=0.676100, mean_diversity=0.294857,
indivs=1020098, elapsed_secs=28452, mean=0.565917, stdev=0.153631, best fit=0.676100, best_overall=0.676100, mean_diversity=0.077111,
indivs=1030196, elapsed_secs=28807, mean=0.561782, stdev=0.107039, best fit=0.676100, best_overall=0.676100, mean_diversity=0.208053,
indivs=1040294, elapsed_secs=29137, mean=0.551282, stdev=0.113091, best fit=0.676100, best_overall=0.676100, mean_diversity=0.236762,
indivs=1050392, elapsed_secs=29475, mean=0.525522, stdev=0.154402, best fit=0.676200, best_overall=0.676200, mean_diversity=0.373037,
indivs=1060490, elapsed_secs=29790, mean=0.516939, stdev=0.191733, best fit=0.676200, best_overall=0.676200, mean_diversity=0.260000,
indivs=1070588, elapsed_secs=30118, mean=0.478232, stdev=0.081456, best fit=0.676200, best_overall=0.676200, mean_diversity=0.157575,
indivs=1080686, elapsed_secs=30417, mean=0.500910, stdev=0.154781, best fit=0.676200, best_overall=0.676200, mean_diversity=0.254234,
indivs=1090784, elapsed_secs=30734, mean=0.558372, stdev=0.183970, best fit=0.676200, best_overall=0.676200, mean_diversity=0.166726,
indivs=1100882, elapsed_secs=31049, mean=0.488390, stdev=0.089222, best fit=0.676200, best_overall=0.676200, mean_diversity=0.104048,
indivs=1110980, elapsed_secs=31362, mean=0.476300, stdev=0.110783, best fit=0.676200, best_overall=0.676200, mean_diversity=0.238362,
indivs=1121078, elapsed_secs=31678, mean=0.495529, stdev=0.059919, best fit=0.676200, best_overall=0.676200, mean_diversity=0.240072,
indivs=1131176, elapsed_secs=32001, mean=0.493277, stdev=0.110678, best fit=0.676200, best_overall=0.676200, mean_diversity=0.364268,
indivs=1141274, elapsed_secs=32317, mean=0.483534, stdev=0.101676, best fit=0.676200, best_overall=0.676200, mean_diversity=0.367972,
indivs=1151372, elapsed_secs=32624, mean=0.589528, stdev=0.155712, best fit=0.676200, best_overall=0.676200, mean_diversity=0.098401,
indivs=1161470, elapsed_secs=32946, mean=0.513828, stdev=0.091658, best fit=0.676200, best_overall=0.676200, mean_diversity=0.259590,
indivs=1171568, elapsed_secs=33283, mean=0.511087, stdev=0.136213, best fit=0.676200, best_overall=0.676200, mean_diversity=0.205747,
indivs=1181666, elapsed_secs=33606, mean=0.523978, stdev=0.129834, best fit=0.676200, best_overall=0.676200, mean_diversity=0.339201,
indivs=1191764, elapsed_secs=33910, mean=0.523372, stdev=0.116412, best fit=0.676200, best_overall=0.676200, mean_diversity=0.377708,
indivs=1201862, elapsed_secs=34228, mean=0.502686, stdev=0.103605, best fit=0.676200, best_overall=0.676200, mean_diversity=0.250785,
indivs=1211960, elapsed_secs=34549, mean=0.590449, stdev=0.142958, best fit=0.676200, best_overall=0.676200, mean_diversity=0.082282,
indivs=1222058, elapsed_secs=34848, mean=0.501219, stdev=0.084919, best fit=0.676200, best_overall=0.676200, mean_diversity=0.076450,
indivs=1232156, elapsed_secs=35164, mean=0.540884, stdev=0.213132, best fit=0.676200, best_overall=0.676200, mean_diversity=0.176737,
indivs=1242254, elapsed_secs=35497, mean=0.501911, stdev=0.142984, best fit=0.676200, best_overall=0.676200, mean_diversity=0.157985,
indivs=1252352, elapsed_secs=35849, mean=0.604600, stdev=0.107999, best fit=0.676200, best_overall=0.676200, mean_diversity=0.147183,
indivs=1262450, elapsed_secs=36168, mean=0.581658, stdev=0.183925, best fit=0.676200, best_overall=0.676200, mean_diversity=0.113229,
indivs=1272548, elapsed_secs=36490, mean=0.550366, stdev=0.140697, best fit=0.676200, best_overall=0.676200, mean_diversity=0.245126,
indivs=1282646, elapsed_secs=36813, mean=0.576002, stdev=0.141520, best fit=0.676200, best_overall=0.676200, mean_diversity=0.210210,
indivs=1292744, elapsed_secs=37144, mean=0.491653, stdev=0.155652, best fit=0.676200, best_overall=0.676200, mean_diversity=0.284877,
Experiment done. Retrieving candidate algorithm.
Search fitness for candidate algorithm = 0.676200
Evaluating candidate algorithm from experiment (on T_select tasks)... 
Select fitness for candidate algorithm = 0.673600
Select fitness is the best so far. 

Final evaluation of best algorithm (on unseen tasks)...
Final evaluation fitness (on unseen data) = 0.663450
Algorithm found: 
def Setup():
  s1 = 0.363814
  v6 = uniform(-0.475687, -0.278477, n_features)
  v8 = gaussian(-0.613104, 0.830426, n_features)
  m1 = uniform(-0.320088, -0.235263, (n_features, n_features))
  v7 = uniform(-0.133983, 0.972676, n_features)
  m0 = uniform(0.590116, 0.0590857, (n_features, n_features))
def Predict():
  v4 = v6 + v4
  v6 = maximum(v0, v0)
  s4 = dot(v0, v7)
  s1 = dot(v7, v3)
  v8 = maximum(v1, v4)
  s2 = s4 + s3
  s1 = dot(v4, v6)
  v6 = dot(m1, v8)
def Learn():
  s4 = s0 + s1
  v8 = heaviside(v3, 1.0)
  v1 = s0 * v7
  v1 = heaviside(v6, 1.0)
  v2 = s1 * v7
  v7 = v1 * v6
  v3 = v8 * v1
  s2 = s0 * s4
  s4 = s0 + s0
  v6 = v5 * v0
  m0 = outer(v0, v5)
  v5 = s0 * v2
  v6 = s0 * v0
  v7 = s1 * v2
  m1 = m0 + m0
  s1 = s3 + s0
  m1 = m0 + m1
  m0 = m1 + m1
  s2 = s1 * s4
  v2 = v4 * v1
  v6 = v6 + v2

