Random seed = 3567684026
Random seed = 4008988476
/p/work/rditljtd/automl_zero/baseline_qdupdate.db3
evol_id:22494
SQLite Version: 3.4.0

Creating database for run.
/p/work/rditljtd/automl_zero/baseline_qdupdate.db3
Running evolution experiment (on the T_search tasks)...
indivs=200, elapsed_secs=1, mean=0.500000, stdev=0.000000, best fit=0.500000, best_overall=0.500000, mean_diversity=0.000000,
indivs=10298, elapsed_secs=265, mean=0.496408, stdev=0.052736, best fit=0.669100, best_overall=0.669100, mean_diversity=0.254006,
indivs=20396, elapsed_secs=573, mean=0.505163, stdev=0.064736, best fit=0.671200, best_overall=0.671200, mean_diversity=0.414317,
indivs=30494, elapsed_secs=902, mean=0.481716, stdev=0.099801, best fit=0.671600, best_overall=0.671600, mean_diversity=0.160512,
indivs=40592, elapsed_secs=1235, mean=0.516891, stdev=0.066123, best fit=0.671600, best_overall=0.671600, mean_diversity=0.430227,
indivs=50690, elapsed_secs=1564, mean=0.487704, stdev=0.089001, best fit=0.671700, best_overall=0.671700, mean_diversity=0.338249,
indivs=60788, elapsed_secs=1893, mean=0.471539, stdev=0.133495, best fit=0.671700, best_overall=0.671700, mean_diversity=0.383056,
indivs=70886, elapsed_secs=2236, mean=0.561560, stdev=0.119266, best fit=0.672700, best_overall=0.672700, mean_diversity=0.182061,
indivs=80984, elapsed_secs=2548, mean=0.538700, stdev=0.107292, best fit=0.672800, best_overall=0.672800, mean_diversity=0.140776,
indivs=91082, elapsed_secs=2878, mean=0.491658, stdev=0.072312, best fit=0.672800, best_overall=0.672800, mean_diversity=0.330904,
indivs=101180, elapsed_secs=3207, mean=0.487677, stdev=0.134069, best fit=0.674500, best_overall=0.674500, mean_diversity=0.321306,
indivs=111278, elapsed_secs=3491, mean=0.543518, stdev=0.197566, best fit=0.674500, best_overall=0.674500, mean_diversity=0.143598,
indivs=121376, elapsed_secs=3816, mean=0.492769, stdev=0.074290, best fit=0.674500, best_overall=0.674500, mean_diversity=0.292992,
indivs=131474, elapsed_secs=4117, mean=0.537424, stdev=0.136753, best fit=0.674500, best_overall=0.674500, mean_diversity=0.273565,
indivs=141572, elapsed_secs=4427, mean=0.502759, stdev=0.117801, best fit=0.686700, best_overall=0.686700, mean_diversity=0.189550,
indivs=151670, elapsed_secs=4786, mean=0.532273, stdev=0.102699, best fit=0.688500, best_overall=0.688500, mean_diversity=0.300658,
indivs=161768, elapsed_secs=5186, mean=0.505367, stdev=0.145041, best fit=0.688500, best_overall=0.688500, mean_diversity=0.320419,
indivs=171866, elapsed_secs=5580, mean=0.504044, stdev=0.018698, best fit=0.688500, best_overall=0.688500, mean_diversity=0.152532,
indivs=181964, elapsed_secs=5948, mean=0.441428, stdev=0.244182, best fit=0.688500, best_overall=0.688500, mean_diversity=0.200333,
indivs=192062, elapsed_secs=6317, mean=0.561096, stdev=0.163474, best fit=0.688500, best_overall=0.688500, mean_diversity=0.176774,
indivs=202160, elapsed_secs=6702, mean=0.505617, stdev=0.226111, best fit=0.688500, best_overall=0.688500, mean_diversity=0.115188,
indivs=212258, elapsed_secs=7083, mean=0.505617, stdev=0.102637, best fit=0.691900, best_overall=0.691900, mean_diversity=0.285879,
indivs=222356, elapsed_secs=7451, mean=0.507375, stdev=0.063633, best fit=0.691900, best_overall=0.691900, mean_diversity=0.186692,
indivs=232454, elapsed_secs=7845, mean=0.471916, stdev=0.120746, best fit=0.691900, best_overall=0.691900, mean_diversity=0.123958,
indivs=242552, elapsed_secs=8229, mean=0.508547, stdev=0.158614, best fit=0.691900, best_overall=0.691900, mean_diversity=0.249012,
indivs=252650, elapsed_secs=8604, mean=0.509849, stdev=0.097399, best fit=0.691900, best_overall=0.691900, mean_diversity=0.263441,
indivs=262748, elapsed_secs=9000, mean=0.561228, stdev=0.115374, best fit=0.691900, best_overall=0.691900, mean_diversity=0.223801,
indivs=272846, elapsed_secs=9391, mean=0.486919, stdev=0.087733, best fit=0.691900, best_overall=0.691900, mean_diversity=0.075754,
indivs=282944, elapsed_secs=9776, mean=0.515061, stdev=0.094244, best fit=0.691900, best_overall=0.691900, mean_diversity=0.486875,
indivs=293042, elapsed_secs=10169, mean=0.575277, stdev=0.116418, best fit=0.691900, best_overall=0.691900, mean_diversity=0.181773,
indivs=303140, elapsed_secs=10538, mean=0.503426, stdev=0.176548, best fit=0.691900, best_overall=0.691900, mean_diversity=0.291968,
indivs=313238, elapsed_secs=10930, mean=0.546430, stdev=0.071873, best fit=0.691900, best_overall=0.691900, mean_diversity=0.290580,
indivs=323336, elapsed_secs=11323, mean=0.495294, stdev=0.127090, best fit=0.691900, best_overall=0.691900, mean_diversity=0.287500,
indivs=333434, elapsed_secs=11714, mean=0.559520, stdev=0.116435, best fit=0.691900, best_overall=0.691900, mean_diversity=0.353787,
indivs=343532, elapsed_secs=12096, mean=0.584756, stdev=0.185342, best fit=0.691900, best_overall=0.691900, mean_diversity=0.130018,
indivs=353630, elapsed_secs=12474, mean=0.552673, stdev=0.138831, best fit=0.691900, best_overall=0.691900, mean_diversity=0.249162,
indivs=363728, elapsed_secs=12849, mean=0.481746, stdev=0.100183, best fit=0.691900, best_overall=0.691900, mean_diversity=0.151822,
indivs=373826, elapsed_secs=13229, mean=0.511776, stdev=0.090626, best fit=0.691900, best_overall=0.691900, mean_diversity=0.235118,
indivs=383924, elapsed_secs=13610, mean=0.529624, stdev=0.198141, best fit=0.691900, best_overall=0.691900, mean_diversity=0.284911,
indivs=394022, elapsed_secs=13989, mean=0.521742, stdev=0.141771, best fit=0.691900, best_overall=0.691900, mean_diversity=0.415159,
indivs=404120, elapsed_secs=14358, mean=0.560357, stdev=0.180721, best fit=0.691900, best_overall=0.691900, mean_diversity=0.170192,
indivs=414218, elapsed_secs=14733, mean=0.511076, stdev=0.091322, best fit=0.691900, best_overall=0.691900, mean_diversity=0.308371,
indivs=424316, elapsed_secs=15097, mean=0.547680, stdev=0.119286, best fit=0.691900, best_overall=0.691900, mean_diversity=0.241610,
indivs=434414, elapsed_secs=15463, mean=0.595224, stdev=0.101277, best fit=0.691900, best_overall=0.691900, mean_diversity=0.187342,
indivs=444512, elapsed_secs=15847, mean=0.552762, stdev=0.195446, best fit=0.691900, best_overall=0.691900, mean_diversity=0.183421,
indivs=454610, elapsed_secs=16220, mean=0.519593, stdev=0.114675, best fit=0.691900, best_overall=0.691900, mean_diversity=0.155818,
indivs=464708, elapsed_secs=16591, mean=0.551943, stdev=0.153245, best fit=0.691900, best_overall=0.691900, mean_diversity=0.117280,
indivs=474806, elapsed_secs=16975, mean=0.560581, stdev=0.140192, best fit=0.691900, best_overall=0.691900, mean_diversity=0.239767,
indivs=484904, elapsed_secs=17354, mean=0.523122, stdev=0.131514, best fit=0.691900, best_overall=0.691900, mean_diversity=0.354091,
indivs=495002, elapsed_secs=17721, mean=0.578137, stdev=0.163835, best fit=0.691900, best_overall=0.691900, mean_diversity=0.063961,
indivs=505100, elapsed_secs=18090, mean=0.465387, stdev=0.135111, best fit=0.691900, best_overall=0.691900, mean_diversity=0.135659,
indivs=515198, elapsed_secs=18478, mean=0.501252, stdev=0.174342, best fit=0.691900, best_overall=0.691900, mean_diversity=0.357943,
indivs=525296, elapsed_secs=18843, mean=0.547704, stdev=0.126059, best fit=0.691900, best_overall=0.691900, mean_diversity=0.211537,
indivs=535394, elapsed_secs=19218, mean=0.515462, stdev=0.136297, best fit=0.691900, best_overall=0.691900, mean_diversity=0.243207,
indivs=545492, elapsed_secs=19590, mean=0.496540, stdev=0.115934, best fit=0.691900, best_overall=0.691900, mean_diversity=0.247984,
indivs=555590, elapsed_secs=19959, mean=0.526751, stdev=0.102053, best fit=0.691900, best_overall=0.691900, mean_diversity=0.278395,
indivs=565688, elapsed_secs=20357, mean=0.567710, stdev=0.172037, best fit=0.691900, best_overall=0.691900, mean_diversity=0.164570,
indivs=575786, elapsed_secs=20730, mean=0.554814, stdev=0.161525, best fit=0.691900, best_overall=0.691900, mean_diversity=0.166082,
indivs=585884, elapsed_secs=21114, mean=0.501409, stdev=0.019781, best fit=0.691900, best_overall=0.691900, mean_diversity=0.116431,
indivs=595982, elapsed_secs=21477, mean=0.578824, stdev=0.129400, best fit=0.691900, best_overall=0.691900, mean_diversity=0.125027,
indivs=606080, elapsed_secs=21850, mean=0.486828, stdev=0.087805, best fit=0.691900, best_overall=0.691900, mean_diversity=0.117395,
indivs=616178, elapsed_secs=22227, mean=0.577721, stdev=0.129917, best fit=0.691900, best_overall=0.691900, mean_diversity=0.167281,
indivs=626276, elapsed_secs=22591, mean=0.510441, stdev=0.091924, best fit=0.691900, best_overall=0.691900, mean_diversity=0.259515,
indivs=636374, elapsed_secs=22955, mean=0.503606, stdev=0.025295, best fit=0.691900, best_overall=0.691900, mean_diversity=0.136733,
indivs=646472, elapsed_secs=23317, mean=0.502242, stdev=0.132713, best fit=0.691900, best_overall=0.691900, mean_diversity=0.397634,
indivs=656570, elapsed_secs=23668, mean=0.485289, stdev=0.118561, best fit=0.691900, best_overall=0.691900, mean_diversity=0.135826,
indivs=666668, elapsed_secs=24032, mean=0.513150, stdev=0.169063, best fit=0.691900, best_overall=0.691900, mean_diversity=0.130532,
indivs=676766, elapsed_secs=24407, mean=0.542428, stdev=0.095195, best fit=0.691900, best_overall=0.691900, mean_diversity=0.179054,
indivs=686864, elapsed_secs=24779, mean=0.518955, stdev=0.080136, best fit=0.691900, best_overall=0.691900, mean_diversity=0.258532,
indivs=696962, elapsed_secs=25147, mean=0.537540, stdev=0.107277, best fit=0.691900, best_overall=0.691900, mean_diversity=0.339360,
indivs=707060, elapsed_secs=25547, mean=0.556715, stdev=0.127657, best fit=0.691900, best_overall=0.691900, mean_diversity=0.107763,
indivs=717158, elapsed_secs=25938, mean=0.481922, stdev=0.100207, best fit=0.691900, best_overall=0.691900, mean_diversity=0.155987,
indivs=727256, elapsed_secs=26315, mean=0.478358, stdev=0.125946, best fit=0.691900, best_overall=0.691900, mean_diversity=0.149609,
indivs=737354, elapsed_secs=26694, mean=0.560050, stdev=0.151085, best fit=0.691900, best_overall=0.691900, mean_diversity=0.195128,
indivs=747452, elapsed_secs=27055, mean=0.495339, stdev=0.138476, best fit=0.691900, best_overall=0.691900, mean_diversity=0.227060,
indivs=757550, elapsed_secs=27429, mean=0.591485, stdev=0.141153, best fit=0.691900, best_overall=0.691900, mean_diversity=0.126401,
indivs=767648, elapsed_secs=27810, mean=0.562326, stdev=0.140065, best fit=0.691900, best_overall=0.691900, mean_diversity=0.107313,
indivs=777746, elapsed_secs=28179, mean=0.558060, stdev=0.132681, best fit=0.691900, best_overall=0.691900, mean_diversity=0.129947,
indivs=787844, elapsed_secs=28562, mean=0.508822, stdev=0.156765, best fit=0.691900, best_overall=0.691900, mean_diversity=0.357115,
indivs=797942, elapsed_secs=28939, mean=0.536233, stdev=0.137460, best fit=0.691900, best_overall=0.691900, mean_diversity=0.238978,
indivs=808040, elapsed_secs=29307, mean=0.521945, stdev=0.129666, best fit=0.691900, best_overall=0.691900, mean_diversity=0.432500,
indivs=818138, elapsed_secs=29690, mean=0.518174, stdev=0.139381, best fit=0.691900, best_overall=0.691900, mean_diversity=0.369555,
indivs=828236, elapsed_secs=30077, mean=0.514792, stdev=0.110802, best fit=0.691900, best_overall=0.691900, mean_diversity=0.306181,
indivs=838334, elapsed_secs=30434, mean=0.486291, stdev=0.120102, best fit=0.691900, best_overall=0.691900, mean_diversity=0.231236,
indivs=848432, elapsed_secs=30830, mean=0.456938, stdev=0.144962, best fit=0.691900, best_overall=0.691900, mean_diversity=0.207510,
indivs=858530, elapsed_secs=31199, mean=0.517947, stdev=0.105514, best fit=0.691900, best_overall=0.691900, mean_diversity=0.340973,
indivs=868628, elapsed_secs=31581, mean=0.485955, stdev=0.130918, best fit=0.691900, best_overall=0.691900, mean_diversity=0.227249,
indivs=878726, elapsed_secs=31938, mean=0.501923, stdev=0.142040, best fit=0.691900, best_overall=0.691900, mean_diversity=0.235867,
indivs=888824, elapsed_secs=32304, mean=0.524876, stdev=0.101345, best fit=0.691900, best_overall=0.691900, mean_diversity=0.284031,
indivs=898922, elapsed_secs=32711, mean=0.452773, stdev=0.152169, best fit=0.691900, best_overall=0.691900, mean_diversity=0.410686,
indivs=909020, elapsed_secs=33079, mean=0.490956, stdev=0.072953, best fit=0.691900, best_overall=0.691900, mean_diversity=0.097440,
indivs=919118, elapsed_secs=33453, mean=0.509669, stdev=0.144718, best fit=0.691900, best_overall=0.691900, mean_diversity=0.438854,
indivs=929216, elapsed_secs=33825, mean=0.522003, stdev=0.182622, best fit=0.691900, best_overall=0.691900, mean_diversity=0.230624,
indivs=939314, elapsed_secs=34203, mean=0.560570, stdev=0.138602, best fit=0.691900, best_overall=0.691900, mean_diversity=0.209677,
indivs=949412, elapsed_secs=34570, mean=0.471986, stdev=0.120769, best fit=0.691900, best_overall=0.691900, mean_diversity=0.104557,
indivs=959510, elapsed_secs=34946, mean=0.593628, stdev=0.103006, best fit=0.691900, best_overall=0.691900, mean_diversity=0.125174,
indivs=969608, elapsed_secs=35317, mean=0.493859, stdev=0.188032, best fit=0.691900, best_overall=0.691900, mean_diversity=0.291864,
indivs=979706, elapsed_secs=35705, mean=0.558768, stdev=0.163369, best fit=0.691900, best_overall=0.691900, mean_diversity=0.157056,
indivs=989804, elapsed_secs=36076, mean=0.579933, stdev=0.164530, best fit=0.691900, best_overall=0.691900, mean_diversity=0.149513,
indivs=999902, elapsed_secs=36446, mean=0.536141, stdev=0.144073, best fit=0.691900, best_overall=0.691900, mean_diversity=0.164925,
indivs=1010000, elapsed_secs=36815, mean=0.540673, stdev=0.095707, best fit=0.691900, best_overall=0.691900, mean_diversity=0.328272,
indivs=1020098, elapsed_secs=37168, mean=0.511918, stdev=0.109107, best fit=0.691900, best_overall=0.691900, mean_diversity=0.239451,
indivs=1030196, elapsed_secs=37546, mean=0.552286, stdev=0.161684, best fit=0.691900, best_overall=0.691900, mean_diversity=0.197003,
indivs=1040294, elapsed_secs=37930, mean=0.496972, stdev=0.053471, best fit=0.691900, best_overall=0.691900, mean_diversity=0.264729,
indivs=1050392, elapsed_secs=38312, mean=0.503868, stdev=0.118104, best fit=0.691900, best_overall=0.691900, mean_diversity=0.293768,
indivs=1060490, elapsed_secs=38680, mean=0.495834, stdev=0.124178, best fit=0.691900, best_overall=0.691900, mean_diversity=0.191541,
indivs=1070588, elapsed_secs=39049, mean=0.574031, stdev=0.151795, best fit=0.691900, best_overall=0.691900, mean_diversity=0.109260,
indivs=1080686, elapsed_secs=39437, mean=0.500232, stdev=0.085998, best fit=0.691900, best_overall=0.691900, mean_diversity=0.287368,
indivs=1090784, elapsed_secs=39802, mean=0.478101, stdev=0.125785, best fit=0.691900, best_overall=0.691900, mean_diversity=0.247265,
indivs=1100882, elapsed_secs=40172, mean=0.556727, stdev=0.172722, best fit=0.691900, best_overall=0.691900, mean_diversity=0.164864,
indivs=1110980, elapsed_secs=40559, mean=0.499666, stdev=0.173466, best fit=0.691900, best_overall=0.691900, mean_diversity=0.545649,
indivs=1121078, elapsed_secs=40930, mean=0.538399, stdev=0.121991, best fit=0.691900, best_overall=0.691900, mean_diversity=0.200902,
indivs=1131176, elapsed_secs=41304, mean=0.550304, stdev=0.078206, best fit=0.691900, best_overall=0.691900, mean_diversity=0.348053,
indivs=1141274, elapsed_secs=41701, mean=0.528654, stdev=0.131092, best fit=0.691900, best_overall=0.691900, mean_diversity=0.294581,
indivs=1151372, elapsed_secs=42069, mean=0.493251, stdev=0.093597, best fit=0.691900, best_overall=0.691900, mean_diversity=0.303672,
indivs=1161470, elapsed_secs=42433, mean=0.486889, stdev=0.087729, best fit=0.691900, best_overall=0.691900, mean_diversity=0.085301,
indivs=1171568, elapsed_secs=42818, mean=0.593715, stdev=0.115850, best fit=0.691900, best_overall=0.691900, mean_diversity=0.151359,
indivs=1181666, elapsed_secs=43192, mean=0.451900, stdev=0.162368, best fit=0.691900, best_overall=0.691900, mean_diversity=0.173820,
indivs=1191764, elapsed_secs=43581, mean=0.493738, stdev=0.137648, best fit=0.691900, best_overall=0.691900, mean_diversity=0.261076,
indivs=1201862, elapsed_secs=43940, mean=0.546490, stdev=0.112602, best fit=0.691900, best_overall=0.691900, mean_diversity=0.160069,
indivs=1211960, elapsed_secs=44335, mean=0.537555, stdev=0.131820, best fit=0.691900, best_overall=0.691900, mean_diversity=0.210899,
indivs=1222058, elapsed_secs=44715, mean=0.519740, stdev=0.097005, best fit=0.691900, best_overall=0.691900, mean_diversity=0.245251,
indivs=1232156, elapsed_secs=45092, mean=0.499001, stdev=0.162910, best fit=0.691900, best_overall=0.691900, mean_diversity=0.356797,
indivs=1242254, elapsed_secs=45446, mean=0.606934, stdev=0.095539, best fit=0.691900, best_overall=0.691900, mean_diversity=0.180765,
indivs=1252352, elapsed_secs=45824, mean=0.507366, stdev=0.086691, best fit=0.691900, best_overall=0.691900, mean_diversity=0.279253,
indivs=1262450, elapsed_secs=46202, mean=0.591256, stdev=0.081944, best fit=0.691900, best_overall=0.691900, mean_diversity=0.214553,
indivs=1272548, elapsed_secs=46567, mean=0.524085, stdev=0.100752, best fit=0.691900, best_overall=0.691900, mean_diversity=0.350735,
indivs=1282646, elapsed_secs=46939, mean=0.484695, stdev=0.118216, best fit=0.691900, best_overall=0.691900, mean_diversity=0.136490,
indivs=1292744, elapsed_secs=47323, mean=0.505357, stdev=0.030512, best fit=0.691900, best_overall=0.691900, mean_diversity=0.330123,
indivs=1302842, elapsed_secs=47705, mean=0.507113, stdev=0.062443, best fit=0.691900, best_overall=0.691900, mean_diversity=0.301124,
Experiment done. Retrieving candidate algorithm.
Search fitness for candidate algorithm = 0.691900
Evaluating candidate algorithm from experiment (on T_select tasks)... 
Select fitness for candidate algorithm = 0.658600
Select fitness is the best so far. 

Final evaluation of best algorithm (on unseen tasks)...
Final evaluation fitness (on unseen data) = 0.660990
Algorithm found: 
def Setup():
  s2 = gaussian(-0.0370565, 0.866891)
  m1 = uniform(-0.911086, -0.498308, (n_features, n_features))
  s4 = uniform(-0.531171, -0.351409)
  s4 = uniform(-0.987974, -0.110156)
  s2 = uniform(-1.1808, -0.243059)
def Predict():
  v1 = dot(m0, v4)
  v2 = maximum(v4, v2)
  s2 = dot(v5, v4)
  v8 = v7 + v8
  s3 = dot(v8, v0)
  v1 = dot(m0, v4)
  v5 = maximum(v8, v8)
  v4 = v2 + v7
  s1 = s3 + s4
def Learn():
  v6 = v4 * v3
  v4 = s4 * v0
  m0 = outer(v7, v0)
  v7 = v8 + v4
  m1 = outer(v4, v5)
  v5 = v7 + v0
  v7 = v8 + v3
  v5 = v0 * v2
  m0 = outer(v2, v3)
  v4 = heaviside(v5, 1.0)
  s3 = s2 + s2
  v8 = s0 * v2
  v8 = v0 + v3
  s2 = s1 * s4
  m1 = outer(v6, v0)
  s1 = s2 + s0
  v8 = s1 * v0
  s3 = s4 - s1

