Random seed = 3567692148
Random seed = 4015955041
/p/work/rditljtd/automl_zero/baseline_qdupdate.db3
evol_id:56942
SQLite Version: 3.4.0

Creating database for run.
/p/work/rditljtd/automl_zero/baseline_qdupdate.db3
Running evolution experiment (on the T_search tasks)...
indivs=200, elapsed_secs=1, mean=0.500000, stdev=0.000000, best fit=0.500000, best_overall=0.500000, mean_diversity=0.000000,
indivs=10298, elapsed_secs=133, mean=0.490159, stdev=0.070502, best fit=0.562600, best_overall=0.562600, mean_diversity=0.231634,
indivs=20396, elapsed_secs=430, mean=0.543702, stdev=0.123043, best fit=0.669800, best_overall=0.669800, mean_diversity=0.204365,
indivs=30494, elapsed_secs=672, mean=0.491697, stdev=0.072252, best fit=0.670100, best_overall=0.670100, mean_diversity=0.248160,
indivs=40592, elapsed_secs=905, mean=0.527855, stdev=0.131324, best fit=0.670100, best_overall=0.670100, mean_diversity=0.165988,
indivs=50690, elapsed_secs=1172, mean=0.488226, stdev=0.133941, best fit=0.671000, best_overall=0.671000, mean_diversity=0.205903,
indivs=60788, elapsed_secs=1410, mean=0.501726, stdev=0.017013, best fit=0.671000, best_overall=0.671000, mean_diversity=0.117520,
indivs=70886, elapsed_secs=1657, mean=0.513297, stdev=0.124059, best fit=0.671500, best_overall=0.671500, mean_diversity=0.241645,
indivs=80984, elapsed_secs=1929, mean=0.503772, stdev=0.035751, best fit=0.671500, best_overall=0.671500, mean_diversity=0.229614,
indivs=91082, elapsed_secs=2191, mean=0.501593, stdev=0.017238, best fit=0.672600, best_overall=0.672600, mean_diversity=0.229607,
indivs=101180, elapsed_secs=2449, mean=0.513560, stdev=0.109738, best fit=0.672600, best_overall=0.672600, mean_diversity=0.382743,
indivs=111278, elapsed_secs=2683, mean=0.513443, stdev=0.045823, best fit=0.672800, best_overall=0.672800, mean_diversity=0.212713,
indivs=121376, elapsed_secs=2920, mean=0.502164, stdev=0.021079, best fit=0.672800, best_overall=0.672800, mean_diversity=0.314429,
indivs=131474, elapsed_secs=3174, mean=0.505178, stdev=0.065103, best fit=0.672800, best_overall=0.672800, mean_diversity=0.224141,
indivs=141572, elapsed_secs=3409, mean=0.495556, stdev=0.073323, best fit=0.672800, best_overall=0.672800, mean_diversity=0.346357,
indivs=151670, elapsed_secs=3616, mean=0.524875, stdev=0.101311, best fit=0.672800, best_overall=0.672800, mean_diversity=0.267302,
indivs=161768, elapsed_secs=3848, mean=0.503372, stdev=0.023598, best fit=0.672800, best_overall=0.672800, mean_diversity=0.260540,
indivs=171866, elapsed_secs=4052, mean=0.486732, stdev=0.087307, best fit=0.672800, best_overall=0.672800, mean_diversity=0.193211,
indivs=181964, elapsed_secs=4301, mean=0.476807, stdev=0.110731, best fit=0.672800, best_overall=0.672800, mean_diversity=0.261798,
indivs=192062, elapsed_secs=4540, mean=0.504735, stdev=0.027114, best fit=0.672800, best_overall=0.672800, mean_diversity=0.232538,
indivs=202160, elapsed_secs=4783, mean=0.508256, stdev=0.036480, best fit=0.672800, best_overall=0.672800, mean_diversity=0.339703,
indivs=212258, elapsed_secs=5028, mean=0.506794, stdev=0.033290, best fit=0.672800, best_overall=0.672800, mean_diversity=0.266036,
indivs=222356, elapsed_secs=5287, mean=0.532108, stdev=0.066721, best fit=0.672800, best_overall=0.672800, mean_diversity=0.303908,
indivs=232454, elapsed_secs=5555, mean=0.561339, stdev=0.125214, best fit=0.672800, best_overall=0.672800, mean_diversity=0.204298,
indivs=242552, elapsed_secs=5820, mean=0.574481, stdev=0.116335, best fit=0.672800, best_overall=0.672800, mean_diversity=0.173428,
indivs=252650, elapsed_secs=6049, mean=0.510086, stdev=0.070187, best fit=0.672800, best_overall=0.672800, mean_diversity=0.159006,
indivs=262748, elapsed_secs=6312, mean=0.548772, stdev=0.128732, best fit=0.672800, best_overall=0.672800, mean_diversity=0.360659,
indivs=272846, elapsed_secs=6538, mean=0.502834, stdev=0.024678, best fit=0.672800, best_overall=0.672800, mean_diversity=0.279065,
indivs=282944, elapsed_secs=6773, mean=0.491731, stdev=0.092545, best fit=0.672800, best_overall=0.672800, mean_diversity=0.307119,
indivs=293042, elapsed_secs=7028, mean=0.533673, stdev=0.088449, best fit=0.672800, best_overall=0.672800, mean_diversity=0.344557,
indivs=303140, elapsed_secs=7257, mean=0.537559, stdev=0.069483, best fit=0.672800, best_overall=0.672800, mean_diversity=0.201272,
indivs=313238, elapsed_secs=7492, mean=0.505194, stdev=0.086474, best fit=0.672800, best_overall=0.672800, mean_diversity=0.204505,
indivs=323336, elapsed_secs=7751, mean=0.508537, stdev=0.089744, best fit=0.672800, best_overall=0.672800, mean_diversity=0.390189,
indivs=333434, elapsed_secs=7992, mean=0.488375, stdev=0.086647, best fit=0.672800, best_overall=0.672800, mean_diversity=0.122139,
indivs=343532, elapsed_secs=8244, mean=0.515560, stdev=0.047467, best fit=0.672800, best_overall=0.672800, mean_diversity=0.278136,
indivs=353630, elapsed_secs=8477, mean=0.505043, stdev=0.028682, best fit=0.672800, best_overall=0.672800, mean_diversity=0.153821,
indivs=363728, elapsed_secs=8734, mean=0.512880, stdev=0.076046, best fit=0.672800, best_overall=0.672800, mean_diversity=0.288390,
indivs=373826, elapsed_secs=8955, mean=0.536889, stdev=0.106801, best fit=0.672800, best_overall=0.672800, mean_diversity=0.195347,
indivs=383924, elapsed_secs=9188, mean=0.546814, stdev=0.110784, best fit=0.672800, best_overall=0.672800, mean_diversity=0.267796,
indivs=394022, elapsed_secs=9423, mean=0.542642, stdev=0.108573, best fit=0.672800, best_overall=0.672800, mean_diversity=0.237941,
indivs=404120, elapsed_secs=9662, mean=0.490108, stdev=0.090947, best fit=0.672800, best_overall=0.672800, mean_diversity=0.161047,
indivs=414218, elapsed_secs=9921, mean=0.496825, stdev=0.052809, best fit=0.672800, best_overall=0.672800, mean_diversity=0.277183,
indivs=424316, elapsed_secs=10178, mean=0.508475, stdev=0.068622, best fit=0.672800, best_overall=0.672800, mean_diversity=0.179263,
indivs=434414, elapsed_secs=10430, mean=0.496832, stdev=0.078386, best fit=0.672800, best_overall=0.672800, mean_diversity=0.304349,
indivs=444512, elapsed_secs=10671, mean=0.502647, stdev=0.024696, best fit=0.672800, best_overall=0.672800, mean_diversity=0.281606,
indivs=454610, elapsed_secs=10915, mean=0.506705, stdev=0.066697, best fit=0.672800, best_overall=0.672800, mean_diversity=0.285631,
indivs=464708, elapsed_secs=11153, mean=0.503417, stdev=0.023829, best fit=0.672800, best_overall=0.672800, mean_diversity=0.189118,
indivs=474806, elapsed_secs=11381, mean=0.505433, stdev=0.086703, best fit=0.672800, best_overall=0.672800, mean_diversity=0.180148,
indivs=484904, elapsed_secs=11589, mean=0.486728, stdev=0.119879, best fit=0.672800, best_overall=0.672800, mean_diversity=0.319749,
indivs=495002, elapsed_secs=11818, mean=0.543698, stdev=0.109356, best fit=0.672800, best_overall=0.672800, mean_diversity=0.260745,
indivs=505100, elapsed_secs=12050, mean=0.496959, stdev=0.052822, best fit=0.672800, best_overall=0.672800, mean_diversity=0.371153,
indivs=515198, elapsed_secs=12333, mean=0.586448, stdev=0.117182, best fit=0.672800, best_overall=0.672800, mean_diversity=0.257904,
indivs=525296, elapsed_secs=12557, mean=0.501725, stdev=0.017194, best fit=0.672800, best_overall=0.672800, mean_diversity=0.254898,
indivs=535394, elapsed_secs=12776, mean=0.502304, stdev=0.018084, best fit=0.672800, best_overall=0.672800, mean_diversity=0.393679,
indivs=545492, elapsed_secs=13003, mean=0.505135, stdev=0.029004, best fit=0.672800, best_overall=0.672800, mean_diversity=0.072719,
indivs=555590, elapsed_secs=13238, mean=0.501763, stdev=0.060362, best fit=0.672800, best_overall=0.672800, mean_diversity=0.188010,
indivs=565688, elapsed_secs=13462, mean=0.502430, stdev=0.019502, best fit=0.672800, best_overall=0.672800, mean_diversity=0.248485,
indivs=575786, elapsed_secs=13698, mean=0.501629, stdev=0.017234, best fit=0.672800, best_overall=0.672800, mean_diversity=0.254158,
indivs=585884, elapsed_secs=13967, mean=0.496730, stdev=0.052801, best fit=0.672800, best_overall=0.672800, mean_diversity=0.230458,
indivs=595982, elapsed_secs=14216, mean=0.489979, stdev=0.107682, best fit=0.672800, best_overall=0.672800, mean_diversity=0.236476,
indivs=606080, elapsed_secs=14444, mean=0.495692, stdev=0.053225, best fit=0.672800, best_overall=0.672800, mean_diversity=0.373827,
indivs=616178, elapsed_secs=14715, mean=0.460774, stdev=0.136716, best fit=0.682200, best_overall=0.682200, mean_diversity=0.197154,
indivs=626276, elapsed_secs=14965, mean=0.601307, stdev=0.100850, best fit=0.683900, best_overall=0.683900, mean_diversity=0.181073,
indivs=636374, elapsed_secs=15210, mean=0.487198, stdev=0.146180, best fit=0.683900, best_overall=0.683900, mean_diversity=0.191368,
indivs=646472, elapsed_secs=15477, mean=0.494658, stdev=0.093959, best fit=0.683900, best_overall=0.683900, mean_diversity=0.183211,
indivs=656570, elapsed_secs=15739, mean=0.505103, stdev=0.123661, best fit=0.683900, best_overall=0.683900, mean_diversity=0.302414,
indivs=666668, elapsed_secs=15998, mean=0.593368, stdev=0.121419, best fit=0.683900, best_overall=0.683900, mean_diversity=0.154357,
indivs=676766, elapsed_secs=16239, mean=0.492439, stdev=0.073013, best fit=0.683900, best_overall=0.683900, mean_diversity=0.269316,
indivs=686864, elapsed_secs=16491, mean=0.497703, stdev=0.110131, best fit=0.683900, best_overall=0.683900, mean_diversity=0.232012,
indivs=696962, elapsed_secs=16750, mean=0.549450, stdev=0.084633, best fit=0.683900, best_overall=0.683900, mean_diversity=0.174319,
indivs=707060, elapsed_secs=16998, mean=0.575529, stdev=0.120197, best fit=0.684300, best_overall=0.684300, mean_diversity=0.211894,
indivs=717158, elapsed_secs=17248, mean=0.546774, stdev=0.126719, best fit=0.684500, best_overall=0.684500, mean_diversity=0.155058,
indivs=727256, elapsed_secs=17482, mean=0.496852, stdev=0.053202, best fit=0.684500, best_overall=0.684500, mean_diversity=0.133724,
indivs=737354, elapsed_secs=17713, mean=0.544591, stdev=0.096832, best fit=0.684500, best_overall=0.684500, mean_diversity=0.358495,
indivs=747452, elapsed_secs=17968, mean=0.520596, stdev=0.078486, best fit=0.684500, best_overall=0.684500, mean_diversity=0.381293,
indivs=757550, elapsed_secs=18218, mean=0.577782, stdev=0.145072, best fit=0.684500, best_overall=0.684500, mean_diversity=0.163289,
indivs=767648, elapsed_secs=18463, mean=0.504797, stdev=0.064672, best fit=0.684600, best_overall=0.684600, mean_diversity=0.095112,
indivs=777746, elapsed_secs=18711, mean=0.596285, stdev=0.118422, best fit=0.684600, best_overall=0.684600, mean_diversity=0.190977,
indivs=787844, elapsed_secs=18945, mean=0.510911, stdev=0.043515, best fit=0.684600, best_overall=0.684600, mean_diversity=0.161668,
indivs=797942, elapsed_secs=19193, mean=0.556307, stdev=0.143675, best fit=0.684600, best_overall=0.684600, mean_diversity=0.216114,
indivs=808040, elapsed_secs=19428, mean=0.479731, stdev=0.106107, best fit=0.684800, best_overall=0.684800, mean_diversity=0.133623,
indivs=818138, elapsed_secs=19686, mean=0.543909, stdev=0.077166, best fit=0.685200, best_overall=0.685200, mean_diversity=0.233162,
indivs=828236, elapsed_secs=19949, mean=0.501852, stdev=0.018427, best fit=0.685200, best_overall=0.685200, mean_diversity=0.064989,
indivs=838334, elapsed_secs=20206, mean=0.487443, stdev=0.155645, best fit=0.685200, best_overall=0.685200, mean_diversity=0.278667,
indivs=848432, elapsed_secs=20450, mean=0.548413, stdev=0.078196, best fit=0.685200, best_overall=0.685200, mean_diversity=0.313617,
indivs=858530, elapsed_secs=20706, mean=0.454438, stdev=0.157564, best fit=0.685200, best_overall=0.685200, mean_diversity=0.160594,
indivs=868628, elapsed_secs=20952, mean=0.502076, stdev=0.166089, best fit=0.685200, best_overall=0.685200, mean_diversity=0.253177,
indivs=878726, elapsed_secs=21184, mean=0.523350, stdev=0.141310, best fit=0.695300, best_overall=0.695300, mean_diversity=0.167508,
indivs=888824, elapsed_secs=21402, mean=0.496050, stdev=0.132953, best fit=0.695600, best_overall=0.695600, mean_diversity=0.262168,
indivs=898922, elapsed_secs=21620, mean=0.589736, stdev=0.200723, best fit=0.695700, best_overall=0.695700, mean_diversity=0.093082,
indivs=909020, elapsed_secs=21844, mean=0.600264, stdev=0.156359, best fit=0.697000, best_overall=0.697000, mean_diversity=0.082296,
indivs=919118, elapsed_secs=22051, mean=0.502974, stdev=0.120542, best fit=0.697100, best_overall=0.697100, mean_diversity=0.186721,
indivs=929216, elapsed_secs=22266, mean=0.530286, stdev=0.146473, best fit=0.697100, best_overall=0.697100, mean_diversity=0.408356,
indivs=939314, elapsed_secs=22471, mean=0.482067, stdev=0.181774, best fit=0.697400, best_overall=0.697400, mean_diversity=0.400780,
indivs=949412, elapsed_secs=22697, mean=0.506612, stdev=0.198953, best fit=0.697400, best_overall=0.697400, mean_diversity=0.203358,
indivs=959510, elapsed_secs=22916, mean=0.549509, stdev=0.157873, best fit=0.697400, best_overall=0.697400, mean_diversity=0.161483,
indivs=969608, elapsed_secs=23122, mean=0.461910, stdev=0.139659, best fit=0.697400, best_overall=0.697400, mean_diversity=0.137833,
indivs=979706, elapsed_secs=23344, mean=0.476974, stdev=0.111173, best fit=0.697400, best_overall=0.697400, mean_diversity=0.118359,
indivs=989804, elapsed_secs=23562, mean=0.585319, stdev=0.158698, best fit=0.697400, best_overall=0.697400, mean_diversity=0.121763,
indivs=999902, elapsed_secs=23781, mean=0.495813, stdev=0.054122, best fit=0.697400, best_overall=0.697400, mean_diversity=0.133995,
indivs=1010000, elapsed_secs=24003, mean=0.566251, stdev=0.169898, best fit=0.697400, best_overall=0.697400, mean_diversity=0.217967,
indivs=1020098, elapsed_secs=24215, mean=0.550660, stdev=0.162348, best fit=0.697400, best_overall=0.697400, mean_diversity=0.204559,
indivs=1030196, elapsed_secs=24449, mean=0.487015, stdev=0.163113, best fit=0.697400, best_overall=0.697400, mean_diversity=0.267517,
indivs=1040294, elapsed_secs=24668, mean=0.563546, stdev=0.153716, best fit=0.697400, best_overall=0.697400, mean_diversity=0.124433,
indivs=1050392, elapsed_secs=24892, mean=0.571470, stdev=0.134555, best fit=0.697400, best_overall=0.697400, mean_diversity=0.194322,
indivs=1060490, elapsed_secs=25105, mean=0.465974, stdev=0.129738, best fit=0.697400, best_overall=0.697400, mean_diversity=0.070615,
indivs=1070588, elapsed_secs=25322, mean=0.590922, stdev=0.131650, best fit=0.697400, best_overall=0.697400, mean_diversity=0.092649,
indivs=1080686, elapsed_secs=25547, mean=0.556596, stdev=0.175302, best fit=0.697400, best_overall=0.697400, mean_diversity=0.159191,
indivs=1090784, elapsed_secs=25774, mean=0.532818, stdev=0.171126, best fit=0.697400, best_overall=0.697400, mean_diversity=0.277585,
indivs=1100882, elapsed_secs=25993, mean=0.435293, stdev=0.168334, best fit=0.697400, best_overall=0.697400, mean_diversity=0.162181,
indivs=1110980, elapsed_secs=26196, mean=0.515242, stdev=0.174648, best fit=0.697400, best_overall=0.697400, mean_diversity=0.382449,
indivs=1121078, elapsed_secs=26416, mean=0.572947, stdev=0.149550, best fit=0.697400, best_overall=0.697400, mean_diversity=0.256460,
indivs=1131176, elapsed_secs=26632, mean=0.568285, stdev=0.206019, best fit=0.697400, best_overall=0.697400, mean_diversity=0.115755,
indivs=1141274, elapsed_secs=26859, mean=0.496591, stdev=0.115619, best fit=0.697800, best_overall=0.697800, mean_diversity=0.197656,
indivs=1151372, elapsed_secs=27071, mean=0.508951, stdev=0.123668, best fit=0.697800, best_overall=0.697800, mean_diversity=0.252692,
indivs=1161470, elapsed_secs=27297, mean=0.609175, stdev=0.113140, best fit=0.697800, best_overall=0.697800, mean_diversity=0.192453,
indivs=1171568, elapsed_secs=27530, mean=0.531599, stdev=0.167663, best fit=0.697800, best_overall=0.697800, mean_diversity=0.219763,
indivs=1181666, elapsed_secs=27765, mean=0.528011, stdev=0.147641, best fit=0.697800, best_overall=0.697800, mean_diversity=0.183546,
indivs=1191764, elapsed_secs=27981, mean=0.518138, stdev=0.129782, best fit=0.697800, best_overall=0.697800, mean_diversity=0.242474,
indivs=1201862, elapsed_secs=28198, mean=0.593277, stdev=0.166116, best fit=0.697800, best_overall=0.697800, mean_diversity=0.184611,
indivs=1211960, elapsed_secs=28418, mean=0.486840, stdev=0.135386, best fit=0.697800, best_overall=0.697800, mean_diversity=0.194664,
indivs=1222058, elapsed_secs=28639, mean=0.566311, stdev=0.191683, best fit=0.697800, best_overall=0.697800, mean_diversity=0.119090,
indivs=1232156, elapsed_secs=28851, mean=0.488606, stdev=0.124018, best fit=0.697800, best_overall=0.697800, mean_diversity=0.210882,
indivs=1242254, elapsed_secs=29053, mean=0.576212, stdev=0.162152, best fit=0.697800, best_overall=0.697800, mean_diversity=0.144581,
indivs=1252352, elapsed_secs=29276, mean=0.579061, stdev=0.126159, best fit=0.697800, best_overall=0.697800, mean_diversity=0.335367,
indivs=1262450, elapsed_secs=29489, mean=0.616231, stdev=0.169072, best fit=0.697800, best_overall=0.697800, mean_diversity=0.106734,
indivs=1272548, elapsed_secs=29696, mean=0.472803, stdev=0.144847, best fit=0.697800, best_overall=0.697800, mean_diversity=0.123938,
indivs=1282646, elapsed_secs=29925, mean=0.503816, stdev=0.134246, best fit=0.697800, best_overall=0.697800, mean_diversity=0.206100,
indivs=1292744, elapsed_secs=30137, mean=0.510775, stdev=0.175533, best fit=0.697800, best_overall=0.697800, mean_diversity=0.315638,
Experiment done. Retrieving candidate algorithm.
Search fitness for candidate algorithm = 0.697800
Evaluating candidate algorithm from experiment (on T_select tasks)... 
Select fitness for candidate algorithm = 0.695700
Select fitness is the best so far. 

Final evaluation of best algorithm (on unseen tasks)...
Final evaluation fitness (on unseen data) = 0.687610
Algorithm found: 
def Setup():
  s3 = gaussian(0.356221, 0.389904)
  v8 = gaussian(0.00201488, 0.857164, n_features)
  v3 = uniform(0.889119, -0.0328898, n_features)
  m1 = uniform(-0.336204, 0.251776, (n_features, n_features))
  m1 = uniform(-0.0623241, 0.58943, (n_features, n_features))
def Predict():
  s1 = dot(v3, v0)
  v3 = v1 + v7
  s3 = s0 + s3
  s3 = s3 + s4
  s4 = s2 + s3
  s4 = s1 + s0
  s4 = s3 + s3
  v2 = v4 + v1
  s4 = s3 + s1
  v1 = v2 + v6
def Learn():
  s4 = s0 - s1
  v8 = v8 * v3
  s3 = s2 - s3
  s2 = s1 * s2
  s1 = s4 + s0
  s3 = s0 * s3
  s1 = s4 + s3
  v8 = v4 + v5
  s4 = s0 + s1
  m0 = m1 + m0
  s4 = s0 * s4
  s2 = s2 * s4
  v4 = s1 * v0
  s4 = s4 - s3
  s3 = s1 - s1
  s2 = s4 - s0
  v3 = s0 * v6
  s1 = s3 * s2
  v6 = v6 + v8
  s1 = s4 - s0

