Random seed = 676344122
/p/work/rditljtd/automl_zero/baseline_qd.db3
evol_id:55458
SQLite Version: 3.4.0

Creating database for run.
/p/work/rditljtd/automl_zero/baseline_qd.db3
Running evolution experiment (on the T_search tasks)...
indivs=200, elapsed_secs=0, mean=0.500000, stdev=0.000000, best fit=0.500000, best_overall=0.500000, mean_diversity=0.000000,
indivs=10298, elapsed_secs=128, mean=0.500331, stdev=0.005637, best fit=0.544700, best_overall=0.544700, mean_diversity=0.180979,
indivs=20396, elapsed_secs=247, mean=0.500086, stdev=0.008457, best fit=0.575100, best_overall=0.575100, mean_diversity=0.235093,
indivs=30494, elapsed_secs=360, mean=0.501082, stdev=0.009690, best fit=0.575600, best_overall=0.575600, mean_diversity=0.364000,
indivs=40592, elapsed_secs=492, mean=0.500768, stdev=0.007642, best fit=0.576800, best_overall=0.576800, mean_diversity=0.322222,
indivs=50690, elapsed_secs=624, mean=0.501265, stdev=0.014978, best fit=0.580600, best_overall=0.580600, mean_diversity=0.169537,
indivs=60788, elapsed_secs=742, mean=0.496875, stdev=0.051239, best fit=0.580600, best_overall=0.580600, mean_diversity=0.296580,
indivs=70886, elapsed_secs=867, mean=0.498841, stdev=0.052727, best fit=0.580600, best_overall=0.580600, mean_diversity=0.171417,
indivs=80984, elapsed_secs=975, mean=0.502667, stdev=0.016779, best fit=0.580600, best_overall=0.580600, mean_diversity=0.137278,
indivs=91082, elapsed_secs=1082, mean=0.500257, stdev=0.009884, best fit=0.580600, best_overall=0.580600, mean_diversity=0.280157,
indivs=101180, elapsed_secs=1199, mean=0.496645, stdev=0.051466, best fit=0.591900, best_overall=0.591900, mean_diversity=0.221667,
indivs=111278, elapsed_secs=1297, mean=0.500839, stdev=0.011182, best fit=0.591900, best_overall=0.591900, mean_diversity=0.171864,
indivs=121376, elapsed_secs=1426, mean=0.500750, stdev=0.010273, best fit=0.591900, best_overall=0.591900, mean_diversity=0.199432,
indivs=131474, elapsed_secs=1548, mean=0.501027, stdev=0.009196, best fit=0.591900, best_overall=0.591900, mean_diversity=0.253941,
indivs=141572, elapsed_secs=1676, mean=0.501000, stdev=0.009171, best fit=0.591900, best_overall=0.591900, mean_diversity=0.251771,
indivs=151670, elapsed_secs=1785, mean=0.500715, stdev=0.009275, best fit=0.591900, best_overall=0.591900, mean_diversity=0.111232,
indivs=161768, elapsed_secs=1913, mean=0.496398, stdev=0.051321, best fit=0.591900, best_overall=0.591900, mean_diversity=0.393981,
indivs=171866, elapsed_secs=2038, mean=0.499966, stdev=0.012285, best fit=0.595200, best_overall=0.595200, mean_diversity=0.212198,
indivs=181964, elapsed_secs=2167, mean=0.501027, stdev=0.053547, best fit=0.595200, best_overall=0.595200, mean_diversity=0.196215,
indivs=192062, elapsed_secs=2308, mean=0.499828, stdev=0.017425, best fit=0.595200, best_overall=0.595200, mean_diversity=0.226549,
indivs=202160, elapsed_secs=2410, mean=0.503460, stdev=0.020946, best fit=0.595200, best_overall=0.595200, mean_diversity=0.122213,
indivs=212258, elapsed_secs=2524, mean=0.500991, stdev=0.009804, best fit=0.595200, best_overall=0.595200, mean_diversity=0.152961,
indivs=222356, elapsed_secs=2646, mean=0.500952, stdev=0.009472, best fit=0.595200, best_overall=0.595200, mean_diversity=0.204182,
indivs=232454, elapsed_secs=2765, mean=0.500947, stdev=0.009665, best fit=0.595200, best_overall=0.595200, mean_diversity=0.235531,
indivs=242552, elapsed_secs=2874, mean=0.501400, stdev=0.011991, best fit=0.595200, best_overall=0.595200, mean_diversity=0.544306,
indivs=252650, elapsed_secs=3014, mean=0.500347, stdev=0.011351, best fit=0.595200, best_overall=0.595200, mean_diversity=0.172642,
indivs=262748, elapsed_secs=3137, mean=0.500438, stdev=0.011965, best fit=0.595200, best_overall=0.595200, mean_diversity=0.248199,
indivs=272846, elapsed_secs=3272, mean=0.499613, stdev=0.014001, best fit=0.595200, best_overall=0.595200, mean_diversity=0.272661,
indivs=282944, elapsed_secs=3390, mean=0.501325, stdev=0.009812, best fit=0.595200, best_overall=0.595200, mean_diversity=0.095695,
indivs=293042, elapsed_secs=3525, mean=0.495952, stdev=0.050856, best fit=0.595200, best_overall=0.595200, mean_diversity=0.419848,
indivs=303140, elapsed_secs=3665, mean=0.497698, stdev=0.046730, best fit=0.595200, best_overall=0.595200, mean_diversity=0.218872,
indivs=313238, elapsed_secs=3805, mean=0.497569, stdev=0.052160, best fit=0.595200, best_overall=0.595200, mean_diversity=0.370813,
indivs=323336, elapsed_secs=3908, mean=0.495796, stdev=0.050748, best fit=0.595200, best_overall=0.595200, mean_diversity=0.222257,
indivs=333434, elapsed_secs=4075, mean=0.605963, stdev=0.085115, best fit=0.669100, best_overall=0.669100, mean_diversity=0.237207,
indivs=343532, elapsed_secs=4268, mean=0.612771, stdev=0.080024, best fit=0.669100, best_overall=0.669100, mean_diversity=0.149052,
indivs=353630, elapsed_secs=4490, mean=0.641970, stdev=0.062055, best fit=0.669100, best_overall=0.669100, mean_diversity=0.296889,
indivs=363728, elapsed_secs=4693, mean=0.579376, stdev=0.118007, best fit=0.669200, best_overall=0.669200, mean_diversity=0.127036,
indivs=373826, elapsed_secs=4911, mean=0.586110, stdev=0.117673, best fit=0.669200, best_overall=0.669200, mean_diversity=0.269379,
indivs=383924, elapsed_secs=5100, mean=0.541098, stdev=0.073702, best fit=0.669200, best_overall=0.669200, mean_diversity=0.234753,
indivs=394022, elapsed_secs=5300, mean=0.582169, stdev=0.118332, best fit=0.669200, best_overall=0.669200, mean_diversity=0.135616,
indivs=404120, elapsed_secs=5496, mean=0.525325, stdev=0.060329, best fit=0.669200, best_overall=0.669200, mean_diversity=0.204868,
indivs=414218, elapsed_secs=5663, mean=0.595295, stdev=0.081150, best fit=0.669300, best_overall=0.669300, mean_diversity=0.164712,
indivs=424316, elapsed_secs=5828, mean=0.504241, stdev=0.035026, best fit=0.669300, best_overall=0.669300, mean_diversity=0.205015,
indivs=434414, elapsed_secs=5984, mean=0.602640, stdev=0.118803, best fit=0.669300, best_overall=0.669300, mean_diversity=0.164265,
indivs=444512, elapsed_secs=6136, mean=0.547940, stdev=0.096879, best fit=0.669300, best_overall=0.669300, mean_diversity=0.321479,
indivs=454610, elapsed_secs=6305, mean=0.570239, stdev=0.117450, best fit=0.669300, best_overall=0.669300, mean_diversity=0.294329,
indivs=464708, elapsed_secs=6458, mean=0.528882, stdev=0.066171, best fit=0.669300, best_overall=0.669300, mean_diversity=0.250243,
indivs=474806, elapsed_secs=6640, mean=0.534878, stdev=0.069474, best fit=0.669300, best_overall=0.669300, mean_diversity=0.161919,
indivs=484904, elapsed_secs=6808, mean=0.566985, stdev=0.102122, best fit=0.669300, best_overall=0.669300, mean_diversity=0.398779,
indivs=495002, elapsed_secs=6957, mean=0.573483, stdev=0.102335, best fit=0.669300, best_overall=0.669300, mean_diversity=0.340930,
indivs=505100, elapsed_secs=7123, mean=0.594018, stdev=0.102318, best fit=0.669300, best_overall=0.669300, mean_diversity=0.172082,
indivs=515198, elapsed_secs=7278, mean=0.575029, stdev=0.085449, best fit=0.669300, best_overall=0.669300, mean_diversity=0.314898,
indivs=525296, elapsed_secs=7418, mean=0.601791, stdev=0.097790, best fit=0.669300, best_overall=0.669300, mean_diversity=0.056336,
indivs=535394, elapsed_secs=7571, mean=0.585723, stdev=0.104359, best fit=0.669300, best_overall=0.669300, mean_diversity=0.362735,
indivs=545492, elapsed_secs=7722, mean=0.604364, stdev=0.083821, best fit=0.669300, best_overall=0.669300, mean_diversity=0.165814,
indivs=555590, elapsed_secs=7874, mean=0.502174, stdev=0.076006, best fit=0.669300, best_overall=0.669300, mean_diversity=0.194336,
indivs=565688, elapsed_secs=8023, mean=0.598352, stdev=0.084387, best fit=0.669300, best_overall=0.669300, mean_diversity=0.190443,
indivs=575786, elapsed_secs=8187, mean=0.617396, stdev=0.113361, best fit=0.669300, best_overall=0.669300, mean_diversity=0.132368,
indivs=585884, elapsed_secs=8334, mean=0.621388, stdev=0.094573, best fit=0.669300, best_overall=0.669300, mean_diversity=0.163573,
indivs=595982, elapsed_secs=8496, mean=0.514492, stdev=0.075305, best fit=0.669300, best_overall=0.669300, mean_diversity=0.250250,
indivs=606080, elapsed_secs=8671, mean=0.581565, stdev=0.110579, best fit=0.669300, best_overall=0.669300, mean_diversity=0.068759,
indivs=616178, elapsed_secs=8823, mean=0.591256, stdev=0.083606, best fit=0.669300, best_overall=0.669300, mean_diversity=0.357614,
indivs=626276, elapsed_secs=8965, mean=0.582153, stdev=0.102940, best fit=0.669300, best_overall=0.669300, mean_diversity=0.328761,
indivs=636374, elapsed_secs=9112, mean=0.574381, stdev=0.101866, best fit=0.669300, best_overall=0.669300, mean_diversity=0.192828,
indivs=646472, elapsed_secs=9273, mean=0.533015, stdev=0.116200, best fit=0.669300, best_overall=0.669300, mean_diversity=0.341893,
indivs=656570, elapsed_secs=9414, mean=0.562310, stdev=0.081328, best fit=0.669300, best_overall=0.669300, mean_diversity=0.261424,
indivs=666668, elapsed_secs=9575, mean=0.514404, stdev=0.045822, best fit=0.669300, best_overall=0.669300, mean_diversity=0.228626,
indivs=676766, elapsed_secs=9737, mean=0.496338, stdev=0.059344, best fit=0.669300, best_overall=0.669300, mean_diversity=0.266880,
indivs=686864, elapsed_secs=9909, mean=0.565843, stdev=0.084903, best fit=0.669300, best_overall=0.669300, mean_diversity=0.302817,
indivs=696962, elapsed_secs=10067, mean=0.570869, stdev=0.083406, best fit=0.669300, best_overall=0.669300, mean_diversity=0.364474,
indivs=707060, elapsed_secs=10217, mean=0.537077, stdev=0.077413, best fit=0.669300, best_overall=0.669300, mean_diversity=0.262667,
indivs=717158, elapsed_secs=10374, mean=0.589166, stdev=0.084696, best fit=0.669300, best_overall=0.669300, mean_diversity=0.290110,
indivs=727256, elapsed_secs=10536, mean=0.600783, stdev=0.083132, best fit=0.669300, best_overall=0.669300, mean_diversity=0.152662,
indivs=737354, elapsed_secs=10705, mean=0.498384, stdev=0.055395, best fit=0.669300, best_overall=0.669300, mean_diversity=0.261277,
indivs=747452, elapsed_secs=10854, mean=0.571492, stdev=0.101198, best fit=0.669300, best_overall=0.669300, mean_diversity=0.221429,
indivs=757550, elapsed_secs=11008, mean=0.520605, stdev=0.054841, best fit=0.669300, best_overall=0.669300, mean_diversity=0.268159,
indivs=767648, elapsed_secs=11166, mean=0.504709, stdev=0.035413, best fit=0.669300, best_overall=0.669300, mean_diversity=0.063441,
indivs=777746, elapsed_secs=11344, mean=0.506376, stdev=0.038014, best fit=0.669300, best_overall=0.669300, mean_diversity=0.187066,
indivs=787844, elapsed_secs=11487, mean=0.501689, stdev=0.016846, best fit=0.669300, best_overall=0.669300, mean_diversity=0.057663,
indivs=797942, elapsed_secs=11666, mean=0.568146, stdev=0.084223, best fit=0.669300, best_overall=0.669300, mean_diversity=0.155481,
indivs=808040, elapsed_secs=11810, mean=0.607530, stdev=0.100302, best fit=0.669300, best_overall=0.669300, mean_diversity=0.198955,
indivs=818138, elapsed_secs=11949, mean=0.565216, stdev=0.083191, best fit=0.669300, best_overall=0.669300, mean_diversity=0.424744,
indivs=828236, elapsed_secs=12092, mean=0.530555, stdev=0.068075, best fit=0.669300, best_overall=0.669300, mean_diversity=0.270608,
indivs=838334, elapsed_secs=12241, mean=0.589263, stdev=0.085511, best fit=0.669300, best_overall=0.669300, mean_diversity=0.156213,
indivs=848432, elapsed_secs=12392, mean=0.575964, stdev=0.084061, best fit=0.669300, best_overall=0.669300, mean_diversity=0.206151,
indivs=858530, elapsed_secs=12539, mean=0.580645, stdev=0.102856, best fit=0.669300, best_overall=0.669300, mean_diversity=0.093796,
indivs=868628, elapsed_secs=12688, mean=0.540933, stdev=0.073729, best fit=0.669300, best_overall=0.669300, mean_diversity=0.095025,
indivs=878726, elapsed_secs=12838, mean=0.618936, stdev=0.116143, best fit=0.669300, best_overall=0.669300, mean_diversity=0.063575,
indivs=888824, elapsed_secs=12996, mean=0.583349, stdev=0.101951, best fit=0.669300, best_overall=0.669300, mean_diversity=0.267394,
indivs=898922, elapsed_secs=13154, mean=0.595222, stdev=0.085083, best fit=0.669300, best_overall=0.669300, mean_diversity=0.106093,
indivs=909020, elapsed_secs=13303, mean=0.570649, stdev=0.084006, best fit=0.669300, best_overall=0.669300, mean_diversity=0.140371,
indivs=919118, elapsed_secs=13439, mean=0.505071, stdev=0.028835, best fit=0.669300, best_overall=0.669300, mean_diversity=0.240637,
indivs=929216, elapsed_secs=13603, mean=0.555365, stdev=0.128170, best fit=0.669300, best_overall=0.669300, mean_diversity=0.361582,
indivs=939314, elapsed_secs=13771, mean=0.511786, stdev=0.043094, best fit=0.669300, best_overall=0.669300, mean_diversity=0.149717,
indivs=949412, elapsed_secs=13920, mean=0.605598, stdev=0.096182, best fit=0.669300, best_overall=0.669300, mean_diversity=0.246340,
indivs=959510, elapsed_secs=14067, mean=0.504223, stdev=0.039561, best fit=0.669300, best_overall=0.669300, mean_diversity=0.131028,
indivs=969608, elapsed_secs=14215, mean=0.534766, stdev=0.107417, best fit=0.669300, best_overall=0.669300, mean_diversity=0.132382,
indivs=979706, elapsed_secs=14387, mean=0.612831, stdev=0.097972, best fit=0.669300, best_overall=0.669300, mean_diversity=0.142027,
indivs=989804, elapsed_secs=14532, mean=0.583209, stdev=0.095774, best fit=0.669300, best_overall=0.669300, mean_diversity=0.194102,
indivs=999902, elapsed_secs=14711, mean=0.600702, stdev=0.083836, best fit=0.669300, best_overall=0.669300, mean_diversity=0.181087,
indivs=1010000, elapsed_secs=14876, mean=0.583443, stdev=0.084933, best fit=0.669300, best_overall=0.669300, mean_diversity=0.199016,
indivs=1020098, elapsed_secs=15024, mean=0.584646, stdev=0.084929, best fit=0.669300, best_overall=0.669300, mean_diversity=0.171374,
indivs=1030196, elapsed_secs=15183, mean=0.619231, stdev=0.092038, best fit=0.671800, best_overall=0.671800, mean_diversity=0.145554,
indivs=1040294, elapsed_secs=15333, mean=0.510364, stdev=0.074195, best fit=0.673100, best_overall=0.673100, mean_diversity=0.218710,
indivs=1050392, elapsed_secs=15462, mean=0.513940, stdev=0.045794, best fit=0.673100, best_overall=0.673100, mean_diversity=0.252633,
indivs=1060490, elapsed_secs=15612, mean=0.601211, stdev=0.101034, best fit=0.673100, best_overall=0.673100, mean_diversity=0.331753,
indivs=1070588, elapsed_secs=15759, mean=0.557701, stdev=0.095856, best fit=0.673100, best_overall=0.673100, mean_diversity=0.206150,
indivs=1080686, elapsed_secs=15912, mean=0.592206, stdev=0.165287, best fit=0.673100, best_overall=0.673100, mean_diversity=0.201886,
indivs=1090784, elapsed_secs=16063, mean=0.546546, stdev=0.101241, best fit=0.673100, best_overall=0.673100, mean_diversity=0.381220,
indivs=1100882, elapsed_secs=16201, mean=0.548564, stdev=0.096115, best fit=0.673100, best_overall=0.673100, mean_diversity=0.320611,
indivs=1110980, elapsed_secs=16330, mean=0.523802, stdev=0.116252, best fit=0.673100, best_overall=0.673100, mean_diversity=0.236522,
indivs=1121078, elapsed_secs=16457, mean=0.545357, stdev=0.091033, best fit=0.673100, best_overall=0.673100, mean_diversity=0.181439,
indivs=1131176, elapsed_secs=16589, mean=0.560243, stdev=0.100090, best fit=0.673100, best_overall=0.673100, mean_diversity=0.353733,
indivs=1141274, elapsed_secs=16747, mean=0.575494, stdev=0.101832, best fit=0.673100, best_overall=0.673100, mean_diversity=0.361500,
indivs=1151372, elapsed_secs=16882, mean=0.569367, stdev=0.142626, best fit=0.673100, best_overall=0.673100, mean_diversity=0.158106,
indivs=1161470, elapsed_secs=17042, mean=0.557837, stdev=0.114395, best fit=0.673300, best_overall=0.673300, mean_diversity=0.175200,
indivs=1171568, elapsed_secs=17200, mean=0.600676, stdev=0.099670, best fit=0.673300, best_overall=0.673300, mean_diversity=0.127019,
indivs=1181666, elapsed_secs=17354, mean=0.562765, stdev=0.098825, best fit=0.673300, best_overall=0.673300, mean_diversity=0.146796,
indivs=1191764, elapsed_secs=17505, mean=0.573202, stdev=0.115153, best fit=0.673300, best_overall=0.673300, mean_diversity=0.253931,
indivs=1201862, elapsed_secs=17643, mean=0.539979, stdev=0.191045, best fit=0.673300, best_overall=0.673300, mean_diversity=0.217202,
indivs=1211960, elapsed_secs=17785, mean=0.578166, stdev=0.103070, best fit=0.673300, best_overall=0.673300, mean_diversity=0.109799,
indivs=1222058, elapsed_secs=17918, mean=0.606554, stdev=0.099047, best fit=0.673300, best_overall=0.673300, mean_diversity=0.148472,
indivs=1232156, elapsed_secs=18086, mean=0.526510, stdev=0.062365, best fit=0.673300, best_overall=0.673300, mean_diversity=0.243266,
indivs=1242254, elapsed_secs=18243, mean=0.564605, stdev=0.101456, best fit=0.673300, best_overall=0.673300, mean_diversity=0.176772,
indivs=1252352, elapsed_secs=18400, mean=0.557848, stdev=0.098198, best fit=0.673300, best_overall=0.673300, mean_diversity=0.217359,
Experiment done. Retrieving candidate algorithm.
Search fitness for candidate algorithm = 0.673300
Evaluating candidate algorithm from experiment (on T_select tasks)... 
Select fitness for candidate algorithm = 0.667400
Select fitness is the best so far. 

Final evaluation of best algorithm (on unseen tasks)...
Final evaluation fitness (on unseen data) = 0.664550
Algorithm found: 
def Setup():
  v5 = gaussian(0.701626, 0.40257, n_features)
  v2 = gaussian(0.202517, 0.845306, n_features)
  m1 = gaussian(-0.0991707, 0.766427, (n_features, n_features))
  m0 = uniform(0.467667, -0.195981, (n_features, n_features))
  s4 = gaussian(0.908486, 0.906521)
  s3 = uniform(-0.292426, -0.764809)
def Predict():
  s4 = s0 + s3
  s2 = s1 + s2
  v6 = maximum(v0, v0)
  v2 = maximum(v5, v6)
  s3 = s1 + s1
  v4 = dot(m1, v0)
  v1 = v4 + v1
  s1 = dot(v1, v6)
def Learn():
  v8 = heaviside(v4, 1.0)
  v4 = v7 * v3
  v8 = s0 * v0
  s4 = s1 * s2
  v1 = v8 + v1

