Random seed = 1105998043
/p/work/rditljtd/automl_zero/baseline_qd.db3
evol_id:70157
SQLite Version: 3.45.1

Creating database for run.
/p/work/rditljtd/automl_zero/baseline_qd.db3
Running evolution experiment (on the T_search tasks)...
indivs=200, elapsed_secs=0, mean=0.500000, stdev=0.000000, best fit=0.500000, best_overall=0.500000, mean_diversity=0.000000,
indivs=10298, elapsed_secs=162, mean=0.499587, stdev=0.009295, best fit=0.577700, best_overall=0.577700, mean_diversity=0.182578,
indivs=20396, elapsed_secs=299, mean=0.498193, stdev=0.090960, best fit=0.580400, best_overall=0.580400, mean_diversity=0.088665,
indivs=30494, elapsed_secs=481, mean=0.477130, stdev=0.108922, best fit=0.610500, best_overall=0.610500, mean_diversity=0.088613,
indivs=40592, elapsed_secs=642, mean=0.486243, stdev=0.086232, best fit=0.610500, best_overall=0.610500, mean_diversity=0.220281,
indivs=50690, elapsed_secs=824, mean=0.495504, stdev=0.052453, best fit=0.610500, best_overall=0.610500, mean_diversity=0.232609,
indivs=60788, elapsed_secs=999, mean=0.482692, stdev=0.099433, best fit=0.610500, best_overall=0.610500, mean_diversity=0.284661,
indivs=70886, elapsed_secs=1172, mean=0.485495, stdev=0.086287, best fit=0.610500, best_overall=0.610500, mean_diversity=0.239073,
indivs=80984, elapsed_secs=1326, mean=0.482063, stdev=0.099587, best fit=0.610500, best_overall=0.610500, mean_diversity=0.282831,
indivs=91082, elapsed_secs=1524, mean=0.480706, stdev=0.096710, best fit=0.610500, best_overall=0.610500, mean_diversity=0.170150,
indivs=101180, elapsed_secs=1725, mean=0.537231, stdev=0.168391, best fit=0.672500, best_overall=0.672500, mean_diversity=0.356719,
indivs=111278, elapsed_secs=2018, mean=0.541791, stdev=0.126643, best fit=0.672900, best_overall=0.672900, mean_diversity=0.165060,
indivs=121376, elapsed_secs=2328, mean=0.506268, stdev=0.106006, best fit=0.672900, best_overall=0.672900, mean_diversity=0.163682,
indivs=131474, elapsed_secs=2625, mean=0.555316, stdev=0.148461, best fit=0.672900, best_overall=0.672900, mean_diversity=0.249118,
indivs=141572, elapsed_secs=2914, mean=0.497682, stdev=0.055740, best fit=0.672900, best_overall=0.672900, mean_diversity=0.110174,
indivs=151670, elapsed_secs=3210, mean=0.528878, stdev=0.100733, best fit=0.672900, best_overall=0.672900, mean_diversity=0.340846,
indivs=161768, elapsed_secs=3539, mean=0.479688, stdev=0.151796, best fit=0.672900, best_overall=0.672900, mean_diversity=0.183654,
indivs=171866, elapsed_secs=3844, mean=0.518094, stdev=0.078591, best fit=0.672900, best_overall=0.672900, mean_diversity=0.318867,
indivs=181964, elapsed_secs=4169, mean=0.527403, stdev=0.083311, best fit=0.672900, best_overall=0.672900, mean_diversity=0.266317,
indivs=192062, elapsed_secs=4461, mean=0.513989, stdev=0.073523, best fit=0.672900, best_overall=0.672900, mean_diversity=0.193067,
indivs=202160, elapsed_secs=4761, mean=0.545551, stdev=0.110163, best fit=0.672900, best_overall=0.672900, mean_diversity=0.304576,
indivs=212258, elapsed_secs=5067, mean=0.575858, stdev=0.100042, best fit=0.672900, best_overall=0.672900, mean_diversity=0.259810,
indivs=222356, elapsed_secs=5372, mean=0.505168, stdev=0.104256, best fit=0.672900, best_overall=0.672900, mean_diversity=0.255777,
indivs=232454, elapsed_secs=5656, mean=0.560304, stdev=0.099116, best fit=0.672900, best_overall=0.672900, mean_diversity=0.239778,
indivs=242552, elapsed_secs=5960, mean=0.516915, stdev=0.101871, best fit=0.672900, best_overall=0.672900, mean_diversity=0.111196,
indivs=252650, elapsed_secs=6258, mean=0.566861, stdev=0.125752, best fit=0.672900, best_overall=0.672900, mean_diversity=0.218024,
indivs=262748, elapsed_secs=6556, mean=0.493833, stdev=0.082450, best fit=0.672900, best_overall=0.672900, mean_diversity=0.234101,
indivs=272846, elapsed_secs=6834, mean=0.552408, stdev=0.160735, best fit=0.672900, best_overall=0.672900, mean_diversity=0.318440,
indivs=282944, elapsed_secs=7143, mean=0.509440, stdev=0.037953, best fit=0.672900, best_overall=0.672900, mean_diversity=0.242481,
indivs=293042, elapsed_secs=7456, mean=0.503634, stdev=0.067521, best fit=0.672900, best_overall=0.672900, mean_diversity=0.148182,
indivs=303140, elapsed_secs=7770, mean=0.554691, stdev=0.115012, best fit=0.672900, best_overall=0.672900, mean_diversity=0.203259,
indivs=313238, elapsed_secs=8094, mean=0.560036, stdev=0.166145, best fit=0.672900, best_overall=0.672900, mean_diversity=0.141747,
indivs=323336, elapsed_secs=8379, mean=0.503764, stdev=0.126415, best fit=0.672900, best_overall=0.672900, mean_diversity=0.157075,
indivs=333434, elapsed_secs=8680, mean=0.524245, stdev=0.081981, best fit=0.672900, best_overall=0.672900, mean_diversity=0.505641,
indivs=343532, elapsed_secs=8962, mean=0.519249, stdev=0.081722, best fit=0.672900, best_overall=0.672900, mean_diversity=0.305624,
indivs=353630, elapsed_secs=9266, mean=0.501707, stdev=0.017207, best fit=0.672900, best_overall=0.672900, mean_diversity=0.178091,
indivs=363728, elapsed_secs=9554, mean=0.589175, stdev=0.148289, best fit=0.672900, best_overall=0.672900, mean_diversity=0.073863,
indivs=373826, elapsed_secs=9838, mean=0.503396, stdev=0.129557, best fit=0.672900, best_overall=0.672900, mean_diversity=0.169656,
indivs=383924, elapsed_secs=10122, mean=0.533919, stdev=0.145194, best fit=0.672900, best_overall=0.672900, mean_diversity=0.079876,
indivs=394022, elapsed_secs=10431, mean=0.502325, stdev=0.060554, best fit=0.672900, best_overall=0.672900, mean_diversity=0.100014,
indivs=404120, elapsed_secs=10748, mean=0.532160, stdev=0.104025, best fit=0.672900, best_overall=0.672900, mean_diversity=0.241710,
indivs=414218, elapsed_secs=11039, mean=0.491682, stdev=0.072668, best fit=0.672900, best_overall=0.672900, mean_diversity=0.094473,
indivs=424316, elapsed_secs=11346, mean=0.533499, stdev=0.108371, best fit=0.672900, best_overall=0.672900, mean_diversity=0.207897,
indivs=434414, elapsed_secs=11616, mean=0.525471, stdev=0.160850, best fit=0.672900, best_overall=0.672900, mean_diversity=0.386623,
indivs=444512, elapsed_secs=11922, mean=0.552129, stdev=0.084738, best fit=0.672900, best_overall=0.672900, mean_diversity=0.360053,
indivs=454610, elapsed_secs=12226, mean=0.504637, stdev=0.136574, best fit=0.672900, best_overall=0.672900, mean_diversity=0.284129,
indivs=464708, elapsed_secs=12516, mean=0.577863, stdev=0.135474, best fit=0.672900, best_overall=0.672900, mean_diversity=0.054351,
indivs=474806, elapsed_secs=12811, mean=0.528774, stdev=0.119186, best fit=0.672900, best_overall=0.672900, mean_diversity=0.192114,
indivs=484904, elapsed_secs=13120, mean=0.527423, stdev=0.145294, best fit=0.672900, best_overall=0.672900, mean_diversity=0.233665,
indivs=495002, elapsed_secs=13438, mean=0.486568, stdev=0.104722, best fit=0.672900, best_overall=0.672900, mean_diversity=0.242492,
indivs=505100, elapsed_secs=13747, mean=0.491711, stdev=0.092867, best fit=0.672900, best_overall=0.672900, mean_diversity=0.465636,
indivs=515198, elapsed_secs=13997, mean=0.568786, stdev=0.159098, best fit=0.672900, best_overall=0.672900, mean_diversity=0.187565,
indivs=525296, elapsed_secs=14290, mean=0.547816, stdev=0.117647, best fit=0.672900, best_overall=0.672900, mean_diversity=0.291962,
indivs=535394, elapsed_secs=14601, mean=0.540372, stdev=0.160180, best fit=0.672900, best_overall=0.672900, mean_diversity=0.148112,
indivs=545492, elapsed_secs=14903, mean=0.550958, stdev=0.090081, best fit=0.672900, best_overall=0.672900, mean_diversity=0.273896,
indivs=555590, elapsed_secs=15202, mean=0.541144, stdev=0.192294, best fit=0.672900, best_overall=0.672900, mean_diversity=0.091152,
indivs=565688, elapsed_secs=15511, mean=0.515242, stdev=0.210079, best fit=0.673000, best_overall=0.673000, mean_diversity=0.116884,
indivs=575786, elapsed_secs=15852, mean=0.460588, stdev=0.241250, best fit=0.673000, best_overall=0.673000, mean_diversity=0.287292,
indivs=585884, elapsed_secs=16202, mean=0.526242, stdev=0.156826, best fit=0.673000, best_overall=0.673000, mean_diversity=0.296388,
indivs=595982, elapsed_secs=16540, mean=0.530697, stdev=0.165997, best fit=0.673000, best_overall=0.673000, mean_diversity=0.210993,
indivs=606080, elapsed_secs=16861, mean=0.544455, stdev=0.187422, best fit=0.673000, best_overall=0.673000, mean_diversity=0.108358,
indivs=616178, elapsed_secs=17196, mean=0.519869, stdev=0.190229, best fit=0.673000, best_overall=0.673000, mean_diversity=0.134882,
indivs=626276, elapsed_secs=17536, mean=0.495143, stdev=0.215490, best fit=0.673000, best_overall=0.673000, mean_diversity=0.111526,
indivs=636374, elapsed_secs=17897, mean=0.556609, stdev=0.091038, best fit=0.673000, best_overall=0.673000, mean_diversity=0.171485,
indivs=646472, elapsed_secs=18225, mean=0.496730, stdev=0.052807, best fit=0.673000, best_overall=0.673000, mean_diversity=0.053500,
indivs=656570, elapsed_secs=18572, mean=0.504357, stdev=0.175128, best fit=0.673000, best_overall=0.673000, mean_diversity=0.286505,
indivs=666668, elapsed_secs=18911, mean=0.470390, stdev=0.181463, best fit=0.673000, best_overall=0.673000, mean_diversity=0.183919,
indivs=676766, elapsed_secs=19250, mean=0.491244, stdev=0.145300, best fit=0.673000, best_overall=0.673000, mean_diversity=0.390567,
indivs=686864, elapsed_secs=19596, mean=0.484620, stdev=0.192850, best fit=0.673000, best_overall=0.673000, mean_diversity=0.267011,
indivs=696962, elapsed_secs=19943, mean=0.499192, stdev=0.155794, best fit=0.673000, best_overall=0.673000, mean_diversity=0.188237,
indivs=707060, elapsed_secs=20281, mean=0.477526, stdev=0.168770, best fit=0.673000, best_overall=0.673000, mean_diversity=0.395175,
indivs=717158, elapsed_secs=20620, mean=0.538985, stdev=0.174572, best fit=0.673000, best_overall=0.673000, mean_diversity=0.255719,
indivs=727256, elapsed_secs=20955, mean=0.554182, stdev=0.131441, best fit=0.681000, best_overall=0.681000, mean_diversity=0.306654,
indivs=737354, elapsed_secs=21307, mean=0.552461, stdev=0.210164, best fit=0.683000, best_overall=0.683000, mean_diversity=0.281956,
indivs=747452, elapsed_secs=21645, mean=0.542598, stdev=0.212809, best fit=0.683500, best_overall=0.683500, mean_diversity=0.210584,
indivs=757550, elapsed_secs=21962, mean=0.565140, stdev=0.201248, best fit=0.683500, best_overall=0.683500, mean_diversity=0.168083,
indivs=767648, elapsed_secs=22259, mean=0.523030, stdev=0.234758, best fit=0.683500, best_overall=0.683500, mean_diversity=0.218904,
indivs=777746, elapsed_secs=22596, mean=0.511800, stdev=0.110778, best fit=0.684900, best_overall=0.684900, mean_diversity=0.206476,
indivs=787844, elapsed_secs=22918, mean=0.519451, stdev=0.195490, best fit=0.685100, best_overall=0.685100, mean_diversity=0.236172,
indivs=797942, elapsed_secs=23233, mean=0.507785, stdev=0.147610, best fit=0.685100, best_overall=0.685100, mean_diversity=0.206248,
indivs=808040, elapsed_secs=23559, mean=0.489832, stdev=0.160434, best fit=0.685100, best_overall=0.685100, mean_diversity=0.129211,
indivs=818138, elapsed_secs=23896, mean=0.499399, stdev=0.063263, best fit=0.685100, best_overall=0.685100, mean_diversity=0.151416,
indivs=828236, elapsed_secs=24211, mean=0.494167, stdev=0.126171, best fit=0.685100, best_overall=0.685100, mean_diversity=0.257727,
indivs=838334, elapsed_secs=24551, mean=0.502795, stdev=0.085621, best fit=0.685100, best_overall=0.685100, mean_diversity=0.144096,
indivs=848432, elapsed_secs=24874, mean=0.500584, stdev=0.200936, best fit=0.685100, best_overall=0.685100, mean_diversity=0.566743,
indivs=858530, elapsed_secs=25186, mean=0.496678, stdev=0.055051, best fit=0.685100, best_overall=0.685100, mean_diversity=0.203241,
indivs=868628, elapsed_secs=25512, mean=0.527363, stdev=0.212613, best fit=0.685100, best_overall=0.685100, mean_diversity=0.226963,
indivs=878726, elapsed_secs=25810, mean=0.504769, stdev=0.198602, best fit=0.685100, best_overall=0.685100, mean_diversity=0.192352,
indivs=888824, elapsed_secs=26129, mean=0.505564, stdev=0.196269, best fit=0.685100, best_overall=0.685100, mean_diversity=0.438110,
indivs=898922, elapsed_secs=26434, mean=0.589582, stdev=0.195928, best fit=0.685100, best_overall=0.685100, mean_diversity=0.084481,
indivs=909020, elapsed_secs=26757, mean=0.516980, stdev=0.161049, best fit=0.685100, best_overall=0.685100, mean_diversity=0.240279,
indivs=919118, elapsed_secs=27074, mean=0.521635, stdev=0.161738, best fit=0.685100, best_overall=0.685100, mean_diversity=0.224532,
indivs=929216, elapsed_secs=27377, mean=0.555345, stdev=0.151115, best fit=0.685200, best_overall=0.685200, mean_diversity=0.416850,
indivs=939314, elapsed_secs=27682, mean=0.626891, stdev=0.109502, best fit=0.685200, best_overall=0.685200, mean_diversity=0.125666,
indivs=949412, elapsed_secs=27992, mean=0.542566, stdev=0.223110, best fit=0.685200, best_overall=0.685200, mean_diversity=0.089719,
indivs=959510, elapsed_secs=28319, mean=0.503714, stdev=0.133245, best fit=0.685200, best_overall=0.685200, mean_diversity=0.245593,
indivs=969608, elapsed_secs=28634, mean=0.506875, stdev=0.201141, best fit=0.685200, best_overall=0.685200, mean_diversity=0.339006,
indivs=979706, elapsed_secs=28948, mean=0.521860, stdev=0.141624, best fit=0.685200, best_overall=0.685200, mean_diversity=0.307927,
indivs=989804, elapsed_secs=29254, mean=0.575685, stdev=0.135287, best fit=0.685300, best_overall=0.685300, mean_diversity=0.407994,
indivs=999902, elapsed_secs=29579, mean=0.559274, stdev=0.186305, best fit=0.685300, best_overall=0.685300, mean_diversity=0.182434,
indivs=1010000, elapsed_secs=29912, mean=0.566659, stdev=0.216232, best fit=0.685500, best_overall=0.685500, mean_diversity=0.067540,
indivs=1020098, elapsed_secs=30217, mean=0.486420, stdev=0.177091, best fit=0.685500, best_overall=0.685500, mean_diversity=0.217193,
indivs=1030196, elapsed_secs=30528, mean=0.528260, stdev=0.242709, best fit=0.685500, best_overall=0.685500, mean_diversity=0.133050,
indivs=1040294, elapsed_secs=30851, mean=0.501864, stdev=0.018456, best fit=0.685500, best_overall=0.685500, mean_diversity=0.175132,
indivs=1050392, elapsed_secs=31154, mean=0.491855, stdev=0.072648, best fit=0.685500, best_overall=0.685500, mean_diversity=0.080193,
indivs=1060490, elapsed_secs=31473, mean=0.594366, stdev=0.178527, best fit=0.685500, best_overall=0.685500, mean_diversity=0.089786,
indivs=1070588, elapsed_secs=31805, mean=0.491351, stdev=0.271992, best fit=0.685500, best_overall=0.685500, mean_diversity=0.084957,
indivs=1080686, elapsed_secs=32139, mean=0.500574, stdev=0.081636, best fit=0.685500, best_overall=0.685500, mean_diversity=0.256081,
indivs=1090784, elapsed_secs=32457, mean=0.522066, stdev=0.143636, best fit=0.685500, best_overall=0.685500, mean_diversity=0.414489,
indivs=1100882, elapsed_secs=32773, mean=0.514210, stdev=0.196266, best fit=0.685500, best_overall=0.685500, mean_diversity=0.155000,
indivs=1110980, elapsed_secs=33095, mean=0.494075, stdev=0.165406, best fit=0.685500, best_overall=0.685500, mean_diversity=0.226407,
indivs=1121078, elapsed_secs=33421, mean=0.513741, stdev=0.230201, best fit=0.685500, best_overall=0.685500, mean_diversity=0.199628,
indivs=1131176, elapsed_secs=33743, mean=0.604375, stdev=0.140749, best fit=0.685500, best_overall=0.685500, mean_diversity=0.079839,
indivs=1141274, elapsed_secs=34052, mean=0.586946, stdev=0.147941, best fit=0.685500, best_overall=0.685500, mean_diversity=0.175297,
indivs=1151372, elapsed_secs=34354, mean=0.557319, stdev=0.232417, best fit=0.685500, best_overall=0.685500, mean_diversity=0.112283,
indivs=1161470, elapsed_secs=34675, mean=0.510416, stdev=0.071686, best fit=0.685500, best_overall=0.685500, mean_diversity=0.147580,
indivs=1171568, elapsed_secs=34985, mean=0.466839, stdev=0.110140, best fit=0.685500, best_overall=0.685500, mean_diversity=0.258329,
indivs=1181666, elapsed_secs=35296, mean=0.545210, stdev=0.244708, best fit=0.685500, best_overall=0.685500, mean_diversity=0.089060,
indivs=1191764, elapsed_secs=35599, mean=0.501185, stdev=0.062554, best fit=0.685500, best_overall=0.685500, mean_diversity=0.263427,
indivs=1201862, elapsed_secs=35913, mean=0.506607, stdev=0.147536, best fit=0.685500, best_overall=0.685500, mean_diversity=0.294531,
indivs=1211960, elapsed_secs=36231, mean=0.491313, stdev=0.124032, best fit=0.685500, best_overall=0.685500, mean_diversity=0.227691,
indivs=1222058, elapsed_secs=36533, mean=0.588856, stdev=0.158805, best fit=0.685500, best_overall=0.685500, mean_diversity=0.132708,
indivs=1232156, elapsed_secs=36832, mean=0.501717, stdev=0.018950, best fit=0.685500, best_overall=0.685500, mean_diversity=0.078112,
indivs=1242254, elapsed_secs=37147, mean=0.565232, stdev=0.225539, best fit=0.685500, best_overall=0.685500, mean_diversity=0.068105,
indivs=1252352, elapsed_secs=37456, mean=0.499455, stdev=0.100570, best fit=0.685500, best_overall=0.685500, mean_diversity=0.088674,
indivs=1262450, elapsed_secs=37780, mean=0.505717, stdev=0.158434, best fit=0.685500, best_overall=0.685500, mean_diversity=0.237500,
indivs=1272548, elapsed_secs=38093, mean=0.508707, stdev=0.270051, best fit=0.685500, best_overall=0.685500, mean_diversity=0.056161,
indivs=1282646, elapsed_secs=38415, mean=0.540551, stdev=0.227611, best fit=0.685500, best_overall=0.685500, mean_diversity=0.167659,
indivs=1292744, elapsed_secs=38731, mean=0.535125, stdev=0.216701, best fit=0.685500, best_overall=0.685500, mean_diversity=0.316087,
indivs=1302842, elapsed_secs=39053, mean=0.574938, stdev=0.234292, best fit=0.685500, best_overall=0.685500, mean_diversity=0.108787,
indivs=1312940, elapsed_secs=39380, mean=0.522178, stdev=0.232486, best fit=0.685500, best_overall=0.685500, mean_diversity=0.228378,
indivs=1323038, elapsed_secs=39694, mean=0.543342, stdev=0.214314, best fit=0.685500, best_overall=0.685500, mean_diversity=0.265679,
indivs=1333136, elapsed_secs=40010, mean=0.511232, stdev=0.243238, best fit=0.685500, best_overall=0.685500, mean_diversity=0.107217,
Experiment done. Retrieving candidate algorithm.
Search fitness for candidate algorithm = 0.685500
Evaluating candidate algorithm from experiment (on T_select tasks)... 
Select fitness for candidate algorithm = 0.681300
Select fitness is the best so far. 

Final evaluation of best algorithm (on unseen tasks)...
Final evaluation fitness (on unseen data) = 0.675060
Algorithm found: 
def Setup():
  s3 = uniform(0.747599, -0.240003)
  v2 = uniform(-0.735259, -0.872425, n_features)
  v1 = gaussian(-0.779899, 0.525485, n_features)
  s3 = uniform(-0.600295, 0.507613)
  s2 = gaussian(-0.347293, 0.0281565)
def Predict():
  s1 = s0 + s1
  s4 = s4 + s2
  v8 = v5 + v8
  v5 = v4 + v5
  s1 = s1 + s3
  s1 = dot(v8, v0)
  s3 = dot(v5, v4)
  s4 = dot(v6, v7)
  v6 = dot(m0, v6)
def Learn():
  v4 = v2 + v1
  s3 = s4 - s0
  v1 = v4 + v2
  m0 = outer(v0, v4)
  s2 = s2 * s1
  v6 = v1 + v0
  s1 = s2 * s0
  s2 = s1 - s1
  m0 = outer(v4, v1)
  v2 = s1 * v6
  s4 = s1 - s3
  m0 = outer(v7, v3)
  s3 = s3 * s0
  s1 = s1 + s1
  m1 = m0 + m0
  v2 = s4 * v0
  s2 = s4 * s3
  v8 = v8 + v6
  v3 = v8 + v0
  v8 = v8 + v0
  s4 = s0 * s1
  v3 = heaviside(v1, 1.0)

